
  [90;1m.[39;22m[90;1m.[39;22m[90;1m.[39;22m[90;1m.[39;22m[90;1m.[39;22m[90;1m.[39;22m[90;1m.[39;22m[90;1m.[39;22m[90;1m.[39;22m[90;1m.[39;22m[90;1m.[39;22m[90;1m.[39;22m[90;1m.[39;22m[90;1m.[39;22m[90;1m.[39;22m[90;1m.[39;22m[90;1m.[39;22m[90;1m.[39;22m[90;1m.[39;22m[90;1m.[39;22m[90;1m.[39;22m[90;1m.[39;22m[90;1m.[39;22m[90;1m.[39;22m[90;1m.[39;22m[90;1m.[39;22m[90;1m.[39;22m[90;1m.[39;22m[90;1m.[39;22m[90;1m.[39;22m[90;1m.[39;22m[90;1m.[39;22m[90;1m.[39;22m[90;1m.[39;22m[90;1m.[39;22m[90;1m.[39;22m[90;1m.[39;22m[90;1m.[39;22m[90;1m.[39;22m[90;1m.[39;22m[90;1m.[39;22m[90;1m.[39;22m[90;1m.[39;22m[90;1m.[39;22m[90;1m.[39;22m[90;1m.[39;22m[90;1m.[39;22m[90;1m.[39;22m[90;1m.[39;22m[90;1m.[39;22m[90;1m.[39;22m[90;1m.[39;22m[31;1m⨯[39;22m[31;1m⨯[39;22m[90;1m.[39;22m[90;1m.[39;22m[90;1m.[39;22m[90;1m.[39;22m[90;1m.[39;22m[90;1m.[39;22m[90;1m.[39;22m[90;1m.[39;22m[90;1m.[39;22m[90;1m.[39;22m[90;1m.[39;22m[90;1m.[39;22m[90;1m.[39;22m[90;1m.[39;22m[90;1m.[39;22m[90;1m.[39;22m[90;1m.[39;22m[90;1m.[39;22m[90;1m.[39;22m[90;1m.[39;22m[90;1m.[39;22m[90;1m.[39;22m
  [90;1m.[39;22m[90;1m.[39;22m[90;1m.[39;22m[90;1m.[39;22m[90;1m.[39;22m[90;1m.[39;22m[90;1m.[39;22m[90;1m.[39;22m[90;1m.[39;22m[90;1m.[39;22m[90;1m.[39;22m[90;1m.[39;22m[90;1m.[39;22m[90;1m.[39;22m[90;1m.[39;22m[90;1m.[39;22m[90;1m.[39;22m[31;1m⨯[39;22m[31;1m⨯[39;22m[31;1m⨯[39;22m[90;1m.[39;22m[90;1m.[39;22m[90;1m.[39;22m[90;1m.[39;22m[90;1m.[39;22m[90;1m.[39;22m[90;1m.[39;22m[90;1m.[39;22m[90;1m.[39;22m[90;1m.[39;22m[90;1m.[39;22m[31;1m⨯[39;22m[31;1m⨯[39;22m[90;1m.[39;22m[90;1m.[39;22m[90;1m.[39;22m[90;1m.[39;22m[90;1m.[39;22m[90;1m.[39;22m[90;1m.[39;22m[31;1m⨯[39;22m[90;1m.[39;22m[90;1m.[39;22m[90;1m.[39;22m[90;1m.[39;22m[31;1m⨯[39;22m[90;1m.[39;22m[90;1m.[39;22m[90;1m.[39;22m[90;1m.[39;22m[90;1m.[39;22m[90;1m.[39;22m[90;1m.[39;22m[90;1m.[39;22m[90;1m.[39;22m[90;1m.[39;22m[90;1m.[39;22m[90;1m.[39;22m[90;1m.[39;22m[90;1m.[39;22m[90;1m.[39;22m[90;1m.[39;22m[90;1m.[39;22m[90;1m.[39;22m[90;1m.[39;22m[90;1m.[39;22m[31;1m⨯[39;22m[31;1m⨯[39;22m[90;1m.[39;22m[90;1m.[39;22m[90;1m.[39;22m[90;1m.[39;22m[90;1m.[39;22m[90;1m.[39;22m[90;1m.[39;22m[90;1m.[39;22m
  [90;1m.[39;22m[90;1m.[39;22m[90;1m.[39;22m[90;1m.[39;22m[90;1m.[39;22m[90;1m.[39;22m[31;1m⨯[39;22m[33;1ms[39;22m[33;1ms[39;22m[33;1ms[39;22m[90;1m.[39;22m[33;1ms[39;22m[33;1ms[39;22m[33;1ms[39;22m[33;1ms[39;22m[33;1ms[39;22m[31;1m⨯[39;22m[90;1m.[39;22m[31;1m⨯[39;22m[90;1m.[39;22m[31;1m⨯[39;22m[90;1m.[39;22m[90;1m.[39;22m[31;1m⨯[39;22m[31;1m⨯[39;22m[31;1m⨯[39;22m[31;1m⨯[39;22m[90;1m.[39;22m[90;1m.[39;22m[90;1m.[39;22m[90;1m.[39;22m[90;1m.[39;22m[90;1m.[39;22m[90;1m.[39;22m[31;1m⨯[39;22m[90;1m.[39;22m[90;1m.[39;22m[90;1m.[39;22m[90;1m.[39;22m[90;1m.[39;22m[90;1m.[39;22m[90;1m.[39;22m[90;1m.[39;22m[90;1m.[39;22m[90;1m.[39;22m[90;1m.[39;22m[90;1m.[39;22m[90;1m.[39;22m[90;1m.[39;22m[90;1m.[39;22m[90;1m.[39;22m[90;1m.[39;22m[90;1m.[39;22m[90;1m.[39;22m[90;1m.[39;22m[90;1m.[39;22m[90;1m.[39;22m[90;1m.[39;22m[90;1m.[39;22m[90;1m.[39;22m[31;1m⨯[39;22m[31;1m⨯[39;22m[31;1m⨯[39;22m[31;1m⨯[39;22m[90;1m.[39;22m[90;1m.[39;22m[90;1m.[39;22m[90;1m.[39;22m[90;1m.[39;22m[90;1m.[39;22m[90;1m.[39;22m[90;1m.[39;22m[31;1m⨯[39;22m[90;1m.[39;22m[90;1m.[39;22m[90;1m.[39;22m
  [90;1m.[39;22m[90;1m.[39;22m[90;1m.[39;22m[90;1m.[39;22m[90;1m.[39;22m[90;1m.[39;22m[90;1m.[39;22m[90;1m.[39;22m[90;1m.[39;22m[31;1m⨯[39;22m[90;1m.[39;22m[90;1m.[39;22m[90;1m.[39;22m[90;1m.[39;22m[90;1m.[39;22m[90;1m.[39;22m[90;1m.[39;22m[90;1m.[39;22m[90;1m.[39;22m[90;1m.[39;22m[90;1m.[39;22m[90;1m.[39;22m[90;1m.[39;22m[90;1m.[39;22m[31;1m⨯[39;22m[31;1m⨯[39;22m[31;1m⨯[39;22m[31;1m⨯[39;22m[90;1m.[39;22m[90;1m.[39;22m[90;1m.[39;22m[90;1m.[39;22m[90;1m.[39;22m[90;1m.[39;22m[90;1m.[39;22m[31;1m⨯[39;22m[90;1m.[39;22m[90;1m.[39;22m[90;1m.[39;22m[90;1m.[39;22m[90;1m.[39;22m[31;1m⨯[39;22m[90;1m.[39;22m[90;1m.[39;22m[90;1m.[39;22m[90;1m.[39;22m[90;1m.[39;22m[90;1m.[39;22m[90;1m.[39;22m[90;1m.[39;22m[90;1m.[39;22m[31;1m⨯[39;22m[90;1m.[39;22m[90;1m.[39;22m[90;1m.[39;22m[90;1m.[39;22m[90;1m.[39;22m[90;1m.[39;22m[90;1m.[39;22m[90;1m.[39;22m[90;1m.[39;22m[90;1m.[39;22m[90;1m.[39;22m[90;1m.[39;22m[90;1m.[39;22m[90;1m.[39;22m[90;1m.[39;22m[90;1m.[39;22m[90;1m.[39;22m[90;1m.[39;22m[90;1m.[39;22m[90;1m.[39;22m[90;1m.[39;22m[90;1m.[39;22m[90;1m.[39;22m[90;1m.[39;22m
  [90;1m.[39;22m[90;1m.[39;22m[90;1m.[39;22m[90;1m.[39;22m[90;1m.[39;22m[31;1m⨯[39;22m[90;1m.[39;22m[90;1m.[39;22m[90;1m.[39;22m[90;1m.[39;22m[90;1m.[39;22m[90;1m.[39;22m[90;1m.[39;22m[90;1m.[39;22m[90;1m.[39;22m[90;1m.[39;22m[90;1m.[39;22m[90;1m.[39;22m[90;1m.[39;22m[90;1m.[39;22m[90;1m.[39;22m[90;1m.[39;22m[31;1m⨯[39;22m[90;1m.[39;22m[90;1m.[39;22m[90;1m.[39;22m[90;1m.[39;22m[90;1m.[39;22m[90;1m.[39;22m[90;1m.[39;22m[90;1m.[39;22m[90;1m.[39;22m[31;1m⨯[39;22m[90;1m.[39;22m[90;1m.[39;22m[90;1m.[39;22m[90;1m.[39;22m[90;1m.[39;22m[90;1m.[39;22m[90;1m.[39;22m[90;1m.[39;22m[90;1m.[39;22m[90;1m.[39;22m[90;1m.[39;22m[90;1m.[39;22m[90;1m.[39;22m[90;1m.[39;22m[90;1m.[39;22m[90;1m.[39;22m[90;1m.[39;22m[90;1m.[39;22m[90;1m.[39;22m[90;1m.[39;22m[90;1m.[39;22m[90;1m.[39;22m[90;1m.[39;22m[90;1m.[39;22m[31;1m⨯[39;22m[90;1m.[39;22m[31;1m⨯[39;22m[31;1m⨯[39;22m[31;1m⨯[39;22m[90;1m.[39;22m[90;1m.[39;22m[90;1m.[39;22m[31;1m⨯[39;22m
  [31m────────────────────────────────────────────────────────────────────────────[39m  
  [41;1m FAILED [49;22m [1mTests\Feature\V3ContextEngineSecurityTest[22m [90m>[39m it Test 2…  [41;1m Exception [49;22m  
[39;1m  failed user id[39;22m

  at [32mapp/Auth/ContextManager.php[39m:[32m177[39m
    173▕         }
    174▕ 
    175▕         // 5. Assignment.user_id === authenticated user.id.
    176▕         if ($assignment->user_id !== $user->id) {
  ➜ 177▕             throw new \Exception('failed user id');
    178▕         }
    179▕ 
    180▕         // 6. Assignment.estate_id === selected estate.id. (Implicit in Eloquent model if we check $assignment->estate)
    181▕         if (! $assignment->estate) {

  [33m1   [39m[39;1mapp/Auth/ContextManager.php[39;22m:[39;1m177[39;22m
  [33m2   [39m[39;1mapp/Auth/ContextManager.php[39;22m:[39;1m55[39;22m

  [31m────────────────────────────────────────────────────────────────────────────[39m  
  [41;1m FAILED [49;22m [1mTests\Feature\V3ContextEngineSecurityTest[22m [90m>[39m it Test 8…  [41;1m Exception [49;22m  
[39;1m  failed assignment null[39;22m

  at [32mapp/Auth/ContextManager.php[39m:[32m166[39m
    162▕ 
    163▕     private function isValid(?AdministrativeAssignment $assignment, User $user): bool
    164▕     {
    165▕         if (! $assignment) {
  ➜ 166▕             throw new \Exception('failed assignment null');
    167▕         }
    168▕ 
    169▕         // 3. AdministrativeAssignment exists (checked above)
    170▕         // 4. AdministrativeAssignment is active.

  [33m1   [39m[39;1mapp/Auth/ContextManager.php[39;22m:[39;1m166[39;22m
  [33m2   [39m[39;1mapp/Auth/ContextManager.php[39;22m:[39;1m55[39;22m

  [31m────────────────────────────────────────────────────────────────────────────[39m  
  [41;1m FAILED [49;22m [1mTests\Feature\ZoneScopeTest[22m [90m>[39m it Test 6 — Invalid cont… [41;1m Exception [49;22m  
[39;1m  failed active[39;22m

  at [32mapp/Auth/ContextManager.php[39m:[32m172[39m
    168▕ 
    169▕         // 3. AdministrativeAssignment exists (checked above)
    170▕         // 4. AdministrativeAssignment is active.
    171▕         if (! $assignment->is_active) {
  ➜ 172▕             throw new \Exception('failed active');
    173▕         }
    174▕ 
    175▕         // 5. Assignment.user_id === authenticated user.id.
    176▕         if ($assignment->user_id !== $user->id) {

  [33m1   [39m[39;1mapp/Auth/ContextManager.php[39;22m:[39;1m172[39;22m
  [33m2   [39m[39;1mapp/Auth/ContextManager.php[39;22m:[39;1m55[39;22m

  [31m────────────────────────────────────────────────────────────────────────────[39m  
  [41;1m FAILED [49;22m [1mTests\Feature\ResidentBillingTest[22m [90m>[39m collection no… [41;1m QueryException [49;22m  
[39;1m  SQLSTATE[HY000]: General error: 1 table estate_users_membership has no column named property_id (Connection: sqlite, Database: :memory:, SQL: insert into "estate_users_membership" ("created_at", "estate_id", "property_id", "property_owner_id", "status", "updated_at", "user_id") values (2026-08-11 16:47:27, 1, 1, 1, accepted, 2026-08-11 16:47:27, 2))[39;22m

  at [32mvendor/laravel/framework/src/Illuminate/Database/Connection.php[39m:[32m578[39m
    574▕             if ($this->pretending()) {
    575▕                 return true;
    576▕             }
    577▕ 
  ➜ 578▕             $statement = $this->getPdo()->prepare($query);
    579▕ 
    580▕             $this->bindValues($statement, $this->prepareBindings($bindings));
    581▕ 
    582▕             $this->recordsHaveBeenModified();

      [2m+7 vendor frames [22m
  [33m8   [39m[39;1mtests/Feature/ResidentBillingTest.php[39;22m:[39;1m331[39;22m

  [31m────────────────────────────────────────────────────────────────────────────[39m  
  [41;1m FAILED [49;22m [1mTests\Feature\AuthorizationResolverTest[22m [90m>[39m it Test 6 —…  [41;1m Exception [49;22m  
[39;1m  failed role estate[39;22m

  at [32mapp/Auth/ContextManager.php[39m:[32m193[39m
    189▕ 
    190▕         // 8. Role is estate-scoped (or global dictionary role).
    191▕         // 9. Role.estate_id === assignment.estate_id (if not a global role).
    192▕         if ($assignment->role->estate_id !== null && $assignment->role->estate_id !== $assignment->estate_id) {
  ➜ 193▕             throw new \Exception('failed role estate');
    194▕         }
    195▕ 
    196▕         // 10. If assignment has zone_id: zone belongs to assignment.estate_id.
    197▕         if ($assignment->zone_id && $assignment->zone) {

  [33m1   [39m[39;1mapp/Auth/ContextManager.php[39;22m:[39;1m193[39;22m
  [33m2   [39m[39;1mapp/Auth/ContextManager.php[39;22m:[39;1m55[39;22m

  [31m────────────────────────────────────────────────────────────────────────────[39m  
  [41;1m FAILED [49;22m [1mTests\Feature\AuthorizationResolverTest[22m [90m>[39m it Test 7 —…  [41;1m Exception [49;22m  
[39;1m  failed active[39;22m

  at [32mapp/Auth/ContextManager.php[39m:[32m172[39m
    168▕ 
    169▕         // 3. AdministrativeAssignment exists (checked above)
    170▕         // 4. AdministrativeAssignment is active.
    171▕         if (! $assignment->is_active) {
  ➜ 172▕             throw new \Exception('failed active');
    173▕         }
    174▕ 
    175▕         // 5. Assignment.user_id === authenticated user.id.
    176▕         if ($assignment->user_id !== $user->id) {

  [33m1   [39m[39;1mapp/Auth/ContextManager.php[39;22m:[39;1m172[39;22m
  [33m2   [39m[39;1mapp/Auth/ContextManager.php[39;22m:[39;1m55[39;22m

  [31m────────────────────────────────────────────────────────────────────────────[39m  
  [41;1m FAILED [49;22m [1mTests\Feature\EmergencyServicesTest[22m [90m>[39m it validates and updates vi…   
[39;1m  Session has unexpected errors: 

{
    "default": [
        "The require vehicle information field is required.",
        "The allow residents to extend visitor passes field is required.",
        "The default incident severity field is required.",
        "The require photo evidence for incidents field is required.",
        "The require resolution notes for incidents field is required.",
        "The allow residents to report incidents field is required.",
        "The notify admins immediately for critical incidents field is required.",
        "The allow partial payments field is required.",
        "The collection reminder frequency field is required.",
        "The collection maximum reminder attempts field is required.",
        "The send reminder before due date days field is required."
    ]
}
Failed asserting that true is false.

The following errors occurred during the last request:

The require vehicle information field is required.
The allow residents to extend visitor passes field is required.
The default incident severity field is required.
The require photo evidence for incidents field is required.
The require resolution notes for incidents field is required.
The allow residents to report incidents field is required.
The notify admins immediately for critical incidents field is required.
The allow partial payments field is required.
The collection reminder frequency field is required.
The collection maximum reminder attempts field is required.
The send reminder before due date days field is required.[39;22m

  at [32mtests/Feature/EmergencyServicesTest.php[39m:[32m44[39m
     40▕             'free_trial_enabled' => false,
     41▕             'grace_period_days' => 7,
     42▕         ]);
     43▕ 
  ➜  44▕     $response->assertSessionHasNoErrors();
     45▕     $settings->refresh();
     46▕     expect($settings->visitor_checkout_enabled)->toBeTrue();
     47▕ });
     48▕

  [31m────────────────────────────────────────────────────────────────────────────[39m  
  [41;1m FAILED [49;22m [1mTests\Feature\InvitationSecurityTest[22m [90m>[39m bulk invited residents hav…   
[39;1m  Expecting null not to be null .[39;22m

  at [32mtests/Feature/InvitationSecurityTest.php[39m:[32m97[39m
     93▕     $action->execute($emails, $estate);
     94▕ 
     95▕     foreach ($emails as $email) {
     96▕         $user = User::where('email', $email)->first();
  ➜  97▕         expect($user)->not->toBeNull();
     98▕ 
     99▕         $status = DB::table('estate_users_membership')
    100▕             ->where('user_id', $user->id)
    101▕             ->where('estate_id', $estate->id)

  [33m1   [39m[39;1mtests/Feature/InvitationSecurityTest.php[39;22m:[39;1m97[39;22m

  [31m────────────────────────────────────────────────────────────────────────────[39m  
  [41;1m FAILED [49;22m [1mTests\Feature\SendCollectionRemindersTest[22m [90m>[39m it sends collection r…   
[39;1m  The expected [App\Notifications\Resident\CollectionReminderNotification] notification was not sent.
Failed asserting that false is true.[39;22m

  at [32mvendor/laravel/framework/src/Illuminate/Support/Testing/Fakes/NotificationFake.php[39m:[32m89[39m
     85▕         if (is_numeric($callback)) {
     86▕             return $this->assertSentToTimes($notifiable, $notification, $callback);
     87▕         }
     88▕ 
  ➜  89▕         PHPUnit::assertTrue(
     90▕             $this->sent($notifiable, $notification, $callback)->count() > 0,
     91▕             "The expected [{$notification}] notification was not sent."
     92▕         );
     93▕     }

      [2m+2 vendor frames [22m
  [33m3   [39m[39;1mtests/Feature/SendCollectionRemindersTest.php[39;22m:[39;1m115[39;22m

  [31m────────────────────────────────────────────────────────────────────────────[39m  
  [41;1m FAILED [49;22m [1mTests\Feature\SocialLoginTest[22m [90m>[39m google login with existing user t…   
[39;1m  Failed asserting that two strings are equal.
  [39;22m[31m-'http://kontrol.test/resident/home'[39m[39;1m
  [39;22m[32m+'http://kontrol.test'[39m[39;1m
  [39;22m

  at [32mtests/Feature/SocialLoginTest.php[39m:[32m47[39m
     43▕ 
     44▕     $response = $this->get('/auth/google/callback');
     45▕ 
     46▕     $this->assertAuthenticatedAs($user);
  ➜  47▕     $response->assertRedirect(route('resident.home'));
     48▕ });
     49▕

  [31m────────────────────────────────────────────────────────────────────────────[39m  
  [41;1m FAILED [49;22m [1mTests\Feature\CollectionFeeCalculationTest[22m [90m>[39m it resolves the corr…   
[39;1m  Unable to find JSON: 

[{
    "already_paid": false,
    "base_amount": 5000,
    "kontrol_fee": 25,
    "paystack_fee": 178.05,
    "amount": 5203.05,
    "amount_kobo": 520305,
    "subaccount": "ACCT_LANDLORD_999",
    "bearer": "account",
    "transaction_charge": 20305
}]

within response JSON:

[{
    "already_paid": false,
    "reference": "COLL-01KZRVHGSWP0W258X3QPPXBKH3-a1-AlOf",
    "email": "schmitt.paxton@example.net",
    "amount": 5203.05,
    "amount_kobo": 520305,
    "base_amount": 5000,
    "kontrol_fee": 25,
    "paystack_fee": 178.05,
    "subaccount": "ACCT_ESTATE_123",
    "bearer": "account",
    "transaction_charge": 20305
}].


Failed asserting that an array has the subset Array &0 [
    'already_paid' => false,
    'base_amount' => 5000,
    'kontrol_fee' => 25.0,
    'paystack_fee' => 178.05,
    'amount' => 5203.05,
    'amount_kobo' => 520305,
    'subaccount' => 'ACCT_LANDLORD_999',
    'bearer' => 'account',
    'transaction_charge' => 20305,
].
  [39;22m[32m   'amount' => 5203.05,[39m[39;1m
  [39;22m[32m   'amount_kobo' => 520305,[39m[39;1m
  [39;22m[32m   'base_amount' => 5000,[39m[39;1m
  [39;22m[31m-  'kontrol_fee' => 25.0,[39m[39;1m
  [39;22m[32m+  'kontrol_fee' => 25,[39m[39;1m
  [39;22m[32m   'paystack_fee' => 178.05,[39m[39;1m
  [39;22m[31m-  'subaccount' => 'ACCT_LANDLORD_999',[39m[39;1m
  [39;22m[32m+  'subaccount' => 'ACCT_ESTATE_123',[39m[39;1m
  [39;22m[32m   'bearer' => 'account',[39m[39;1m
  [39;22m[32m   'transaction_charge' => 20305,[39m[39;1m
  [39;22m[32m )[39m[39;1m
  [39;22m

  at [32mtests/Feature/CollectionFeeCalculationTest.php[39m:[32m175[39m
    171▕     $response = $this->postJson(route('web.billing.collection.initiate', ['assignment' => $assignment->ulid]));
    172▕ 
    173▕     $response->assertSuccessful();
    174▕ 
  ➜ 175▕     $response->assertJson([
    176▕         'already_paid' => false,
    177▕         'base_amount' => 5000,
    178▕         'kontrol_fee' => 25.0,
    179▕         'paystack_fee' => 178.05,

  [31m────────────────────────────────────────────────────────────────────────────[39m  
  [41;1m FAILED [49;22m [1mTests\Feature\PropertyOwnerCapabilityTest[22m [90m>[39m property owner dashbo…   
[39;1m  Property [residentsCount] does not match the expected value.
Failed asserting that 0 is identical to 2.[39;22m

  at [32mtests/Feature/PropertyOwnerCapabilityTest.php[39m:[32m158[39m
    154▕         ->get(route('resident.property-owner.dashboard'));
    155▕     $response->assertOk();
    156▕     $response->assertInertia(fn ($page) => $page
    157▕         ->component('Resident/PropertyOwner/Dashboard')
  ➜ 158▕         ->where('residentsCount', 2)
    159▕         ->where('propertiesCount', 1)
    160▕     );
    161▕ 
    162▕     // 5. List Managed Residents

      [2m+2 vendor frames [22m
  [33m3   [39m[39;1mtests/Feature/PropertyOwnerCapabilityTest.php[39;22m:[39;1m156[39;22m

  [31m────────────────────────────────────────────────────────────────────────────[39m  
  [41;1m FAILED [49;22m [1mTests\Feature\PropertyOwnerCapabilityTest[22m [90m>[39m admin can manage prop…   
[39;1m  Expected response status code [200] but received 500.
Failed asserting that 500 is identical to 200.

The following exception occurred during the last request:

PDOException: SQLSTATE[HY000]: General error: 1 table user_profiles has no column named property_owner_id in /Library/WebServer/Documents/projects/kontrol/vendor/laravel/framework/src/Illuminate/Database/Connection.php:578
Stack trace:
#0 /Library/WebServer/Documents/projects/kontrol/vendor/laravel/framework/src/Illuminate/Database/Connection.php(578): PDO->prepare('insert into "us...')
#1 /Library/WebServer/Documents/projects/kontrol/vendor/laravel/framework/src/Illuminate/Database/Connection.php(827): Illuminate\Database\Connection->{closure:Illuminate\Database\Connection::statement():573}('insert into "us...', Array)
#2 /Library/WebServer/Documents/projects/kontrol/vendor/laravel/framework/src/Illuminate/Database/Connection.php(794): Illuminate\Database\Connection->runQueryCallback('insert into "us...', Array, Object(Closure))
#3 /Library/WebServer/Documents/projects/kontrol/vendor/laravel/framework/src/Illuminate/Database/Connection.php(573): Illuminate\Database\Connection->run('insert into "us...', Array, Object(Closure))
#4 /Library/WebServer/Documents/projects/kontrol/vendor/laravel/framework/src/Illuminate/Database/Connection.php(537): Illuminate\Database\Connection->statement('insert into "us...', Array)
#5 /Library/WebServer/Documents/projects/kontrol/vendor/laravel/framework/src/Illuminate/Database/Query/Processors/Processor.php(32): Illuminate\Database\Connection->insert('insert into "us...', Array)
#6 /Library/WebServer/Documents/projects/kontrol/vendor/laravel/framework/src/Illuminate/Database/Query/Builder.php(4170): Illuminate\Database\Query\Processors\Processor->processInsertGetId(Object(Illuminate\Database\Query\Builder), 'insert into "us...', Array, 'id')
#7 /Library/WebServer/Documents/projects/kontrol/vendor/laravel/framework/src/Illuminate/Database/Eloquent/Builder.php(2237): Illuminate\Database\Query\Builder->insertGetId(Array, 'id')
#8 /Library/WebServer/Documents/projects/kontrol/vendor/laravel/framework/src/Illuminate/Database/Eloquent/Model.php(1436): Illuminate\Database\Eloquent\Builder->__call('insertGetId', Array)
#9 /Library/WebServer/Documents/projects/kontrol/vendor/laravel/framework/src/Illuminate/Database/Eloquent/Model.php(1401): Illuminate\Database\Eloquent\Model->insertAndSetId(Object(Illuminate\Database\Eloquent\Builder), Array)
#10 /Library/WebServer/Documents/projects/kontrol/vendor/laravel/framework/src/Illuminate/Database/Eloquent/Model.php(1240): Illuminate\Database\Eloquent\Model->performInsert(Object(Illuminate\Database\Eloquent\Builder))
#11 /Library/WebServer/Documents/projects/kontrol/vendor/laravel/framework/src/Illuminate/Database/Eloquent/Builder.php(1219): Illuminate\Database\Eloquent\Model->save()
#12 /Library/WebServer/Documents/projects/kontrol/vendor/laravel/framework/src/Illuminate/Support/helpers.php(393): Illuminate\Database\Eloquent\Builder->{closure:Illuminate\Database\Eloquent\Builder::create():1218}(Object(App\Models\UserProfile))
#13 /Library/WebServer/Documents/projects/kontrol/vendor/laravel/framework/src/Illuminate/Database/Eloquent/Builder.php(1218): tap(Object(App\Models\UserProfile), Object(Closure))
#14 /Library/WebServer/Documents/projects/kontrol/vendor/laravel/framework/src/Illuminate/Support/Traits/ForwardsCalls.php(23): Illuminate\Database\Eloquent\Builder->create(Array)
#15 /Library/WebServer/Documents/projects/kontrol/vendor/laravel/framework/src/Illuminate/Database/Eloquent/Model.php(2540): Illuminate\Database\Eloquent\Model->forwardCallTo(Object(Illuminate\Database\Eloquent\Builder), 'create', Array)
#16 /Library/WebServer/Documents/projects/kontrol/vendor/laravel/framework/src/Illuminate/Database/Eloquent/Model.php(2556): Illuminate\Database\Eloquent\Model->__call('create', Array)
#17 /Library/WebServer/Documents/projects/kontrol/app/Http/Controllers/Auth/InviteRegistrationController.php(99): Illuminate\Database\Eloquent\Model::__callStatic('create', Array)
#18 /Library/WebServer/Documents/projects/kontrol/vendor/laravel/framework/src/Illuminate/Database/Concerns/ManagesTransactions.php(35): App\Http\Controllers\Auth\InviteRegistrationController->{closure:App\Http\Controllers\Auth\InviteRegistrationController::store():70}(Object(Illuminate\Database\SQLiteConnection))
#19 /Library/WebServer/Documents/projects/kontrol/vendor/laravel/framework/src/Illuminate/Database/DatabaseManager.php(491): Illuminate\Database\Connection->transaction(Object(Closure))
#20 /Library/WebServer/Documents/projects/kontrol/vendor/laravel/framework/src/Illuminate/Support/Facades/Facade.php(363): Illuminate\Database\DatabaseManager->__call('transaction', Array)
#21 /Library/WebServer/Documents/projects/kontrol/app/Http/Controllers/Auth/InviteRegistrationController.php(70): Illuminate\Support\Facades\Facade::__callStatic('transaction', Array)
#22 /Library/WebServer/Documents/projects/kontrol/vendor/laravel/framework/src/Illuminate/Routing/ControllerDispatcher.php(46): App\Http\Controllers\Auth\InviteRegistrationController->store(Object(Illuminate\Http\Request), 'Ho1Dk35n1kSrYw9...')
#23 /Library/WebServer/Documents/projects/kontrol/vendor/sentry/sentry-laravel/src/Sentry/Laravel/Tracing/Routing/TracingControllerDispatcherTracing.php(21): Illuminate\Routing\ControllerDispatcher->dispatch(Object(Illuminate\Routing\Route), Object(App\Http\Controllers\Auth\InviteRegistrationController), 'store')
#24 /Library/WebServer/Documents/projects/kontrol/vendor/sentry/sentry-laravel/src/Sentry/Laravel/Tracing/Routing/TracingRoutingDispatcher.php(35): Sentry\Laravel\Tracing\Routing\TracingControllerDispatcherTracing->{closure:Sentry\Laravel\Tracing\Routing\TracingControllerDispatcherTracing::dispatch():20}()
#25 /Library/WebServer/Documents/projects/kontrol/vendor/sentry/sentry-laravel/src/Sentry/Laravel/Tracing/Routing/TracingControllerDispatcherTracing.php(20): Sentry\Laravel\Tracing\Routing\TracingRoutingDispatcher->wrapRouteDispatch(Object(Closure), Object(Illuminate\Routing\Route))
#26 /Library/WebServer/Documents/projects/kontrol/vendor/laravel/framework/src/Illuminate/Routing/Route.php(265): Sentry\Laravel\Tracing\Routing\TracingControllerDispatcherTracing->dispatch(Object(Illuminate\Routing\Route), Object(App\Http\Controllers\Auth\InviteRegistrationController), 'store')
#27 /Library/WebServer/Documents/projects/kontrol/vendor/laravel/framework/src/Illuminate/Routing/Route.php(211): Illuminate\Routing\Route->runController()
#28 /Library/WebServer/Documents/projects/kontrol/vendor/laravel/framework/src/Illuminate/Routing/Router.php(822): Illuminate\Routing\Route->run()
#29 /Library/WebServer/Documents/projects/kontrol/vendor/laravel/framework/src/Illuminate/Pipeline/Pipeline.php(180): Illuminate\Routing\Router->{closure:Illuminate\Routing\Router::runRouteWithinStack():821}(Object(Illuminate\Http\Request))
#30 /Library/WebServer/Documents/projects/kontrol/app/Http/Middleware/RedirectIfAuthenticated.php(25): Illuminate\Pipeline\Pipeline->{closure:Illuminate\Pipeline\Pipeline::prepareDestination():178}(Object(Illuminate\Http\Request))
#31 /Library/WebServer/Documents/projects/kontrol/vendor/laravel/framework/src/Illuminate/Pipeline/Pipeline.php(219): App\Http\Middleware\RedirectIfAuthenticated->handle(Object(Illuminate\Http\Request), Object(Closure))
#32 /Library/WebServer/Documents/projects/kontrol/vendor/laravel/framework/src/Illuminate/Http/Middleware/AddLinkHeadersForPreloadedAssets.php(32): Illuminate\Pipeline\Pipeline->{closure:{closure:Illuminate\Pipeline\Pipeline::carry():194}:195}(Object(Illuminate\Http\Request))
#33 /Library/WebServer/Documents/projects/kontrol/vendor/laravel/framework/src/Illuminate/Pipeline/Pipeline.php(219): Illuminate\Http\Middleware\AddLinkHeadersForPreloadedAssets->handle(Object(Illuminate\Http\Request), Object(Closure))
#34 /Library/WebServer/Documents/projects/kontrol/vendor/inertiajs/inertia-laravel/src/Middleware.php(122): Illuminate\Pipeline\Pipeline->{closure:{closure:Illuminate\Pipeline\Pipeline::carry():194}:195}(Object(Illuminate\Http\Request))
#35 /Library/WebServer/Documents/projects/kontrol/vendor/laravel/framework/src/Illuminate/Pipeline/Pipeline.php(219): Inertia\Middleware->handle(Object(Illuminate\Http\Request), Object(Closure))
#36 /Library/WebServer/Documents/projects/kontrol/app/Http/Middleware/ResolveContext.php(28): Illuminate\Pipeline\Pipeline->{closure:{closure:Illuminate\Pipeline\Pipeline::carry():194}:195}(Object(Illuminate\Http\Request))
#37 /Library/WebServer/Documents/projects/kontrol/vendor/laravel/framework/src/Illuminate/Pipeline/Pipeline.php(219): App\Http\Middleware\ResolveContext->handle(Object(Illuminate\Http\Request), Object(Closure))
#38 /Library/WebServer/Documents/projects/kontrol/vendor/laravel/framework/src/Illuminate/Routing/Middleware/SubstituteBindings.php(50): Illuminate\Pipeline\Pipeline->{closure:{closure:Illuminate\Pipeline\Pipeline::carry():194}:195}(Object(Illuminate\Http\Request))
#39 /Library/WebServer/Documents/projects/kontrol/vendor/laravel/framework/src/Illuminate/Pipeline/Pipeline.php(219): Illuminate\Routing\Middleware\SubstituteBindings->handle(Object(Illuminate\Http\Request), Object(Closure))
#40 /Library/WebServer/Documents/projects/kontrol/vendor/laravel/framework/src/Illuminate/Session/Middleware/AuthenticateSession.php(48): Illuminate\Pipeline\Pipeline->{closure:{closure:Illuminate\Pipeline\Pipeline::carry():194}:195}(Object(Illuminate\Http\Request))
#41 /Library/WebServer/Documents/projects/kontrol/vendor/laravel/framework/src/Illuminate/Pipeline/Pipeline.php(219): Illuminate\Session\Middleware\AuthenticateSession->handle(Object(Illuminate\Http\Request), Object(Closure))
#42 /Library/WebServer/Documents/projects/kontrol/vendor/laravel/framework/src/Illuminate/Foundation/Http/Middleware/VerifyCsrfToken.php(87): Illuminate\Pipeline\Pipeline->{closure:{closure:Illuminate\Pipeline\Pipeline::carry():194}:195}(Object(Illuminate\Http\Request))
#43 /Library/WebServer/Documents/projects/kontrol/app/Http/Middleware/ValidateCsrfToken.php(24): Illuminate\Foundation\Http\Middleware\VerifyCsrfToken->handle(Object(Illuminate\Http\Request), Object(Closure))
#44 /Library/WebServer/Documents/projects/kontrol/vendor/laravel/framework/src/Illuminate/Pipeline/Pipeline.php(219): App\Http\Middleware\ValidateCsrfToken->handle(Object(Illuminate\Http\Request), Object(Closure))
#45 /Library/WebServer/Documents/projects/kontrol/vendor/laravel/framework/src/Illuminate/View/Middleware/ShareErrorsFromSession.php(48): Illuminate\Pipeline\Pipeline->{closure:{closure:Illuminate\Pipeline\Pipeline::carry():194}:195}(Object(Illuminate\Http\Request))
#46 /Library/WebServer/Documents/projects/kontrol/vendor/laravel/framework/src/Illuminate/Pipeline/Pipeline.php(219): Illuminate\View\Middleware\ShareErrorsFromSession->handle(Object(Illuminate\Http\Request), Object(Closure))
#47 /Library/WebServer/Documents/projects/kontrol/vendor/laravel/framework/src/Illuminate/Session/Middleware/StartSession.php(120): Illuminate\Pipeline\Pipeline->{closure:{closure:Illuminate\Pipeline\Pipeline::carry():194}:195}(Object(Illuminate\Http\Request))
#48 /Library/WebServer/Documents/projects/kontrol/vendor/laravel/framework/src/Illuminate/Session/Middleware/StartSession.php(63): Illuminate\Session\Middleware\StartSession->handleStatefulRequest(Object(Illuminate\Http\Request), Object(Illuminate\Session\Store), Object(Closure))
#49 /Library/WebServer/Documents/projects/kontrol/vendor/laravel/framework/src/Illuminate/Pipeline/Pipeline.php(219): Illuminate\Session\Middleware\StartSession->handle(Object(Illuminate\Http\Request), Object(Closure))
#50 /Library/WebServer/Documents/projects/kontrol/vendor/laravel/framework/src/Illuminate/Cookie/Middleware/AddQueuedCookiesToResponse.php(36): Illuminate\Pipeline\Pipeline->{closure:{closure:Illuminate\Pipeline\Pipeline::carry():194}:195}(Object(Illuminate\Http\Request))
#51 /Library/WebServer/Documents/projects/kontrol/vendor/laravel/framework/src/Illuminate/Pipeline/Pipeline.php(219): Illuminate\Cookie\Middleware\AddQueuedCookiesToResponse->handle(Object(Illuminate\Http\Request), Object(Closure))
#52 /Library/WebServer/Documents/projects/kontrol/vendor/laravel/framework/src/Illuminate/Cookie/Middleware/EncryptCookies.php(74): Illuminate\Pipeline\Pipeline->{closure:{closure:Illuminate\Pipeline\Pipeline::carry():194}:195}(Object(Illuminate\Http\Request))
#53 /Library/WebServer/Documents/projects/kontrol/vendor/laravel/framework/src/Illuminate/Pipeline/Pipeline.php(219): Illuminate\Cookie\Middleware\EncryptCookies->handle(Object(Illuminate\Http\Request), Object(Closure))
#54 /Library/WebServer/Documents/projects/kontrol/vendor/laravel/framework/src/Illuminate/Pipeline/Pipeline.php(137): Illuminate\Pipeline\Pipeline->{closure:{closure:Illuminate\Pipeline\Pipeline::carry():194}:195}(Object(Illuminate\Http\Request))
#55 /Library/WebServer/Documents/projects/kontrol/vendor/laravel/framework/src/Illuminate/Routing/Router.php(821): Illuminate\Pipeline\Pipeline->then(Object(Closure))
#56 /Library/WebServer/Documents/projects/kontrol/vendor/laravel/framework/src/Illuminate/Routing/Router.php(800): Illuminate\Routing\Router->runRouteWithinStack(Object(Illuminate\Routing\Route), Object(Illuminate\Http\Request))
#57 /Library/WebServer/Documents/projects/kontrol/vendor/laravel/framework/src/Illuminate/Routing/Router.php(764): Illuminate\Routing\Router->runRoute(Object(Illuminate\Http\Request), Object(Illuminate\Routing\Route))
#58 /Library/WebServer/Documents/projects/kontrol/vendor/laravel/framework/src/Illuminate/Routing/Router.php(753): Illuminate\Routing\Router->dispatchToRoute(Object(Illuminate\Http\Request))
#59 /Library/WebServer/Documents/projects/kontrol/vendor/laravel/framework/src/Illuminate/Foundation/Http/Kernel.php(200): Illuminate\Routing\Router->dispatch(Object(Illuminate\Http\Request))
#60 /Library/WebServer/Documents/projects/kontrol/vendor/laravel/framework/src/Illuminate/Pipeline/Pipeline.php(180): Illuminate\Foundation\Http\Kernel->{closure:Illuminate\Foundation\Http\Kernel::dispatchToRouter():197}(Object(Illuminate\Http\Request))
#61 /Library/WebServer/Documents/projects/kontrol/vendor/sentry/sentry-laravel/src/Sentry/Laravel/Http/FlushEventsMiddleware.php(13): Illuminate\Pipeline\Pipeline->{closure:Illuminate\Pipeline\Pipeline::prepareDestination():178}(Object(Illuminate\Http\Request))
#62 /Library/WebServer/Documents/projects/kontrol/vendor/laravel/framework/src/Illuminate/Pipeline/Pipeline.php(219): Sentry\Laravel\Http\FlushEventsMiddleware->handle(Object(Illuminate\Http\Request), Object(Closure))
#63 /Library/WebServer/Documents/projects/kontrol/vendor/sentry/sentry-laravel/src/Sentry/Laravel/Http/SetRequestIpMiddleware.php(45): Illuminate\Pipeline\Pipeline->{closure:{closure:Illuminate\Pipeline\Pipeline::carry():194}:195}(Object(Illuminate\Http\Request))
#64 /Library/WebServer/Documents/projects/kontrol/vendor/laravel/framework/src/Illuminate/Pipeline/Pipeline.php(219): Sentry\Laravel\Http\SetRequestIpMiddleware->handle(Object(Illuminate\Http\Request), Object(Closure))
#65 /Library/WebServer/Documents/projects/kontrol/vendor/sentry/sentry-laravel/src/Sentry/Laravel/Http/SetRequestMiddleware.php(31): Illuminate\Pipeline\Pipeline->{closure:{closure:Illuminate\Pipeline\Pipeline::carry():194}:195}(Object(Illuminate\Http\Request))
#66 /Library/WebServer/Documents/projects/kontrol/vendor/laravel/framework/src/Illuminate/Pipeline/Pipeline.php(219): Sentry\Laravel\Http\SetRequestMiddleware->handle(Object(Illuminate\Http\Request), Object(Closure))
#67 /Library/WebServer/Documents/projects/kontrol/vendor/laravel/framework/src/Illuminate/Foundation/Http/Middleware/TransformsRequest.php(21): Illuminate\Pipeline\Pipeline->{closure:{closure:Illuminate\Pipeline\Pipeline::carry():194}:195}(Object(Illuminate\Http\Request))
#68 /Library/WebServer/Documents/projects/kontrol/vendor/laravel/framework/src/Illuminate/Foundation/Http/Middleware/ConvertEmptyStringsToNull.php(31): Illuminate\Foundation\Http\Middleware\TransformsRequest->handle(Object(Illuminate\Http\Request), Object(Closure))
#69 /Library/WebServer/Documents/projects/kontrol/vendor/laravel/framework/src/Illuminate/Pipeline/Pipeline.php(219): Illuminate\Foundation\Http\Middleware\ConvertEmptyStringsToNull->handle(Object(Illuminate\Http\Request), Object(Closure))
#70 /Library/WebServer/Documents/projects/kontrol/vendor/laravel/framework/src/Illuminate/Foundation/Http/Middleware/TransformsRequest.php(21): Illuminate\Pipeline\Pipeline->{closure:{closure:Illuminate\Pipeline\Pipeline::carry():194}:195}(Object(Illuminate\Http\Request))
#71 /Library/WebServer/Documents/projects/kontrol/vendor/laravel/framework/src/Illuminate/Foundation/Http/Middleware/TrimStrings.php(51): Illuminate\Foundation\Http\Middleware\TransformsRequest->handle(Object(Illuminate\Http\Request), Object(Closure))
#72 /Library/WebServer/Documents/projects/kontrol/vendor/laravel/framework/src/Illuminate/Pipeline/Pipeline.php(219): Illuminate\Foundation\Http\Middleware\TrimStrings->handle(Object(Illuminate\Http\Request), Object(Closure))
#73 /Library/WebServer/Documents/projects/kontrol/vendor/laravel/framework/src/Illuminate/Http/Middleware/ValidatePostSize.php(27): Illuminate\Pipeline\Pipeline->{closure:{closure:Illuminate\Pipeline\Pipeline::carry():194}:195}(Object(Illuminate\Http\Request))
#74 /Library/WebServer/Documents/projects/kontrol/vendor/laravel/framework/src/Illuminate/Pipeline/Pipeline.php(219): Illuminate\Http\Middleware\ValidatePostSize->handle(Object(Illuminate\Http\Request), Object(Closure))
#75 /Library/WebServer/Documents/projects/kontrol/vendor/laravel/framework/src/Illuminate/Foundation/Http/Middleware/PreventRequestsDuringMaintenance.php(109): Illuminate\Pipeline\Pipeline->{closure:{closure:Illuminate\Pipeline\Pipeline::carry():194}:195}(Object(Illuminate\Http\Request))
#76 /Library/WebServer/Documents/projects/kontrol/vendor/laravel/framework/src/Illuminate/Pipeline/Pipeline.php(219): Illuminate\Foundation\Http\Middleware\PreventRequestsDuringMaintenance->handle(Object(Illuminate\Http\Request), Object(Closure))
#77 /Library/WebServer/Documents/projects/kontrol/vendor/laravel/framework/src/Illuminate/Http/Middleware/HandleCors.php(61): Illuminate\Pipeline\Pipeline->{closure:{closure:Illuminate\Pipeline\Pipeline::carry():194}:195}(Object(Illuminate\Http\Request))
#78 /Library/WebServer/Documents/projects/kontrol/vendor/laravel/framework/src/Illuminate/Pipeline/Pipeline.php(219): Illuminate\Http\Middleware\HandleCors->handle(Object(Illuminate\Http\Request), Object(Closure))
#79 /Library/WebServer/Documents/projects/kontrol/vendor/laravel/framework/src/Illuminate/Http/Middleware/TrustProxies.php(58): Illuminate\Pipeline\Pipeline->{closure:{closure:Illuminate\Pipeline\Pipeline::carry():194}:195}(Object(Illuminate\Http\Request))
#80 /Library/WebServer/Documents/projects/kontrol/vendor/laravel/framework/src/Illuminate/Pipeline/Pipeline.php(219): Illuminate\Http\Middleware\TrustProxies->handle(Object(Illuminate\Http\Request), Object(Closure))
#81 /Library/WebServer/Documents/projects/kontrol/vendor/laravel/framework/src/Illuminate/Foundation/Http/Middleware/InvokeDeferredCallbacks.php(22): Illuminate\Pipeline\Pipeline->{closure:{closure:Illuminate\Pipeline\Pipeline::carry():194}:195}(Object(Illuminate\Http\Request))
#82 /Library/WebServer/Documents/projects/kontrol/vendor/laravel/framework/src/Illuminate/Pipeline/Pipeline.php(219): Illuminate\Foundation\Http\Middleware\InvokeDeferredCallbacks->handle(Object(Illuminate\Http\Request), Object(Closure))
#83 /Library/WebServer/Documents/projects/kontrol/vendor/laravel/framework/src/Illuminate/Http/Middleware/ValidatePathEncoding.php(26): Illuminate\Pipeline\Pipeline->{closure:{closure:Illuminate\Pipeline\Pipeline::carry():194}:195}(Object(Illuminate\Http\Request))
#84 /Library/WebServer/Documents/projects/kontrol/vendor/laravel/framework/src/Illuminate/Pipeline/Pipeline.php(219): Illuminate\Http\Middleware\ValidatePathEncoding->handle(Object(Illuminate\Http\Request), Object(Closure))
#85 /Library/WebServer/Documents/projects/kontrol/vendor/sentry/sentry-laravel/src/Sentry/Laravel/Tracing/Middleware.php(79): Illuminate\Pipeline\Pipeline->{closure:{closure:Illuminate\Pipeline\Pipeline::carry():194}:195}(Object(Illuminate\Http\Request))
#86 /Library/WebServer/Documents/projects/kontrol/vendor/laravel/framework/src/Illuminate/Pipeline/Pipeline.php(219): Sentry\Laravel\Tracing\Middleware->handle(Object(Illuminate\Http\Request), Object(Closure))
#87 /Library/WebServer/Documents/projects/kontrol/vendor/laravel/framework/src/Illuminate/Pipeline/Pipeline.php(137): Illuminate\Pipeline\Pipeline->{closure:{closure:Illuminate\Pipeline\Pipeline::carry():194}:195}(Object(Illuminate\Http\Request))
#88 /Library/WebServer/Documents/projects/kontrol/vendor/laravel/framework/src/Illuminate/Foundation/Http/Kernel.php(175): Illuminate\Pipeline\Pipeline->then(Object(Closure))
#89 /Library/WebServer/Documents/projects/kontrol/vendor/laravel/framework/src/Illuminate/Foundation/Http/Kernel.php(144): Illuminate\Foundation\Http\Kernel->sendRequestThroughRouter(Object(Illuminate\Http\Request))
#90 /Library/WebServer/Documents/projects/kontrol/vendor/laravel/framework/src/Illuminate/Foundation/Testing/Concerns/MakesHttpRequests.php(607): Illuminate\Foundation\Http\Kernel->handle(Object(Illuminate\Http\Request))
#91 /Library/WebServer/Documents/projects/kontrol/vendor/laravel/framework/src/Illuminate/Foundation/Testing/Concerns/MakesHttpRequests.php(397): Illuminate\Foundation\Testing\TestCase->call('POST', 'http://kontrol....', Array, Array, Array, Array)
#92 /Library/WebServer/Documents/projects/kontrol/tests/Feature/PropertyOwnerCapabilityTest.php(302): Illuminate\Foundation\Testing\TestCase->post('http://kontrol....', Array)
#93 /Library/WebServer/Documents/projects/kontrol/vendor/pestphp/pest/src/Factories/TestCaseMethodFactory.php(177): P\Tests\Feature\PropertyOwnerCapabilityTest->{closure:/Library/WebServer/Documents/projects/kontrol/tests/Feature/PropertyOwnerCapabilityTest.php:245}()
#94 [internal function]: P\Tests\Feature\PropertyOwnerCapabilityTest->{closure:Pest\Factories\TestCaseMethodFactory::getClosure():167}()
#95 /Library/WebServer/Documents/projects/kontrol/vendor/pestphp/pest/src/Concerns/Testable.php(576): call_user_func_array(Object(Closure), Array)
#96 /Library/WebServer/Documents/projects/kontrol/vendor/pestphp/pest/src/Support/ExceptionTrace.php(26): P\Tests\Feature\PropertyOwnerCapabilityTest->{closure:Pest\Concerns\Testable::__callClosure():576}()
#97 /Library/WebServer/Documents/projects/kontrol/vendor/pestphp/pest/src/Concerns/Testable.php(576): Pest\Support\ExceptionTrace::ensure(Object(Closure))
#98 /Library/WebServer/Documents/projects/kontrol/vendor/pestphp/pest/src/Concerns/Testable.php(403): P\Tests\Feature\PropertyOwnerCapabilityTest->__callClosure(Object(Closure), Array)
#99 /Library/WebServer/Documents/projects/kontrol/vendor/pestphp/pest/src/Factories/TestCaseFactory.php(175) : eval()'d code(44): P\Tests\Feature\PropertyOwnerCapabilityTest->__runTest(Object(Closure))
#100 /Library/WebServer/Documents/projects/kontrol/vendor/phpunit/phpunit/src/Framework/TestCase.php(1310): P\Tests\Feature\PropertyOwnerCapabilityTest->__pest_evaluable_admin_can_manage_property_owner_invite_link_and_users_can_join()
#101 /Library/WebServer/Documents/projects/kontrol/vendor/phpunit/phpunit/src/Framework/TestCase.php(1344): PHPUnit\Framework\TestCase->invokeTestMethod('__pest_evaluabl...', Array)
#102 /Library/WebServer/Documents/projects/kontrol/vendor/phpunit/phpunit/src/Framework/TestCase.php(520): PHPUnit\Framework\TestCase->runTest()
#103 /Library/WebServer/Documents/projects/kontrol/vendor/phpunit/phpunit/src/Framework/TestRunner/TestRunner.php(99): PHPUnit\Framework\TestCase->runBare()
#104 /Library/WebServer/Documents/projects/kontrol/vendor/phpunit/phpunit/src/Framework/TestCase.php(360): PHPUnit\Framework\TestRunner->run(Object(P\Tests\Feature\PropertyOwnerCapabilityTest))
#105 /Library/WebServer/Documents/projects/kontrol/vendor/phpunit/phpunit/src/Framework/TestSuite.php(374): PHPUnit\Framework\TestCase->run()
#106 /Library/WebServer/Documents/projects/kontrol/vendor/brianium/paratest/src/WrapperRunner/ApplicationForWrapperWorker.php(124): PHPUnit\Framework\TestSuite->run()
#107 /Library/WebServer/Documents/projects/kontrol/vendor/pestphp/pest/bin/worker.php(115): ParaTest\WrapperRunner\ApplicationForWrapperWorker->runTest('/Library/WebSer...')
#108 /Library/WebServer/Documents/projects/kontrol/vendor/pestphp/pest/bin/worker.php(120): {closure:/Library/WebServer/Documents/projects/kontrol/vendor/pestphp/pest/bin/worker.php:31}()
#109 {main}

Next Illuminate\Database\QueryException: SQLSTATE[HY000]: General error: 1 table user_profiles has no column named property_owner_id (Connection: sqlite, Database: :memory:, SQL: insert into "user_profiles" ("user_id", "property_owner_id", "updated_at", "created_at") values (2, ?, 2026-08-11 16:47:27, 2026-08-11 16:47:27)) in /Library/WebServer/Documents/projects/kontrol/vendor/laravel/framework/src/Illuminate/Database/Connection.php:838
Stack trace:
#0 /Library/WebServer/Documents/projects/kontrol/vendor/laravel/framework/src/Illuminate/Database/Connection.php(794): Illuminate\Database\Connection->runQueryCallback('insert into "us...', Array, Object(Closure))
#1 /Library/WebServer/Documents/projects/kontrol/vendor/laravel/framework/src/Illuminate/Database/Connection.php(573): Illuminate\Database\Connection->run('insert into "us...', Array, Object(Closure))
#2 /Library/WebServer/Documents/projects/kontrol/vendor/laravel/framework/src/Illuminate/Database/Connection.php(537): Illuminate\Database\Connection->statement('insert into "us...', Array)
#3 /Library/WebServer/Documents/projects/kontrol/vendor/laravel/framework/src/Illuminate/Database/Query/Processors/Processor.php(32): Illuminate\Database\Connection->insert('insert into "us...', Array)
#4 /Library/WebServer/Documents/projects/kontrol/vendor/laravel/framework/src/Illuminate/Database/Query/Builder.php(4170): Illuminate\Database\Query\Processors\Processor->processInsertGetId(Object(Illuminate\Database\Query\Builder), 'insert into "us...', Array, 'id')
#5 /Library/WebServer/Documents/projects/kontrol/vendor/laravel/framework/src/Illuminate/Database/Eloquent/Builder.php(2237): Illuminate\Database\Query\Builder->insertGetId(Array, 'id')
#6 /Library/WebServer/Documents/projects/kontrol/vendor/laravel/framework/src/Illuminate/Database/Eloquent/Model.php(1436): Illuminate\Database\Eloquent\Builder->__call('insertGetId', Array)
#7 /Library/WebServer/Documents/projects/kontrol/vendor/laravel/framework/src/Illuminate/Database/Eloquent/Model.php(1401): Illuminate\Database\Eloquent\Model->insertAndSetId(Object(Illuminate\Database\Eloquent\Builder), Array)
#8 /Library/WebServer/Documents/projects/kontrol/vendor/laravel/framework/src/Illuminate/Database/Eloquent/Model.php(1240): Illuminate\Database\Eloquent\Model->performInsert(Object(Illuminate\Database\Eloquent\Builder))
#9 /Library/WebServer/Documents/projects/kontrol/vendor/laravel/framework/src/Illuminate/Database/Eloquent/Builder.php(1219): Illuminate\Database\Eloquent\Model->save()
#10 /Library/WebServer/Documents/projects/kontrol/vendor/laravel/framework/src/Illuminate/Support/helpers.php(393): Illuminate\Database\Eloquent\Builder->{closure:Illuminate\Database\Eloquent\Builder::create():1218}(Object(App\Models\UserProfile))
#11 /Library/WebServer/Documents/projects/kontrol/vendor/laravel/framework/src/Illuminate/Database/Eloquent/Builder.php(1218): tap(Object(App\Models\UserProfile), Object(Closure))
#12 /Library/WebServer/Documents/projects/kontrol/vendor/laravel/framework/src/Illuminate/Support/Traits/ForwardsCalls.php(23): Illuminate\Database\Eloquent\Builder->create(Array)
#13 /Library/WebServer/Documents/projects/kontrol/vendor/laravel/framework/src/Illuminate/Database/Eloquent/Model.php(2540): Illuminate\Database\Eloquent\Model->forwardCallTo(Object(Illuminate\Database\Eloquent\Builder), 'create', Array)
#14 /Library/WebServer/Documents/projects/kontrol/vendor/laravel/framework/src/Illuminate/Database/Eloquent/Model.php(2556): Illuminate\Database\Eloquent\Model->__call('create', Array)
#15 /Library/WebServer/Documents/projects/kontrol/app/Http/Controllers/Auth/InviteRegistrationController.php(99): Illuminate\Database\Eloquent\Model::__callStatic('create', Array)
#16 /Library/WebServer/Documents/projects/kontrol/vendor/laravel/framework/src/Illuminate/Database/Concerns/ManagesTransactions.php(35): App\Http\Controllers\Auth\InviteRegistrationController->{closure:App\Http\Controllers\Auth\InviteRegistrationController::store():70}(Object(Illuminate\Database\SQLiteConnection))
#17 /Library/WebServer/Documents/projects/kontrol/vendor/laravel/framework/src/Illuminate/Database/DatabaseManager.php(491): Illuminate\Database\Connection->transaction(Object(Closure))
#18 /Library/WebServer/Documents/projects/kontrol/vendor/laravel/framework/src/Illuminate/Support/Facades/Facade.php(363): Illuminate\Database\DatabaseManager->__call('transaction', Array)
#19 /Library/WebServer/Documents/projects/kontrol/app/Http/Controllers/Auth/InviteRegistrationController.php(70): Illuminate\Support\Facades\Facade::__callStatic('transaction', Array)
#20 /Library/WebServer/Documents/projects/kontrol/vendor/laravel/framework/src/Illuminate/Routing/ControllerDispatcher.php(46): App\Http\Controllers\Auth\InviteRegistrationController->store(Object(Illuminate\Http\Request), 'Ho1Dk35n1kSrYw9...')
#21 /Library/WebServer/Documents/projects/kontrol/vendor/sentry/sentry-laravel/src/Sentry/Laravel/Tracing/Routing/TracingControllerDispatcherTracing.php(21): Illuminate\Routing\ControllerDispatcher->dispatch(Object(Illuminate\Routing\Route), Object(App\Http\Controllers\Auth\InviteRegistrationController), 'store')
#22 /Library/WebServer/Documents/projects/kontrol/vendor/sentry/sentry-laravel/src/Sentry/Laravel/Tracing/Routing/TracingRoutingDispatcher.php(35): Sentry\Laravel\Tracing\Routing\TracingControllerDispatcherTracing->{closure:Sentry\Laravel\Tracing\Routing\TracingControllerDispatcherTracing::dispatch():20}()
#23 /Library/WebServer/Documents/projects/kontrol/vendor/sentry/sentry-laravel/src/Sentry/Laravel/Tracing/Routing/TracingControllerDispatcherTracing.php(20): Sentry\Laravel\Tracing\Routing\TracingRoutingDispatcher->wrapRouteDispatch(Object(Closure), Object(Illuminate\Routing\Route))
#24 /Library/WebServer/Documents/projects/kontrol/vendor/laravel/framework/src/Illuminate/Routing/Route.php(265): Sentry\Laravel\Tracing\Routing\TracingControllerDispatcherTracing->dispatch(Object(Illuminate\Routing\Route), Object(App\Http\Controllers\Auth\InviteRegistrationController), 'store')
#25 /Library/WebServer/Documents/projects/kontrol/vendor/laravel/framework/src/Illuminate/Routing/Route.php(211): Illuminate\Routing\Route->runController()
#26 /Library/WebServer/Documents/projects/kontrol/vendor/laravel/framework/src/Illuminate/Routing/Router.php(822): Illuminate\Routing\Route->run()
#27 /Library/WebServer/Documents/projects/kontrol/vendor/laravel/framework/src/Illuminate/Pipeline/Pipeline.php(180): Illuminate\Routing\Router->{closure:Illuminate\Routing\Router::runRouteWithinStack():821}(Object(Illuminate\Http\Request))
#28 /Library/WebServer/Documents/projects/kontrol/app/Http/Middleware/RedirectIfAuthenticated.php(25): Illuminate\Pipeline\Pipeline->{closure:Illuminate\Pipeline\Pipeline::prepareDestination():178}(Object(Illuminate\Http\Request))
#29 /Library/WebServer/Documents/projects/kontrol/vendor/laravel/framework/src/Illuminate/Pipeline/Pipeline.php(219): App\Http\Middleware\RedirectIfAuthenticated->handle(Object(Illuminate\Http\Request), Object(Closure))
#30 /Library/WebServer/Documents/projects/kontrol/vendor/laravel/framework/src/Illuminate/Http/Middleware/AddLinkHeadersForPreloadedAssets.php(32): Illuminate\Pipeline\Pipeline->{closure:{closure:Illuminate\Pipeline\Pipeline::carry():194}:195}(Object(Illuminate\Http\Request))
#31 /Library/WebServer/Documents/projects/kontrol/vendor/laravel/framework/src/Illuminate/Pipeline/Pipeline.php(219): Illuminate\Http\Middleware\AddLinkHeadersForPreloadedAssets->handle(Object(Illuminate\Http\Request), Object(Closure))
#32 /Library/WebServer/Documents/projects/kontrol/vendor/inertiajs/inertia-laravel/src/Middleware.php(122): Illuminate\Pipeline\Pipeline->{closure:{closure:Illuminate\Pipeline\Pipeline::carry():194}:195}(Object(Illuminate\Http\Request))
#33 /Library/WebServer/Documents/projects/kontrol/vendor/laravel/framework/src/Illuminate/Pipeline/Pipeline.php(219): Inertia\Middleware->handle(Object(Illuminate\Http\Request), Object(Closure))
#34 /Library/WebServer/Documents/projects/kontrol/app/Http/Middleware/ResolveContext.php(28): Illuminate\Pipeline\Pipeline->{closure:{closure:Illuminate\Pipeline\Pipeline::carry():194}:195}(Object(Illuminate\Http\Request))
#35 /Library/WebServer/Documents/projects/kontrol/vendor/laravel/framework/src/Illuminate/Pipeline/Pipeline.php(219): App\Http\Middleware\ResolveContext->handle(Object(Illuminate\Http\Request), Object(Closure))
#36 /Library/WebServer/Documents/projects/kontrol/vendor/laravel/framework/src/Illuminate/Routing/Middleware/SubstituteBindings.php(50): Illuminate\Pipeline\Pipeline->{closure:{closure:Illuminate\Pipeline\Pipeline::carry():194}:195}(Object(Illuminate\Http\Request))
#37 /Library/WebServer/Documents/projects/kontrol/vendor/laravel/framework/src/Illuminate/Pipeline/Pipeline.php(219): Illuminate\Routing\Middleware\SubstituteBindings->handle(Object(Illuminate\Http\Request), Object(Closure))
#38 /Library/WebServer/Documents/projects/kontrol/vendor/laravel/framework/src/Illuminate/Session/Middleware/AuthenticateSession.php(48): Illuminate\Pipeline\Pipeline->{closure:{closure:Illuminate\Pipeline\Pipeline::carry():194}:195}(Object(Illuminate\Http\Request))
#39 /Library/WebServer/Documents/projects/kontrol/vendor/laravel/framework/src/Illuminate/Pipeline/Pipeline.php(219): Illuminate\Session\Middleware\AuthenticateSession->handle(Object(Illuminate\Http\Request), Object(Closure))
#40 /Library/WebServer/Documents/projects/kontrol/vendor/laravel/framework/src/Illuminate/Foundation/Http/Middleware/VerifyCsrfToken.php(87): Illuminate\Pipeline\Pipeline->{closure:{closure:Illuminate\Pipeline\Pipeline::carry():194}:195}(Object(Illuminate\Http\Request))
#41 /Library/WebServer/Documents/projects/kontrol/app/Http/Middleware/ValidateCsrfToken.php(24): Illuminate\Foundation\Http\Middleware\VerifyCsrfToken->handle(Object(Illuminate\Http\Request), Object(Closure))
#42 /Library/WebServer/Documents/projects/kontrol/vendor/laravel/framework/src/Illuminate/Pipeline/Pipeline.php(219): App\Http\Middleware\ValidateCsrfToken->handle(Object(Illuminate\Http\Request), Object(Closure))
#43 /Library/WebServer/Documents/projects/kontrol/vendor/laravel/framework/src/Illuminate/View/Middleware/ShareErrorsFromSession.php(48): Illuminate\Pipeline\Pipeline->{closure:{closure:Illuminate\Pipeline\Pipeline::carry():194}:195}(Object(Illuminate\Http\Request))
#44 /Library/WebServer/Documents/projects/kontrol/vendor/laravel/framework/src/Illuminate/Pipeline/Pipeline.php(219): Illuminate\View\Middleware\ShareErrorsFromSession->handle(Object(Illuminate\Http\Request), Object(Closure))
#45 /Library/WebServer/Documents/projects/kontrol/vendor/laravel/framework/src/Illuminate/Session/Middleware/StartSession.php(120): Illuminate\Pipeline\Pipeline->{closure:{closure:Illuminate\Pipeline\Pipeline::carry():194}:195}(Object(Illuminate\Http\Request))
#46 /Library/WebServer/Documents/projects/kontrol/vendor/laravel/framework/src/Illuminate/Session/Middleware/StartSession.php(63): Illuminate\Session\Middleware\StartSession->handleStatefulRequest(Object(Illuminate\Http\Request), Object(Illuminate\Session\Store), Object(Closure))
#47 /Library/WebServer/Documents/projects/kontrol/vendor/laravel/framework/src/Illuminate/Pipeline/Pipeline.php(219): Illuminate\Session\Middleware\StartSession->handle(Object(Illuminate\Http\Request), Object(Closure))
#48 /Library/WebServer/Documents/projects/kontrol/vendor/laravel/framework/src/Illuminate/Cookie/Middleware/AddQueuedCookiesToResponse.php(36): Illuminate\Pipeline\Pipeline->{closure:{closure:Illuminate\Pipeline\Pipeline::carry():194}:195}(Object(Illuminate\Http\Request))
#49 /Library/WebServer/Documents/projects/kontrol/vendor/laravel/framework/src/Illuminate/Pipeline/Pipeline.php(219): Illuminate\Cookie\Middleware\AddQueuedCookiesToResponse->handle(Object(Illuminate\Http\Request), Object(Closure))
#50 /Library/WebServer/Documents/projects/kontrol/vendor/laravel/framework/src/Illuminate/Cookie/Middleware/EncryptCookies.php(74): Illuminate\Pipeline\Pipeline->{closure:{closure:Illuminate\Pipeline\Pipeline::carry():194}:195}(Object(Illuminate\Http\Request))
#51 /Library/WebServer/Documents/projects/kontrol/vendor/laravel/framework/src/Illuminate/Pipeline/Pipeline.php(219): Illuminate\Cookie\Middleware\EncryptCookies->handle(Object(Illuminate\Http\Request), Object(Closure))
#52 /Library/WebServer/Documents/projects/kontrol/vendor/laravel/framework/src/Illuminate/Pipeline/Pipeline.php(137): Illuminate\Pipeline\Pipeline->{closure:{closure:Illuminate\Pipeline\Pipeline::carry():194}:195}(Object(Illuminate\Http\Request))
#53 /Library/WebServer/Documents/projects/kontrol/vendor/laravel/framework/src/Illuminate/Routing/Router.php(821): Illuminate\Pipeline\Pipeline->then(Object(Closure))
#54 /Library/WebServer/Documents/projects/kontrol/vendor/laravel/framework/src/Illuminate/Routing/Router.php(800): Illuminate\Routing\Router->runRouteWithinStack(Object(Illuminate\Routing\Route), Object(Illuminate\Http\Request))
#55 /Library/WebServer/Documents/projects/kontrol/vendor/laravel/framework/src/Illuminate/Routing/Router.php(764): Illuminate\Routing\Router->runRoute(Object(Illuminate\Http\Request), Object(Illuminate\Routing\Route))
#56 /Library/WebServer/Documents/projects/kontrol/vendor/laravel/framework/src/Illuminate/Routing/Router.php(753): Illuminate\Routing\Router->dispatchToRoute(Object(Illuminate\Http\Request))
#57 /Library/WebServer/Documents/projects/kontrol/vendor/laravel/framework/src/Illuminate/Foundation/Http/Kernel.php(200): Illuminate\Routing\Router->dispatch(Object(Illuminate\Http\Request))
#58 /Library/WebServer/Documents/projects/kontrol/vendor/laravel/framework/src/Illuminate/Pipeline/Pipeline.php(180): Illuminate\Foundation\Http\Kernel->{closure:Illuminate\Foundation\Http\Kernel::dispatchToRouter():197}(Object(Illuminate\Http\Request))
#59 /Library/WebServer/Documents/projects/kontrol/vendor/sentry/sentry-laravel/src/Sentry/Laravel/Http/FlushEventsMiddleware.php(13): Illuminate\Pipeline\Pipeline->{closure:Illuminate\Pipeline\Pipeline::prepareDestination():178}(Object(Illuminate\Http\Request))
#60 /Library/WebServer/Documents/projects/kontrol/vendor/laravel/framework/src/Illuminate/Pipeline/Pipeline.php(219): Sentry\Laravel\Http\FlushEventsMiddleware->handle(Object(Illuminate\Http\Request), Object(Closure))
#61 /Library/WebServer/Documents/projects/kontrol/vendor/sentry/sentry-laravel/src/Sentry/Laravel/Http/SetRequestIpMiddleware.php(45): Illuminate\Pipeline\Pipeline->{closure:{closure:Illuminate\Pipeline\Pipeline::carry():194}:195}(Object(Illuminate\Http\Request))
#62 /Library/WebServer/Documents/projects/kontrol/vendor/laravel/framework/src/Illuminate/Pipeline/Pipeline.php(219): Sentry\Laravel\Http\SetRequestIpMiddleware->handle(Object(Illuminate\Http\Request), Object(Closure))
#63 /Library/WebServer/Documents/projects/kontrol/vendor/sentry/sentry-laravel/src/Sentry/Laravel/Http/SetRequestMiddleware.php(31): Illuminate\Pipeline\Pipeline->{closure:{closure:Illuminate\Pipeline\Pipeline::carry():194}:195}(Object(Illuminate\Http\Request))
#64 /Library/WebServer/Documents/projects/kontrol/vendor/laravel/framework/src/Illuminate/Pipeline/Pipeline.php(219): Sentry\Laravel\Http\SetRequestMiddleware->handle(Object(Illuminate\Http\Request), Object(Closure))
#65 /Library/WebServer/Documents/projects/kontrol/vendor/laravel/framework/src/Illuminate/Foundation/Http/Middleware/TransformsRequest.php(21): Illuminate\Pipeline\Pipeline->{closure:{closure:Illuminate\Pipeline\Pipeline::carry():194}:195}(Object(Illuminate\Http\Request))
#66 /Library/WebServer/Documents/projects/kontrol/vendor/laravel/framework/src/Illuminate/Foundation/Http/Middleware/ConvertEmptyStringsToNull.php(31): Illuminate\Foundation\Http\Middleware\TransformsRequest->handle(Object(Illuminate\Http\Request), Object(Closure))
#67 /Library/WebServer/Documents/projects/kontrol/vendor/laravel/framework/src/Illuminate/Pipeline/Pipeline.php(219): Illuminate\Foundation\Http\Middleware\ConvertEmptyStringsToNull->handle(Object(Illuminate\Http\Request), Object(Closure))
#68 /Library/WebServer/Documents/projects/kontrol/vendor/laravel/framework/src/Illuminate/Foundation/Http/Middleware/TransformsRequest.php(21): Illuminate\Pipeline\Pipeline->{closure:{closure:Illuminate\Pipeline\Pipeline::carry():194}:195}(Object(Illuminate\Http\Request))
#69 /Library/WebServer/Documents/projects/kontrol/vendor/laravel/framework/src/Illuminate/Foundation/Http/Middleware/TrimStrings.php(51): Illuminate\Foundation\Http\Middleware\TransformsRequest->handle(Object(Illuminate\Http\Request), Object(Closure))
#70 /Library/WebServer/Documents/projects/kontrol/vendor/laravel/framework/src/Illuminate/Pipeline/Pipeline.php(219): Illuminate\Foundation\Http\Middleware\TrimStrings->handle(Object(Illuminate\Http\Request), Object(Closure))
#71 /Library/WebServer/Documents/projects/kontrol/vendor/laravel/framework/src/Illuminate/Http/Middleware/ValidatePostSize.php(27): Illuminate\Pipeline\Pipeline->{closure:{closure:Illuminate\Pipeline\Pipeline::carry():194}:195}(Object(Illuminate\Http\Request))
#72 /Library/WebServer/Documents/projects/kontrol/vendor/laravel/framework/src/Illuminate/Pipeline/Pipeline.php(219): Illuminate\Http\Middleware\ValidatePostSize->handle(Object(Illuminate\Http\Request), Object(Closure))
#73 /Library/WebServer/Documents/projects/kontrol/vendor/laravel/framework/src/Illuminate/Foundation/Http/Middleware/PreventRequestsDuringMaintenance.php(109): Illuminate\Pipeline\Pipeline->{closure:{closure:Illuminate\Pipeline\Pipeline::carry():194}:195}(Object(Illuminate\Http\Request))
#74 /Library/WebServer/Documents/projects/kontrol/vendor/laravel/framework/src/Illuminate/Pipeline/Pipeline.php(219): Illuminate\Foundation\Http\Middleware\PreventRequestsDuringMaintenance->handle(Object(Illuminate\Http\Request), Object(Closure))
#75 /Library/WebServer/Documents/projects/kontrol/vendor/laravel/framework/src/Illuminate/Http/Middleware/HandleCors.php(61): Illuminate\Pipeline\Pipeline->{closure:{closure:Illuminate\Pipeline\Pipeline::carry():194}:195}(Object(Illuminate\Http\Request))
#76 /Library/WebServer/Documents/projects/kontrol/vendor/laravel/framework/src/Illuminate/Pipeline/Pipeline.php(219): Illuminate\Http\Middleware\HandleCors->handle(Object(Illuminate\Http\Request), Object(Closure))
#77 /Library/WebServer/Documents/projects/kontrol/vendor/laravel/framework/src/Illuminate/Http/Middleware/TrustProxies.php(58): Illuminate\Pipeline\Pipeline->{closure:{closure:Illuminate\Pipeline\Pipeline::carry():194}:195}(Object(Illuminate\Http\Request))
#78 /Library/WebServer/Documents/projects/kontrol/vendor/laravel/framework/src/Illuminate/Pipeline/Pipeline.php(219): Illuminate\Http\Middleware\TrustProxies->handle(Object(Illuminate\Http\Request), Object(Closure))
#79 /Library/WebServer/Documents/projects/kontrol/vendor/laravel/framework/src/Illuminate/Foundation/Http/Middleware/InvokeDeferredCallbacks.php(22): Illuminate\Pipeline\Pipeline->{closure:{closure:Illuminate\Pipeline\Pipeline::carry():194}:195}(Object(Illuminate\Http\Request))
#80 /Library/WebServer/Documents/projects/kontrol/vendor/laravel/framework/src/Illuminate/Pipeline/Pipeline.php(219): Illuminate\Foundation\Http\Middleware\InvokeDeferredCallbacks->handle(Object(Illuminate\Http\Request), Object(Closure))
#81 /Library/WebServer/Documents/projects/kontrol/vendor/laravel/framework/src/Illuminate/Http/Middleware/ValidatePathEncoding.php(26): Illuminate\Pipeline\Pipeline->{closure:{closure:Illuminate\Pipeline\Pipeline::carry():194}:195}(Object(Illuminate\Http\Request))
#82 /Library/WebServer/Documents/projects/kontrol/vendor/laravel/framework/src/Illuminate/Pipeline/Pipeline.php(219): Illuminate\Http\Middleware\ValidatePathEncoding->handle(Object(Illuminate\Http\Request), Object(Closure))
#83 /Library/WebServer/Documents/projects/kontrol/vendor/sentry/sentry-laravel/src/Sentry/Laravel/Tracing/Middleware.php(79): Illuminate\Pipeline\Pipeline->{closure:{closure:Illuminate\Pipeline\Pipeline::carry():194}:195}(Object(Illuminate\Http\Request))
#84 /Library/WebServer/Documents/projects/kontrol/vendor/laravel/framework/src/Illuminate/Pipeline/Pipeline.php(219): Sentry\Laravel\Tracing\Middleware->handle(Object(Illuminate\Http\Request), Object(Closure))
#85 /Library/WebServer/Documents/projects/kontrol/vendor/laravel/framework/src/Illuminate/Pipeline/Pipeline.php(137): Illuminate\Pipeline\Pipeline->{closure:{closure:Illuminate\Pipeline\Pipeline::carry():194}:195}(Object(Illuminate\Http\Request))
#86 /Library/WebServer/Documents/projects/kontrol/vendor/laravel/framework/src/Illuminate/Foundation/Http/Kernel.php(175): Illuminate\Pipeline\Pipeline->then(Object(Closure))
#87 /Library/WebServer/Documents/projects/kontrol/vendor/laravel/framework/src/Illuminate/Foundation/Http/Kernel.php(144): Illuminate\Foundation\Http\Kernel->sendRequestThroughRouter(Object(Illuminate\Http\Request))
#88 /Library/WebServer/Documents/projects/kontrol/vendor/laravel/framework/src/Illuminate/Foundation/Testing/Concerns/MakesHttpRequests.php(607): Illuminate\Foundation\Http\Kernel->handle(Object(Illuminate\Http\Request))
#89 /Library/WebServer/Documents/projects/kontrol/vendor/laravel/framework/src/Illuminate/Foundation/Testing/Concerns/MakesHttpRequests.php(397): Illuminate\Foundation\Testing\TestCase->call('POST', 'http://kontrol....', Array, Array, Array, Array)
#90 /Library/WebServer/Documents/projects/kontrol/tests/Feature/PropertyOwnerCapabilityTest.php(302): Illuminate\Foundation\Testing\TestCase->post('http://kontrol....', Array)
#91 /Library/WebServer/Documents/projects/kontrol/vendor/pestphp/pest/src/Factories/TestCaseMethodFactory.php(177): P\Tests\Feature\PropertyOwnerCapabilityTest->{closure:/Library/WebServer/Documents/projects/kontrol/tests/Feature/PropertyOwnerCapabilityTest.php:245}()
#92 [internal function]: P\Tests\Feature\PropertyOwnerCapabilityTest->{closure:Pest\Factories\TestCaseMethodFactory::getClosure():167}()
#93 /Library/WebServer/Documents/projects/kontrol/vendor/pestphp/pest/src/Concerns/Testable.php(576): call_user_func_array(Object(Closure), Array)
#94 /Library/WebServer/Documents/projects/kontrol/vendor/pestphp/pest/src/Support/ExceptionTrace.php(26): P\Tests\Feature\PropertyOwnerCapabilityTest->{closure:Pest\Concerns\Testable::__callClosure():576}()
#95 /Library/WebServer/Documents/projects/kontrol/vendor/pestphp/pest/src/Concerns/Testable.php(576): Pest\Support\ExceptionTrace::ensure(Object(Closure))
#96 /Library/WebServer/Documents/projects/kontrol/vendor/pestphp/pest/src/Concerns/Testable.php(403): P\Tests\Feature\PropertyOwnerCapabilityTest->__callClosure(Object(Closure), Array)
#97 /Library/WebServer/Documents/projects/kontrol/vendor/pestphp/pest/src/Factories/TestCaseFactory.php(175) : eval()'d code(44): P\Tests\Feature\PropertyOwnerCapabilityTest->__runTest(Object(Closure))
#98 /Library/WebServer/Documents/projects/kontrol/vendor/phpunit/phpunit/src/Framework/TestCase.php(1310): P\Tests\Feature\PropertyOwnerCapabilityTest->__pest_evaluable_admin_can_manage_property_owner_invite_link_and_users_can_join()
#99 /Library/WebServer/Documents/projects/kontrol/vendor/phpunit/phpunit/src/Framework/TestCase.php(1344): PHPUnit\Framework\TestCase->invokeTestMethod('__pest_evaluabl...', Array)
#100 /Library/WebServer/Documents/projects/kontrol/vendor/phpunit/phpunit/src/Framework/TestCase.php(520): PHPUnit\Framework\TestCase->runTest()
#101 /Library/WebServer/Documents/projects/kontrol/vendor/phpunit/phpunit/src/Framework/TestRunner/TestRunner.php(99): PHPUnit\Framework\TestCase->runBare()
#102 /Library/WebServer/Documents/projects/kontrol/vendor/phpunit/phpunit/src/Framework/TestCase.php(360): PHPUnit\Framework\TestRunner->run(Object(P\Tests\Feature\PropertyOwnerCapabilityTest))
#103 /Library/WebServer/Documents/projects/kontrol/vendor/phpunit/phpunit/src/Framework/TestSuite.php(374): PHPUnit\Framework\TestCase->run()
#104 /Library/WebServer/Documents/projects/kontrol/vendor/brianium/paratest/src/WrapperRunner/ApplicationForWrapperWorker.php(124): PHPUnit\Framework\TestSuite->run()
#105 /Library/WebServer/Documents/projects/kontrol/vendor/pestphp/pest/bin/worker.php(115): ParaTest\WrapperRunner\ApplicationForWrapperWorker->runTest('/Library/WebSer...')
#106 /Library/WebServer/Documents/projects/kontrol/vendor/pestphp/pest/bin/worker.php(120): {closure:/Library/WebServer/Documents/projects/kontrol/vendor/pestphp/pest/bin/worker.php:31}()
#107 {main}

----------------------------------------------------------------------------------

SQLSTATE[HY000]: General error: 1 table user_profiles has no column named property_owner_id (Connection: sqlite, Database: :memory:, SQL: insert into "user_profiles" ("user_id", "property_owner_id", "updated_at", "created_at") values (2, ?, 2026-08-11 16:47:27, 2026-08-11 16:47:27))[39;22m

  at [32mtests/Feature/PropertyOwnerCapabilityTest.php[39m:[32m308[39m
    304▕         'email' => 'public@owner.com',
    305▕         'password' => 'Password123!',
    306▕         'password_confirmation' => 'Password123!',
    307▕     ]);
  ➜ 308▕     $response->assertOk(); // returns Inertia::render('Auth/JoinSuccess')
    309▕ 
    310▕     // Verify registration details
    311▕     $user = User::where('email', 'public@owner.com')->first();
    312▕     expect($user)->not->toBeNull();

  [31m────────────────────────────────────────────────────────────────────────────[39m  
  [41;1m FAILED [49;22m [1mTests\Feature\PropertyOwnerCapabilityTest[22m [90m>[39m property owner can in…   
[39;1m  Expected response status code [201, 301, 302, 303, 307, 308] but received 500.
Failed asserting that false is true.

The following exception occurred during the last request:

PDOException: SQLSTATE[HY000]: General error: 1 table user_profiles has no column named property_owner_id in /Library/WebServer/Documents/projects/kontrol/vendor/laravel/framework/src/Illuminate/Database/Connection.php:578
Stack trace:
#0 /Library/WebServer/Documents/projects/kontrol/vendor/laravel/framework/src/Illuminate/Database/Connection.php(578): PDO->prepare('insert into "us...')
#1 /Library/WebServer/Documents/projects/kontrol/vendor/laravel/framework/src/Illuminate/Database/Connection.php(827): Illuminate\Database\Connection->{closure:Illuminate\Database\Connection::statement():573}('insert into "us...', Array)
#2 /Library/WebServer/Documents/projects/kontrol/vendor/laravel/framework/src/Illuminate/Database/Connection.php(794): Illuminate\Database\Connection->runQueryCallback('insert into "us...', Array, Object(Closure))
#3 /Library/WebServer/Documents/projects/kontrol/vendor/laravel/framework/src/Illuminate/Database/Connection.php(573): Illuminate\Database\Connection->run('insert into "us...', Array, Object(Closure))
#4 /Library/WebServer/Documents/projects/kontrol/vendor/laravel/framework/src/Illuminate/Database/Connection.php(537): Illuminate\Database\Connection->statement('insert into "us...', Array)
#5 /Library/WebServer/Documents/projects/kontrol/vendor/laravel/framework/src/Illuminate/Database/Query/Processors/Processor.php(32): Illuminate\Database\Connection->insert('insert into "us...', Array)
#6 /Library/WebServer/Documents/projects/kontrol/vendor/laravel/framework/src/Illuminate/Database/Query/Builder.php(4170): Illuminate\Database\Query\Processors\Processor->processInsertGetId(Object(Illuminate\Database\Query\Builder), 'insert into "us...', Array, 'id')
#7 /Library/WebServer/Documents/projects/kontrol/vendor/laravel/framework/src/Illuminate/Database/Eloquent/Builder.php(2237): Illuminate\Database\Query\Builder->insertGetId(Array, 'id')
#8 /Library/WebServer/Documents/projects/kontrol/vendor/laravel/framework/src/Illuminate/Database/Eloquent/Model.php(1436): Illuminate\Database\Eloquent\Builder->__call('insertGetId', Array)
#9 /Library/WebServer/Documents/projects/kontrol/vendor/laravel/framework/src/Illuminate/Database/Eloquent/Model.php(1401): Illuminate\Database\Eloquent\Model->insertAndSetId(Object(Illuminate\Database\Eloquent\Builder), Array)
#10 /Library/WebServer/Documents/projects/kontrol/vendor/laravel/framework/src/Illuminate/Database/Eloquent/Model.php(1240): Illuminate\Database\Eloquent\Model->performInsert(Object(Illuminate\Database\Eloquent\Builder))
#11 /Library/WebServer/Documents/projects/kontrol/vendor/laravel/framework/src/Illuminate/Database/Eloquent/Builder.php(1219): Illuminate\Database\Eloquent\Model->save()
#12 /Library/WebServer/Documents/projects/kontrol/vendor/laravel/framework/src/Illuminate/Support/helpers.php(393): Illuminate\Database\Eloquent\Builder->{closure:Illuminate\Database\Eloquent\Builder::create():1218}(Object(App\Models\UserProfile))
#13 /Library/WebServer/Documents/projects/kontrol/vendor/laravel/framework/src/Illuminate/Database/Eloquent/Builder.php(1218): tap(Object(App\Models\UserProfile), Object(Closure))
#14 /Library/WebServer/Documents/projects/kontrol/vendor/laravel/framework/src/Illuminate/Support/Traits/ForwardsCalls.php(23): Illuminate\Database\Eloquent\Builder->create(Array)
#15 /Library/WebServer/Documents/projects/kontrol/vendor/laravel/framework/src/Illuminate/Database/Eloquent/Model.php(2540): Illuminate\Database\Eloquent\Model->forwardCallTo(Object(Illuminate\Database\Eloquent\Builder), 'create', Array)
#16 /Library/WebServer/Documents/projects/kontrol/vendor/laravel/framework/src/Illuminate/Database/Eloquent/Model.php(2556): Illuminate\Database\Eloquent\Model->__call('create', Array)
#17 /Library/WebServer/Documents/projects/kontrol/app/Http/Controllers/Resident/PropertyOwner/ResidentController.php(342): Illuminate\Database\Eloquent\Model::__callStatic('create', Array)
#18 /Library/WebServer/Documents/projects/kontrol/vendor/laravel/framework/src/Illuminate/Database/Concerns/ManagesTransactions.php(35): App\Http\Controllers\Resident\PropertyOwner\ResidentController->{closure:App\Http\Controllers\Resident\PropertyOwner\ResidentController::store():325}(Object(Illuminate\Database\SQLiteConnection))
#19 /Library/WebServer/Documents/projects/kontrol/vendor/laravel/framework/src/Illuminate/Database/DatabaseManager.php(491): Illuminate\Database\Connection->transaction(Object(Closure))
#20 /Library/WebServer/Documents/projects/kontrol/vendor/laravel/framework/src/Illuminate/Support/Facades/Facade.php(363): Illuminate\Database\DatabaseManager->__call('transaction', Array)
#21 /Library/WebServer/Documents/projects/kontrol/app/Http/Controllers/Resident/PropertyOwner/ResidentController.php(325): Illuminate\Support\Facades\Facade::__callStatic('transaction', Array)
#22 /Library/WebServer/Documents/projects/kontrol/vendor/laravel/framework/src/Illuminate/Routing/ControllerDispatcher.php(46): App\Http\Controllers\Resident\PropertyOwner\ResidentController->store(Object(Illuminate\Http\Request))
#23 /Library/WebServer/Documents/projects/kontrol/vendor/sentry/sentry-laravel/src/Sentry/Laravel/Tracing/Routing/TracingControllerDispatcherTracing.php(21): Illuminate\Routing\ControllerDispatcher->dispatch(Object(Illuminate\Routing\Route), Object(App\Http\Controllers\Resident\PropertyOwner\ResidentController), 'store')
#24 /Library/WebServer/Documents/projects/kontrol/vendor/sentry/sentry-laravel/src/Sentry/Laravel/Tracing/Routing/TracingRoutingDispatcher.php(35): Sentry\Laravel\Tracing\Routing\TracingControllerDispatcherTracing->{closure:Sentry\Laravel\Tracing\Routing\TracingControllerDispatcherTracing::dispatch():20}()
#25 /Library/WebServer/Documents/projects/kontrol/vendor/sentry/sentry-laravel/src/Sentry/Laravel/Tracing/Routing/TracingControllerDispatcherTracing.php(20): Sentry\Laravel\Tracing\Routing\TracingRoutingDispatcher->wrapRouteDispatch(Object(Closure), Object(Illuminate\Routing\Route))
#26 /Library/WebServer/Documents/projects/kontrol/vendor/laravel/framework/src/Illuminate/Routing/Route.php(265): Sentry\Laravel\Tracing\Routing\TracingControllerDispatcherTracing->dispatch(Object(Illuminate\Routing\Route), Object(App\Http\Controllers\Resident\PropertyOwner\ResidentController), 'store')
#27 /Library/WebServer/Documents/projects/kontrol/vendor/laravel/framework/src/Illuminate/Routing/Route.php(211): Illuminate\Routing\Route->runController()
#28 /Library/WebServer/Documents/projects/kontrol/vendor/laravel/framework/src/Illuminate/Routing/Router.php(822): Illuminate\Routing\Route->run()
#29 /Library/WebServer/Documents/projects/kontrol/vendor/laravel/framework/src/Illuminate/Pipeline/Pipeline.php(180): Illuminate\Routing\Router->{closure:Illuminate\Routing\Router::runRouteWithinStack():821}(Object(Illuminate\Http\Request))
#30 /Library/WebServer/Documents/projects/kontrol/app/Http/Middleware/EnsureUserHasRole.php(71): Illuminate\Pipeline\Pipeline->{closure:Illuminate\Pipeline\Pipeline::prepareDestination():178}(Object(Illuminate\Http\Request))
#31 /Library/WebServer/Documents/projects/kontrol/vendor/laravel/framework/src/Illuminate/Pipeline/Pipeline.php(219): App\Http\Middleware\EnsureUserHasRole->handle(Object(Illuminate\Http\Request), Object(Closure), 'property_owner')
#32 /Library/WebServer/Documents/projects/kontrol/app/Http/Middleware/EnsureUserHasRole.php(71): Illuminate\Pipeline\Pipeline->{closure:{closure:Illuminate\Pipeline\Pipeline::carry():194}:195}(Object(Illuminate\Http\Request))
#33 /Library/WebServer/Documents/projects/kontrol/vendor/laravel/framework/src/Illuminate/Pipeline/Pipeline.php(219): App\Http\Middleware\EnsureUserHasRole->handle(Object(Illuminate\Http\Request), Object(Closure), 'resident')
#34 /Library/WebServer/Documents/projects/kontrol/vendor/laravel/framework/src/Illuminate/Http/Middleware/AddLinkHeadersForPreloadedAssets.php(32): Illuminate\Pipeline\Pipeline->{closure:{closure:Illuminate\Pipeline\Pipeline::carry():194}:195}(Object(Illuminate\Http\Request))
#35 /Library/WebServer/Documents/projects/kontrol/vendor/laravel/framework/src/Illuminate/Pipeline/Pipeline.php(219): Illuminate\Http\Middleware\AddLinkHeadersForPreloadedAssets->handle(Object(Illuminate\Http\Request), Object(Closure))
#36 /Library/WebServer/Documents/projects/kontrol/vendor/inertiajs/inertia-laravel/src/Middleware.php(122): Illuminate\Pipeline\Pipeline->{closure:{closure:Illuminate\Pipeline\Pipeline::carry():194}:195}(Object(Illuminate\Http\Request))
#37 /Library/WebServer/Documents/projects/kontrol/vendor/laravel/framework/src/Illuminate/Pipeline/Pipeline.php(219): Inertia\Middleware->handle(Object(Illuminate\Http\Request), Object(Closure))
#38 /Library/WebServer/Documents/projects/kontrol/app/Http/Middleware/ResolveContext.php(28): Illuminate\Pipeline\Pipeline->{closure:{closure:Illuminate\Pipeline\Pipeline::carry():194}:195}(Object(Illuminate\Http\Request))
#39 /Library/WebServer/Documents/projects/kontrol/vendor/laravel/framework/src/Illuminate/Pipeline/Pipeline.php(219): App\Http\Middleware\ResolveContext->handle(Object(Illuminate\Http\Request), Object(Closure))
#40 /Library/WebServer/Documents/projects/kontrol/vendor/laravel/framework/src/Illuminate/Routing/Middleware/SubstituteBindings.php(50): Illuminate\Pipeline\Pipeline->{closure:{closure:Illuminate\Pipeline\Pipeline::carry():194}:195}(Object(Illuminate\Http\Request))
#41 /Library/WebServer/Documents/projects/kontrol/vendor/laravel/framework/src/Illuminate/Pipeline/Pipeline.php(219): Illuminate\Routing\Middleware\SubstituteBindings->handle(Object(Illuminate\Http\Request), Object(Closure))
#42 /Library/WebServer/Documents/projects/kontrol/vendor/laravel/framework/src/Illuminate/Session/Middleware/AuthenticateSession.php(70): Illuminate\Pipeline\Pipeline->{closure:{closure:Illuminate\Pipeline\Pipeline::carry():194}:195}(Object(Illuminate\Http\Request))
#43 /Library/WebServer/Documents/projects/kontrol/vendor/laravel/framework/src/Illuminate/Pipeline/Pipeline.php(219): Illuminate\Session\Middleware\AuthenticateSession->handle(Object(Illuminate\Http\Request), Object(Closure))
#44 /Library/WebServer/Documents/projects/kontrol/vendor/laravel/framework/src/Illuminate/Foundation/Http/Middleware/VerifyCsrfToken.php(87): Illuminate\Pipeline\Pipeline->{closure:{closure:Illuminate\Pipeline\Pipeline::carry():194}:195}(Object(Illuminate\Http\Request))
#45 /Library/WebServer/Documents/projects/kontrol/app/Http/Middleware/ValidateCsrfToken.php(24): Illuminate\Foundation\Http\Middleware\VerifyCsrfToken->handle(Object(Illuminate\Http\Request), Object(Closure))
#46 /Library/WebServer/Documents/projects/kontrol/vendor/laravel/framework/src/Illuminate/Pipeline/Pipeline.php(219): App\Http\Middleware\ValidateCsrfToken->handle(Object(Illuminate\Http\Request), Object(Closure))
#47 /Library/WebServer/Documents/projects/kontrol/vendor/laravel/framework/src/Illuminate/View/Middleware/ShareErrorsFromSession.php(48): Illuminate\Pipeline\Pipeline->{closure:{closure:Illuminate\Pipeline\Pipeline::carry():194}:195}(Object(Illuminate\Http\Request))
#48 /Library/WebServer/Documents/projects/kontrol/vendor/laravel/framework/src/Illuminate/Pipeline/Pipeline.php(219): Illuminate\View\Middleware\ShareErrorsFromSession->handle(Object(Illuminate\Http\Request), Object(Closure))
#49 /Library/WebServer/Documents/projects/kontrol/vendor/laravel/framework/src/Illuminate/Session/Middleware/StartSession.php(120): Illuminate\Pipeline\Pipeline->{closure:{closure:Illuminate\Pipeline\Pipeline::carry():194}:195}(Object(Illuminate\Http\Request))
#50 /Library/WebServer/Documents/projects/kontrol/vendor/laravel/framework/src/Illuminate/Session/Middleware/StartSession.php(63): Illuminate\Session\Middleware\StartSession->handleStatefulRequest(Object(Illuminate\Http\Request), Object(Illuminate\Session\Store), Object(Closure))
#51 /Library/WebServer/Documents/projects/kontrol/vendor/laravel/framework/src/Illuminate/Pipeline/Pipeline.php(219): Illuminate\Session\Middleware\StartSession->handle(Object(Illuminate\Http\Request), Object(Closure))
#52 /Library/WebServer/Documents/projects/kontrol/vendor/laravel/framework/src/Illuminate/Cookie/Middleware/AddQueuedCookiesToResponse.php(36): Illuminate\Pipeline\Pipeline->{closure:{closure:Illuminate\Pipeline\Pipeline::carry():194}:195}(Object(Illuminate\Http\Request))
#53 /Library/WebServer/Documents/projects/kontrol/vendor/laravel/framework/src/Illuminate/Pipeline/Pipeline.php(219): Illuminate\Cookie\Middleware\AddQueuedCookiesToResponse->handle(Object(Illuminate\Http\Request), Object(Closure))
#54 /Library/WebServer/Documents/projects/kontrol/vendor/laravel/framework/src/Illuminate/Cookie/Middleware/EncryptCookies.php(74): Illuminate\Pipeline\Pipeline->{closure:{closure:Illuminate\Pipeline\Pipeline::carry():194}:195}(Object(Illuminate\Http\Request))
#55 /Library/WebServer/Documents/projects/kontrol/vendor/laravel/framework/src/Illuminate/Pipeline/Pipeline.php(219): Illuminate\Cookie\Middleware\EncryptCookies->handle(Object(Illuminate\Http\Request), Object(Closure))
#56 /Library/WebServer/Documents/projects/kontrol/vendor/laravel/framework/src/Illuminate/Pipeline/Pipeline.php(137): Illuminate\Pipeline\Pipeline->{closure:{closure:Illuminate\Pipeline\Pipeline::carry():194}:195}(Object(Illuminate\Http\Request))
#57 /Library/WebServer/Documents/projects/kontrol/vendor/laravel/framework/src/Illuminate/Routing/Router.php(821): Illuminate\Pipeline\Pipeline->then(Object(Closure))
#58 /Library/WebServer/Documents/projects/kontrol/vendor/laravel/framework/src/Illuminate/Routing/Router.php(800): Illuminate\Routing\Router->runRouteWithinStack(Object(Illuminate\Routing\Route), Object(Illuminate\Http\Request))
#59 /Library/WebServer/Documents/projects/kontrol/vendor/laravel/framework/src/Illuminate/Routing/Router.php(764): Illuminate\Routing\Router->runRoute(Object(Illuminate\Http\Request), Object(Illuminate\Routing\Route))
#60 /Library/WebServer/Documents/projects/kontrol/vendor/laravel/framework/src/Illuminate/Routing/Router.php(753): Illuminate\Routing\Router->dispatchToRoute(Object(Illuminate\Http\Request))
#61 /Library/WebServer/Documents/projects/kontrol/vendor/laravel/framework/src/Illuminate/Foundation/Http/Kernel.php(200): Illuminate\Routing\Router->dispatch(Object(Illuminate\Http\Request))
#62 /Library/WebServer/Documents/projects/kontrol/vendor/laravel/framework/src/Illuminate/Pipeline/Pipeline.php(180): Illuminate\Foundation\Http\Kernel->{closure:Illuminate\Foundation\Http\Kernel::dispatchToRouter():197}(Object(Illuminate\Http\Request))
#63 /Library/WebServer/Documents/projects/kontrol/vendor/sentry/sentry-laravel/src/Sentry/Laravel/Http/FlushEventsMiddleware.php(13): Illuminate\Pipeline\Pipeline->{closure:Illuminate\Pipeline\Pipeline::prepareDestination():178}(Object(Illuminate\Http\Request))
#64 /Library/WebServer/Documents/projects/kontrol/vendor/laravel/framework/src/Illuminate/Pipeline/Pipeline.php(219): Sentry\Laravel\Http\FlushEventsMiddleware->handle(Object(Illuminate\Http\Request), Object(Closure))
#65 /Library/WebServer/Documents/projects/kontrol/vendor/sentry/sentry-laravel/src/Sentry/Laravel/Http/SetRequestIpMiddleware.php(45): Illuminate\Pipeline\Pipeline->{closure:{closure:Illuminate\Pipeline\Pipeline::carry():194}:195}(Object(Illuminate\Http\Request))
#66 /Library/WebServer/Documents/projects/kontrol/vendor/laravel/framework/src/Illuminate/Pipeline/Pipeline.php(219): Sentry\Laravel\Http\SetRequestIpMiddleware->handle(Object(Illuminate\Http\Request), Object(Closure))
#67 /Library/WebServer/Documents/projects/kontrol/vendor/sentry/sentry-laravel/src/Sentry/Laravel/Http/SetRequestMiddleware.php(31): Illuminate\Pipeline\Pipeline->{closure:{closure:Illuminate\Pipeline\Pipeline::carry():194}:195}(Object(Illuminate\Http\Request))
#68 /Library/WebServer/Documents/projects/kontrol/vendor/laravel/framework/src/Illuminate/Pipeline/Pipeline.php(219): Sentry\Laravel\Http\SetRequestMiddleware->handle(Object(Illuminate\Http\Request), Object(Closure))
#69 /Library/WebServer/Documents/projects/kontrol/vendor/laravel/framework/src/Illuminate/Foundation/Http/Middleware/TransformsRequest.php(21): Illuminate\Pipeline\Pipeline->{closure:{closure:Illuminate\Pipeline\Pipeline::carry():194}:195}(Object(Illuminate\Http\Request))
#70 /Library/WebServer/Documents/projects/kontrol/vendor/laravel/framework/src/Illuminate/Foundation/Http/Middleware/ConvertEmptyStringsToNull.php(31): Illuminate\Foundation\Http\Middleware\TransformsRequest->handle(Object(Illuminate\Http\Request), Object(Closure))
#71 /Library/WebServer/Documents/projects/kontrol/vendor/laravel/framework/src/Illuminate/Pipeline/Pipeline.php(219): Illuminate\Foundation\Http\Middleware\ConvertEmptyStringsToNull->handle(Object(Illuminate\Http\Request), Object(Closure))
#72 /Library/WebServer/Documents/projects/kontrol/vendor/laravel/framework/src/Illuminate/Foundation/Http/Middleware/TransformsRequest.php(21): Illuminate\Pipeline\Pipeline->{closure:{closure:Illuminate\Pipeline\Pipeline::carry():194}:195}(Object(Illuminate\Http\Request))
#73 /Library/WebServer/Documents/projects/kontrol/vendor/laravel/framework/src/Illuminate/Foundation/Http/Middleware/TrimStrings.php(51): Illuminate\Foundation\Http\Middleware\TransformsRequest->handle(Object(Illuminate\Http\Request), Object(Closure))
#74 /Library/WebServer/Documents/projects/kontrol/vendor/laravel/framework/src/Illuminate/Pipeline/Pipeline.php(219): Illuminate\Foundation\Http\Middleware\TrimStrings->handle(Object(Illuminate\Http\Request), Object(Closure))
#75 /Library/WebServer/Documents/projects/kontrol/vendor/laravel/framework/src/Illuminate/Http/Middleware/ValidatePostSize.php(27): Illuminate\Pipeline\Pipeline->{closure:{closure:Illuminate\Pipeline\Pipeline::carry():194}:195}(Object(Illuminate\Http\Request))
#76 /Library/WebServer/Documents/projects/kontrol/vendor/laravel/framework/src/Illuminate/Pipeline/Pipeline.php(219): Illuminate\Http\Middleware\ValidatePostSize->handle(Object(Illuminate\Http\Request), Object(Closure))
#77 /Library/WebServer/Documents/projects/kontrol/vendor/laravel/framework/src/Illuminate/Foundation/Http/Middleware/PreventRequestsDuringMaintenance.php(109): Illuminate\Pipeline\Pipeline->{closure:{closure:Illuminate\Pipeline\Pipeline::carry():194}:195}(Object(Illuminate\Http\Request))
#78 /Library/WebServer/Documents/projects/kontrol/vendor/laravel/framework/src/Illuminate/Pipeline/Pipeline.php(219): Illuminate\Foundation\Http\Middleware\PreventRequestsDuringMaintenance->handle(Object(Illuminate\Http\Request), Object(Closure))
#79 /Library/WebServer/Documents/projects/kontrol/vendor/laravel/framework/src/Illuminate/Http/Middleware/HandleCors.php(61): Illuminate\Pipeline\Pipeline->{closure:{closure:Illuminate\Pipeline\Pipeline::carry():194}:195}(Object(Illuminate\Http\Request))
#80 /Library/WebServer/Documents/projects/kontrol/vendor/laravel/framework/src/Illuminate/Pipeline/Pipeline.php(219): Illuminate\Http\Middleware\HandleCors->handle(Object(Illuminate\Http\Request), Object(Closure))
#81 /Library/WebServer/Documents/projects/kontrol/vendor/laravel/framework/src/Illuminate/Http/Middleware/TrustProxies.php(58): Illuminate\Pipeline\Pipeline->{closure:{closure:Illuminate\Pipeline\Pipeline::carry():194}:195}(Object(Illuminate\Http\Request))
#82 /Library/WebServer/Documents/projects/kontrol/vendor/laravel/framework/src/Illuminate/Pipeline/Pipeline.php(219): Illuminate\Http\Middleware\TrustProxies->handle(Object(Illuminate\Http\Request), Object(Closure))
#83 /Library/WebServer/Documents/projects/kontrol/vendor/laravel/framework/src/Illuminate/Foundation/Http/Middleware/InvokeDeferredCallbacks.php(22): Illuminate\Pipeline\Pipeline->{closure:{closure:Illuminate\Pipeline\Pipeline::carry():194}:195}(Object(Illuminate\Http\Request))
#84 /Library/WebServer/Documents/projects/kontrol/vendor/laravel/framework/src/Illuminate/Pipeline/Pipeline.php(219): Illuminate\Foundation\Http\Middleware\InvokeDeferredCallbacks->handle(Object(Illuminate\Http\Request), Object(Closure))
#85 /Library/WebServer/Documents/projects/kontrol/vendor/laravel/framework/src/Illuminate/Http/Middleware/ValidatePathEncoding.php(26): Illuminate\Pipeline\Pipeline->{closure:{closure:Illuminate\Pipeline\Pipeline::carry():194}:195}(Object(Illuminate\Http\Request))
#86 /Library/WebServer/Documents/projects/kontrol/vendor/laravel/framework/src/Illuminate/Pipeline/Pipeline.php(219): Illuminate\Http\Middleware\ValidatePathEncoding->handle(Object(Illuminate\Http\Request), Object(Closure))
#87 /Library/WebServer/Documents/projects/kontrol/vendor/sentry/sentry-laravel/src/Sentry/Laravel/Tracing/Middleware.php(79): Illuminate\Pipeline\Pipeline->{closure:{closure:Illuminate\Pipeline\Pipeline::carry():194}:195}(Object(Illuminate\Http\Request))
#88 /Library/WebServer/Documents/projects/kontrol/vendor/laravel/framework/src/Illuminate/Pipeline/Pipeline.php(219): Sentry\Laravel\Tracing\Middleware->handle(Object(Illuminate\Http\Request), Object(Closure))
#89 /Library/WebServer/Documents/projects/kontrol/vendor/laravel/framework/src/Illuminate/Pipeline/Pipeline.php(137): Illuminate\Pipeline\Pipeline->{closure:{closure:Illuminate\Pipeline\Pipeline::carry():194}:195}(Object(Illuminate\Http\Request))
#90 /Library/WebServer/Documents/projects/kontrol/vendor/laravel/framework/src/Illuminate/Foundation/Http/Kernel.php(175): Illuminate\Pipeline\Pipeline->then(Object(Closure))
#91 /Library/WebServer/Documents/projects/kontrol/vendor/laravel/framework/src/Illuminate/Foundation/Http/Kernel.php(144): Illuminate\Foundation\Http\Kernel->sendRequestThroughRouter(Object(Illuminate\Http\Request))
#92 /Library/WebServer/Documents/projects/kontrol/vendor/laravel/framework/src/Illuminate/Foundation/Testing/Concerns/MakesHttpRequests.php(607): Illuminate\Foundation\Http\Kernel->handle(Object(Illuminate\Http\Request))
#93 /Library/WebServer/Documents/projects/kontrol/vendor/laravel/framework/src/Illuminate/Foundation/Testing/Concerns/MakesHttpRequests.php(397): Illuminate\Foundation\Testing\TestCase->call('POST', 'http://kontrol....', Array, Array, Array, Array)
#94 /Library/WebServer/Documents/projects/kontrol/tests/Feature/PropertyOwnerCapabilityTest.php(347): Illuminate\Foundation\Testing\TestCase->post('http://kontrol....', Array)
#95 /Library/WebServer/Documents/projects/kontrol/vendor/pestphp/pest/src/Factories/TestCaseMethodFactory.php(177): P\Tests\Feature\PropertyOwnerCapabilityTest->{closure:/Library/WebServer/Documents/projects/kontrol/tests/Feature/PropertyOwnerCapabilityTest.php:321}()
#96 [internal function]: P\Tests\Feature\PropertyOwnerCapabilityTest->{closure:Pest\Factories\TestCaseMethodFactory::getClosure():167}()
#97 /Library/WebServer/Documents/projects/kontrol/vendor/pestphp/pest/src/Concerns/Testable.php(576): call_user_func_array(Object(Closure), Array)
#98 /Library/WebServer/Documents/projects/kontrol/vendor/pestphp/pest/src/Support/ExceptionTrace.php(26): P\Tests\Feature\PropertyOwnerCapabilityTest->{closure:Pest\Concerns\Testable::__callClosure():576}()
#99 /Library/WebServer/Documents/projects/kontrol/vendor/pestphp/pest/src/Concerns/Testable.php(576): Pest\Support\ExceptionTrace::ensure(Object(Closure))
#100 /Library/WebServer/Documents/projects/kontrol/vendor/pestphp/pest/src/Concerns/Testable.php(403): P\Tests\Feature\PropertyOwnerCapabilityTest->__callClosure(Object(Closure), Array)
#101 /Library/WebServer/Documents/projects/kontrol/vendor/pestphp/pest/src/Factories/TestCaseFactory.php(175) : eval()'d code(53): P\Tests\Feature\PropertyOwnerCapabilityTest->__runTest(Object(Closure))
#102 /Library/WebServer/Documents/projects/kontrol/vendor/phpunit/phpunit/src/Framework/TestCase.php(1310): P\Tests\Feature\PropertyOwnerCapabilityTest->__pest_evaluable_property_owner_can_invite_resident_manually()
#103 /Library/WebServer/Documents/projects/kontrol/vendor/phpunit/phpunit/src/Framework/TestCase.php(1344): PHPUnit\Framework\TestCase->invokeTestMethod('__pest_evaluabl...', Array)
#104 /Library/WebServer/Documents/projects/kontrol/vendor/phpunit/phpunit/src/Framework/TestCase.php(520): PHPUnit\Framework\TestCase->runTest()
#105 /Library/WebServer/Documents/projects/kontrol/vendor/phpunit/phpunit/src/Framework/TestRunner/TestRunner.php(99): PHPUnit\Framework\TestCase->runBare()
#106 /Library/WebServer/Documents/projects/kontrol/vendor/phpunit/phpunit/src/Framework/TestCase.php(360): PHPUnit\Framework\TestRunner->run(Object(P\Tests\Feature\PropertyOwnerCapabilityTest))
#107 /Library/WebServer/Documents/projects/kontrol/vendor/phpunit/phpunit/src/Framework/TestSuite.php(374): PHPUnit\Framework\TestCase->run()
#108 /Library/WebServer/Documents/projects/kontrol/vendor/brianium/paratest/src/WrapperRunner/ApplicationForWrapperWorker.php(124): PHPUnit\Framework\TestSuite->run()
#109 /Library/WebServer/Documents/projects/kontrol/vendor/pestphp/pest/bin/worker.php(115): ParaTest\WrapperRunner\ApplicationForWrapperWorker->runTest('/Library/WebSer...')
#110 /Library/WebServer/Documents/projects/kontrol/vendor/pestphp/pest/bin/worker.php(120): {closure:/Library/WebServer/Documents/projects/kontrol/vendor/pestphp/pest/bin/worker.php:31}()
#111 {main}

Next Illuminate\Database\QueryException: SQLSTATE[HY000]: General error: 1 table user_profiles has no column named property_owner_id (Connection: sqlite, Database: :memory:, SQL: insert into "user_profiles" ("user_id", "phone", "unit_number", "address", "property_owner_id", "property_id", "updated_at", "created_at") values (3, 1122334455, Flat 5B, 789 Oak Ave, 2, 1, 2026-08-11 16:47:28, 2026-08-11 16:47:28)) in /Library/WebServer/Documents/projects/kontrol/vendor/laravel/framework/src/Illuminate/Database/Connection.php:838
Stack trace:
#0 /Library/WebServer/Documents/projects/kontrol/vendor/laravel/framework/src/Illuminate/Database/Connection.php(794): Illuminate\Database\Connection->runQueryCallback('insert into "us...', Array, Object(Closure))
#1 /Library/WebServer/Documents/projects/kontrol/vendor/laravel/framework/src/Illuminate/Database/Connection.php(573): Illuminate\Database\Connection->run('insert into "us...', Array, Object(Closure))
#2 /Library/WebServer/Documents/projects/kontrol/vendor/laravel/framework/src/Illuminate/Database/Connection.php(537): Illuminate\Database\Connection->statement('insert into "us...', Array)
#3 /Library/WebServer/Documents/projects/kontrol/vendor/laravel/framework/src/Illuminate/Database/Query/Processors/Processor.php(32): Illuminate\Database\Connection->insert('insert into "us...', Array)
#4 /Library/WebServer/Documents/projects/kontrol/vendor/laravel/framework/src/Illuminate/Database/Query/Builder.php(4170): Illuminate\Database\Query\Processors\Processor->processInsertGetId(Object(Illuminate\Database\Query\Builder), 'insert into "us...', Array, 'id')
#5 /Library/WebServer/Documents/projects/kontrol/vendor/laravel/framework/src/Illuminate/Database/Eloquent/Builder.php(2237): Illuminate\Database\Query\Builder->insertGetId(Array, 'id')
#6 /Library/WebServer/Documents/projects/kontrol/vendor/laravel/framework/src/Illuminate/Database/Eloquent/Model.php(1436): Illuminate\Database\Eloquent\Builder->__call('insertGetId', Array)
#7 /Library/WebServer/Documents/projects/kontrol/vendor/laravel/framework/src/Illuminate/Database/Eloquent/Model.php(1401): Illuminate\Database\Eloquent\Model->insertAndSetId(Object(Illuminate\Database\Eloquent\Builder), Array)
#8 /Library/WebServer/Documents/projects/kontrol/vendor/laravel/framework/src/Illuminate/Database/Eloquent/Model.php(1240): Illuminate\Database\Eloquent\Model->performInsert(Object(Illuminate\Database\Eloquent\Builder))
#9 /Library/WebServer/Documents/projects/kontrol/vendor/laravel/framework/src/Illuminate/Database/Eloquent/Builder.php(1219): Illuminate\Database\Eloquent\Model->save()
#10 /Library/WebServer/Documents/projects/kontrol/vendor/laravel/framework/src/Illuminate/Support/helpers.php(393): Illuminate\Database\Eloquent\Builder->{closure:Illuminate\Database\Eloquent\Builder::create():1218}(Object(App\Models\UserProfile))
#11 /Library/WebServer/Documents/projects/kontrol/vendor/laravel/framework/src/Illuminate/Database/Eloquent/Builder.php(1218): tap(Object(App\Models\UserProfile), Object(Closure))
#12 /Library/WebServer/Documents/projects/kontrol/vendor/laravel/framework/src/Illuminate/Support/Traits/ForwardsCalls.php(23): Illuminate\Database\Eloquent\Builder->create(Array)
#13 /Library/WebServer/Documents/projects/kontrol/vendor/laravel/framework/src/Illuminate/Database/Eloquent/Model.php(2540): Illuminate\Database\Eloquent\Model->forwardCallTo(Object(Illuminate\Database\Eloquent\Builder), 'create', Array)
#14 /Library/WebServer/Documents/projects/kontrol/vendor/laravel/framework/src/Illuminate/Database/Eloquent/Model.php(2556): Illuminate\Database\Eloquent\Model->__call('create', Array)
#15 /Library/WebServer/Documents/projects/kontrol/app/Http/Controllers/Resident/PropertyOwner/ResidentController.php(342): Illuminate\Database\Eloquent\Model::__callStatic('create', Array)
#16 /Library/WebServer/Documents/projects/kontrol/vendor/laravel/framework/src/Illuminate/Database/Concerns/ManagesTransactions.php(35): App\Http\Controllers\Resident\PropertyOwner\ResidentController->{closure:App\Http\Controllers\Resident\PropertyOwner\ResidentController::store():325}(Object(Illuminate\Database\SQLiteConnection))
#17 /Library/WebServer/Documents/projects/kontrol/vendor/laravel/framework/src/Illuminate/Database/DatabaseManager.php(491): Illuminate\Database\Connection->transaction(Object(Closure))
#18 /Library/WebServer/Documents/projects/kontrol/vendor/laravel/framework/src/Illuminate/Support/Facades/Facade.php(363): Illuminate\Database\DatabaseManager->__call('transaction', Array)
#19 /Library/WebServer/Documents/projects/kontrol/app/Http/Controllers/Resident/PropertyOwner/ResidentController.php(325): Illuminate\Support\Facades\Facade::__callStatic('transaction', Array)
#20 /Library/WebServer/Documents/projects/kontrol/vendor/laravel/framework/src/Illuminate/Routing/ControllerDispatcher.php(46): App\Http\Controllers\Resident\PropertyOwner\ResidentController->store(Object(Illuminate\Http\Request))
#21 /Library/WebServer/Documents/projects/kontrol/vendor/sentry/sentry-laravel/src/Sentry/Laravel/Tracing/Routing/TracingControllerDispatcherTracing.php(21): Illuminate\Routing\ControllerDispatcher->dispatch(Object(Illuminate\Routing\Route), Object(App\Http\Controllers\Resident\PropertyOwner\ResidentController), 'store')
#22 /Library/WebServer/Documents/projects/kontrol/vendor/sentry/sentry-laravel/src/Sentry/Laravel/Tracing/Routing/TracingRoutingDispatcher.php(35): Sentry\Laravel\Tracing\Routing\TracingControllerDispatcherTracing->{closure:Sentry\Laravel\Tracing\Routing\TracingControllerDispatcherTracing::dispatch():20}()
#23 /Library/WebServer/Documents/projects/kontrol/vendor/sentry/sentry-laravel/src/Sentry/Laravel/Tracing/Routing/TracingControllerDispatcherTracing.php(20): Sentry\Laravel\Tracing\Routing\TracingRoutingDispatcher->wrapRouteDispatch(Object(Closure), Object(Illuminate\Routing\Route))
#24 /Library/WebServer/Documents/projects/kontrol/vendor/laravel/framework/src/Illuminate/Routing/Route.php(265): Sentry\Laravel\Tracing\Routing\TracingControllerDispatcherTracing->dispatch(Object(Illuminate\Routing\Route), Object(App\Http\Controllers\Resident\PropertyOwner\ResidentController), 'store')
#25 /Library/WebServer/Documents/projects/kontrol/vendor/laravel/framework/src/Illuminate/Routing/Route.php(211): Illuminate\Routing\Route->runController()
#26 /Library/WebServer/Documents/projects/kontrol/vendor/laravel/framework/src/Illuminate/Routing/Router.php(822): Illuminate\Routing\Route->run()
#27 /Library/WebServer/Documents/projects/kontrol/vendor/laravel/framework/src/Illuminate/Pipeline/Pipeline.php(180): Illuminate\Routing\Router->{closure:Illuminate\Routing\Router::runRouteWithinStack():821}(Object(Illuminate\Http\Request))
#28 /Library/WebServer/Documents/projects/kontrol/app/Http/Middleware/EnsureUserHasRole.php(71): Illuminate\Pipeline\Pipeline->{closure:Illuminate\Pipeline\Pipeline::prepareDestination():178}(Object(Illuminate\Http\Request))
#29 /Library/WebServer/Documents/projects/kontrol/vendor/laravel/framework/src/Illuminate/Pipeline/Pipeline.php(219): App\Http\Middleware\EnsureUserHasRole->handle(Object(Illuminate\Http\Request), Object(Closure), 'property_owner')
#30 /Library/WebServer/Documents/projects/kontrol/app/Http/Middleware/EnsureUserHasRole.php(71): Illuminate\Pipeline\Pipeline->{closure:{closure:Illuminate\Pipeline\Pipeline::carry():194}:195}(Object(Illuminate\Http\Request))
#31 /Library/WebServer/Documents/projects/kontrol/vendor/laravel/framework/src/Illuminate/Pipeline/Pipeline.php(219): App\Http\Middleware\EnsureUserHasRole->handle(Object(Illuminate\Http\Request), Object(Closure), 'resident')
#32 /Library/WebServer/Documents/projects/kontrol/vendor/laravel/framework/src/Illuminate/Http/Middleware/AddLinkHeadersForPreloadedAssets.php(32): Illuminate\Pipeline\Pipeline->{closure:{closure:Illuminate\Pipeline\Pipeline::carry():194}:195}(Object(Illuminate\Http\Request))
#33 /Library/WebServer/Documents/projects/kontrol/vendor/laravel/framework/src/Illuminate/Pipeline/Pipeline.php(219): Illuminate\Http\Middleware\AddLinkHeadersForPreloadedAssets->handle(Object(Illuminate\Http\Request), Object(Closure))
#34 /Library/WebServer/Documents/projects/kontrol/vendor/inertiajs/inertia-laravel/src/Middleware.php(122): Illuminate\Pipeline\Pipeline->{closure:{closure:Illuminate\Pipeline\Pipeline::carry():194}:195}(Object(Illuminate\Http\Request))
#35 /Library/WebServer/Documents/projects/kontrol/vendor/laravel/framework/src/Illuminate/Pipeline/Pipeline.php(219): Inertia\Middleware->handle(Object(Illuminate\Http\Request), Object(Closure))
#36 /Library/WebServer/Documents/projects/kontrol/app/Http/Middleware/ResolveContext.php(28): Illuminate\Pipeline\Pipeline->{closure:{closure:Illuminate\Pipeline\Pipeline::carry():194}:195}(Object(Illuminate\Http\Request))
#37 /Library/WebServer/Documents/projects/kontrol/vendor/laravel/framework/src/Illuminate/Pipeline/Pipeline.php(219): App\Http\Middleware\ResolveContext->handle(Object(Illuminate\Http\Request), Object(Closure))
#38 /Library/WebServer/Documents/projects/kontrol/vendor/laravel/framework/src/Illuminate/Routing/Middleware/SubstituteBindings.php(50): Illuminate\Pipeline\Pipeline->{closure:{closure:Illuminate\Pipeline\Pipeline::carry():194}:195}(Object(Illuminate\Http\Request))
#39 /Library/WebServer/Documents/projects/kontrol/vendor/laravel/framework/src/Illuminate/Pipeline/Pipeline.php(219): Illuminate\Routing\Middleware\SubstituteBindings->handle(Object(Illuminate\Http\Request), Object(Closure))
#40 /Library/WebServer/Documents/projects/kontrol/vendor/laravel/framework/src/Illuminate/Session/Middleware/AuthenticateSession.php(70): Illuminate\Pipeline\Pipeline->{closure:{closure:Illuminate\Pipeline\Pipeline::carry():194}:195}(Object(Illuminate\Http\Request))
#41 /Library/WebServer/Documents/projects/kontrol/vendor/laravel/framework/src/Illuminate/Pipeline/Pipeline.php(219): Illuminate\Session\Middleware\AuthenticateSession->handle(Object(Illuminate\Http\Request), Object(Closure))
#42 /Library/WebServer/Documents/projects/kontrol/vendor/laravel/framework/src/Illuminate/Foundation/Http/Middleware/VerifyCsrfToken.php(87): Illuminate\Pipeline\Pipeline->{closure:{closure:Illuminate\Pipeline\Pipeline::carry():194}:195}(Object(Illuminate\Http\Request))
#43 /Library/WebServer/Documents/projects/kontrol/app/Http/Middleware/ValidateCsrfToken.php(24): Illuminate\Foundation\Http\Middleware\VerifyCsrfToken->handle(Object(Illuminate\Http\Request), Object(Closure))
#44 /Library/WebServer/Documents/projects/kontrol/vendor/laravel/framework/src/Illuminate/Pipeline/Pipeline.php(219): App\Http\Middleware\ValidateCsrfToken->handle(Object(Illuminate\Http\Request), Object(Closure))
#45 /Library/WebServer/Documents/projects/kontrol/vendor/laravel/framework/src/Illuminate/View/Middleware/ShareErrorsFromSession.php(48): Illuminate\Pipeline\Pipeline->{closure:{closure:Illuminate\Pipeline\Pipeline::carry():194}:195}(Object(Illuminate\Http\Request))
#46 /Library/WebServer/Documents/projects/kontrol/vendor/laravel/framework/src/Illuminate/Pipeline/Pipeline.php(219): Illuminate\View\Middleware\ShareErrorsFromSession->handle(Object(Illuminate\Http\Request), Object(Closure))
#47 /Library/WebServer/Documents/projects/kontrol/vendor/laravel/framework/src/Illuminate/Session/Middleware/StartSession.php(120): Illuminate\Pipeline\Pipeline->{closure:{closure:Illuminate\Pipeline\Pipeline::carry():194}:195}(Object(Illuminate\Http\Request))
#48 /Library/WebServer/Documents/projects/kontrol/vendor/laravel/framework/src/Illuminate/Session/Middleware/StartSession.php(63): Illuminate\Session\Middleware\StartSession->handleStatefulRequest(Object(Illuminate\Http\Request), Object(Illuminate\Session\Store), Object(Closure))
#49 /Library/WebServer/Documents/projects/kontrol/vendor/laravel/framework/src/Illuminate/Pipeline/Pipeline.php(219): Illuminate\Session\Middleware\StartSession->handle(Object(Illuminate\Http\Request), Object(Closure))
#50 /Library/WebServer/Documents/projects/kontrol/vendor/laravel/framework/src/Illuminate/Cookie/Middleware/AddQueuedCookiesToResponse.php(36): Illuminate\Pipeline\Pipeline->{closure:{closure:Illuminate\Pipeline\Pipeline::carry():194}:195}(Object(Illuminate\Http\Request))
#51 /Library/WebServer/Documents/projects/kontrol/vendor/laravel/framework/src/Illuminate/Pipeline/Pipeline.php(219): Illuminate\Cookie\Middleware\AddQueuedCookiesToResponse->handle(Object(Illuminate\Http\Request), Object(Closure))
#52 /Library/WebServer/Documents/projects/kontrol/vendor/laravel/framework/src/Illuminate/Cookie/Middleware/EncryptCookies.php(74): Illuminate\Pipeline\Pipeline->{closure:{closure:Illuminate\Pipeline\Pipeline::carry():194}:195}(Object(Illuminate\Http\Request))
#53 /Library/WebServer/Documents/projects/kontrol/vendor/laravel/framework/src/Illuminate/Pipeline/Pipeline.php(219): Illuminate\Cookie\Middleware\EncryptCookies->handle(Object(Illuminate\Http\Request), Object(Closure))
#54 /Library/WebServer/Documents/projects/kontrol/vendor/laravel/framework/src/Illuminate/Pipeline/Pipeline.php(137): Illuminate\Pipeline\Pipeline->{closure:{closure:Illuminate\Pipeline\Pipeline::carry():194}:195}(Object(Illuminate\Http\Request))
#55 /Library/WebServer/Documents/projects/kontrol/vendor/laravel/framework/src/Illuminate/Routing/Router.php(821): Illuminate\Pipeline\Pipeline->then(Object(Closure))
#56 /Library/WebServer/Documents/projects/kontrol/vendor/laravel/framework/src/Illuminate/Routing/Router.php(800): Illuminate\Routing\Router->runRouteWithinStack(Object(Illuminate\Routing\Route), Object(Illuminate\Http\Request))
#57 /Library/WebServer/Documents/projects/kontrol/vendor/laravel/framework/src/Illuminate/Routing/Router.php(764): Illuminate\Routing\Router->runRoute(Object(Illuminate\Http\Request), Object(Illuminate\Routing\Route))
#58 /Library/WebServer/Documents/projects/kontrol/vendor/laravel/framework/src/Illuminate/Routing/Router.php(753): Illuminate\Routing\Router->dispatchToRoute(Object(Illuminate\Http\Request))
#59 /Library/WebServer/Documents/projects/kontrol/vendor/laravel/framework/src/Illuminate/Foundation/Http/Kernel.php(200): Illuminate\Routing\Router->dispatch(Object(Illuminate\Http\Request))
#60 /Library/WebServer/Documents/projects/kontrol/vendor/laravel/framework/src/Illuminate/Pipeline/Pipeline.php(180): Illuminate\Foundation\Http\Kernel->{closure:Illuminate\Foundation\Http\Kernel::dispatchToRouter():197}(Object(Illuminate\Http\Request))
#61 /Library/WebServer/Documents/projects/kontrol/vendor/sentry/sentry-laravel/src/Sentry/Laravel/Http/FlushEventsMiddleware.php(13): Illuminate\Pipeline\Pipeline->{closure:Illuminate\Pipeline\Pipeline::prepareDestination():178}(Object(Illuminate\Http\Request))
#62 /Library/WebServer/Documents/projects/kontrol/vendor/laravel/framework/src/Illuminate/Pipeline/Pipeline.php(219): Sentry\Laravel\Http\FlushEventsMiddleware->handle(Object(Illuminate\Http\Request), Object(Closure))
#63 /Library/WebServer/Documents/projects/kontrol/vendor/sentry/sentry-laravel/src/Sentry/Laravel/Http/SetRequestIpMiddleware.php(45): Illuminate\Pipeline\Pipeline->{closure:{closure:Illuminate\Pipeline\Pipeline::carry():194}:195}(Object(Illuminate\Http\Request))
#64 /Library/WebServer/Documents/projects/kontrol/vendor/laravel/framework/src/Illuminate/Pipeline/Pipeline.php(219): Sentry\Laravel\Http\SetRequestIpMiddleware->handle(Object(Illuminate\Http\Request), Object(Closure))
#65 /Library/WebServer/Documents/projects/kontrol/vendor/sentry/sentry-laravel/src/Sentry/Laravel/Http/SetRequestMiddleware.php(31): Illuminate\Pipeline\Pipeline->{closure:{closure:Illuminate\Pipeline\Pipeline::carry():194}:195}(Object(Illuminate\Http\Request))
#66 /Library/WebServer/Documents/projects/kontrol/vendor/laravel/framework/src/Illuminate/Pipeline/Pipeline.php(219): Sentry\Laravel\Http\SetRequestMiddleware->handle(Object(Illuminate\Http\Request), Object(Closure))
#67 /Library/WebServer/Documents/projects/kontrol/vendor/laravel/framework/src/Illuminate/Foundation/Http/Middleware/TransformsRequest.php(21): Illuminate\Pipeline\Pipeline->{closure:{closure:Illuminate\Pipeline\Pipeline::carry():194}:195}(Object(Illuminate\Http\Request))
#68 /Library/WebServer/Documents/projects/kontrol/vendor/laravel/framework/src/Illuminate/Foundation/Http/Middleware/ConvertEmptyStringsToNull.php(31): Illuminate\Foundation\Http\Middleware\TransformsRequest->handle(Object(Illuminate\Http\Request), Object(Closure))
#69 /Library/WebServer/Documents/projects/kontrol/vendor/laravel/framework/src/Illuminate/Pipeline/Pipeline.php(219): Illuminate\Foundation\Http\Middleware\ConvertEmptyStringsToNull->handle(Object(Illuminate\Http\Request), Object(Closure))
#70 /Library/WebServer/Documents/projects/kontrol/vendor/laravel/framework/src/Illuminate/Foundation/Http/Middleware/TransformsRequest.php(21): Illuminate\Pipeline\Pipeline->{closure:{closure:Illuminate\Pipeline\Pipeline::carry():194}:195}(Object(Illuminate\Http\Request))
#71 /Library/WebServer/Documents/projects/kontrol/vendor/laravel/framework/src/Illuminate/Foundation/Http/Middleware/TrimStrings.php(51): Illuminate\Foundation\Http\Middleware\TransformsRequest->handle(Object(Illuminate\Http\Request), Object(Closure))
#72 /Library/WebServer/Documents/projects/kontrol/vendor/laravel/framework/src/Illuminate/Pipeline/Pipeline.php(219): Illuminate\Foundation\Http\Middleware\TrimStrings->handle(Object(Illuminate\Http\Request), Object(Closure))
#73 /Library/WebServer/Documents/projects/kontrol/vendor/laravel/framework/src/Illuminate/Http/Middleware/ValidatePostSize.php(27): Illuminate\Pipeline\Pipeline->{closure:{closure:Illuminate\Pipeline\Pipeline::carry():194}:195}(Object(Illuminate\Http\Request))
#74 /Library/WebServer/Documents/projects/kontrol/vendor/laravel/framework/src/Illuminate/Pipeline/Pipeline.php(219): Illuminate\Http\Middleware\ValidatePostSize->handle(Object(Illuminate\Http\Request), Object(Closure))
#75 /Library/WebServer/Documents/projects/kontrol/vendor/laravel/framework/src/Illuminate/Foundation/Http/Middleware/PreventRequestsDuringMaintenance.php(109): Illuminate\Pipeline\Pipeline->{closure:{closure:Illuminate\Pipeline\Pipeline::carry():194}:195}(Object(Illuminate\Http\Request))
#76 /Library/WebServer/Documents/projects/kontrol/vendor/laravel/framework/src/Illuminate/Pipeline/Pipeline.php(219): Illuminate\Foundation\Http\Middleware\PreventRequestsDuringMaintenance->handle(Object(Illuminate\Http\Request), Object(Closure))
#77 /Library/WebServer/Documents/projects/kontrol/vendor/laravel/framework/src/Illuminate/Http/Middleware/HandleCors.php(61): Illuminate\Pipeline\Pipeline->{closure:{closure:Illuminate\Pipeline\Pipeline::carry():194}:195}(Object(Illuminate\Http\Request))
#78 /Library/WebServer/Documents/projects/kontrol/vendor/laravel/framework/src/Illuminate/Pipeline/Pipeline.php(219): Illuminate\Http\Middleware\HandleCors->handle(Object(Illuminate\Http\Request), Object(Closure))
#79 /Library/WebServer/Documents/projects/kontrol/vendor/laravel/framework/src/Illuminate/Http/Middleware/TrustProxies.php(58): Illuminate\Pipeline\Pipeline->{closure:{closure:Illuminate\Pipeline\Pipeline::carry():194}:195}(Object(Illuminate\Http\Request))
#80 /Library/WebServer/Documents/projects/kontrol/vendor/laravel/framework/src/Illuminate/Pipeline/Pipeline.php(219): Illuminate\Http\Middleware\TrustProxies->handle(Object(Illuminate\Http\Request), Object(Closure))
#81 /Library/WebServer/Documents/projects/kontrol/vendor/laravel/framework/src/Illuminate/Foundation/Http/Middleware/InvokeDeferredCallbacks.php(22): Illuminate\Pipeline\Pipeline->{closure:{closure:Illuminate\Pipeline\Pipeline::carry():194}:195}(Object(Illuminate\Http\Request))
#82 /Library/WebServer/Documents/projects/kontrol/vendor/laravel/framework/src/Illuminate/Pipeline/Pipeline.php(219): Illuminate\Foundation\Http\Middleware\InvokeDeferredCallbacks->handle(Object(Illuminate\Http\Request), Object(Closure))
#83 /Library/WebServer/Documents/projects/kontrol/vendor/laravel/framework/src/Illuminate/Http/Middleware/ValidatePathEncoding.php(26): Illuminate\Pipeline\Pipeline->{closure:{closure:Illuminate\Pipeline\Pipeline::carry():194}:195}(Object(Illuminate\Http\Request))
#84 /Library/WebServer/Documents/projects/kontrol/vendor/laravel/framework/src/Illuminate/Pipeline/Pipeline.php(219): Illuminate\Http\Middleware\ValidatePathEncoding->handle(Object(Illuminate\Http\Request), Object(Closure))
#85 /Library/WebServer/Documents/projects/kontrol/vendor/sentry/sentry-laravel/src/Sentry/Laravel/Tracing/Middleware.php(79): Illuminate\Pipeline\Pipeline->{closure:{closure:Illuminate\Pipeline\Pipeline::carry():194}:195}(Object(Illuminate\Http\Request))
#86 /Library/WebServer/Documents/projects/kontrol/vendor/laravel/framework/src/Illuminate/Pipeline/Pipeline.php(219): Sentry\Laravel\Tracing\Middleware->handle(Object(Illuminate\Http\Request), Object(Closure))
#87 /Library/WebServer/Documents/projects/kontrol/vendor/laravel/framework/src/Illuminate/Pipeline/Pipeline.php(137): Illuminate\Pipeline\Pipeline->{closure:{closure:Illuminate\Pipeline\Pipeline::carry():194}:195}(Object(Illuminate\Http\Request))
#88 /Library/WebServer/Documents/projects/kontrol/vendor/laravel/framework/src/Illuminate/Foundation/Http/Kernel.php(175): Illuminate\Pipeline\Pipeline->then(Object(Closure))
#89 /Library/WebServer/Documents/projects/kontrol/vendor/laravel/framework/src/Illuminate/Foundation/Http/Kernel.php(144): Illuminate\Foundation\Http\Kernel->sendRequestThroughRouter(Object(Illuminate\Http\Request))
#90 /Library/WebServer/Documents/projects/kontrol/vendor/laravel/framework/src/Illuminate/Foundation/Testing/Concerns/MakesHttpRequests.php(607): Illuminate\Foundation\Http\Kernel->handle(Object(Illuminate\Http\Request))
#91 /Library/WebServer/Documents/projects/kontrol/vendor/laravel/framework/src/Illuminate/Foundation/Testing/Concerns/MakesHttpRequests.php(397): Illuminate\Foundation\Testing\TestCase->call('POST', 'http://kontrol....', Array, Array, Array, Array)
#92 /Library/WebServer/Documents/projects/kontrol/tests/Feature/PropertyOwnerCapabilityTest.php(347): Illuminate\Foundation\Testing\TestCase->post('http://kontrol....', Array)
#93 /Library/WebServer/Documents/projects/kontrol/vendor/pestphp/pest/src/Factories/TestCaseMethodFactory.php(177): P\Tests\Feature\PropertyOwnerCapabilityTest->{closure:/Library/WebServer/Documents/projects/kontrol/tests/Feature/PropertyOwnerCapabilityTest.php:321}()
#94 [internal function]: P\Tests\Feature\PropertyOwnerCapabilityTest->{closure:Pest\Factories\TestCaseMethodFactory::getClosure():167}()
#95 /Library/WebServer/Documents/projects/kontrol/vendor/pestphp/pest/src/Concerns/Testable.php(576): call_user_func_array(Object(Closure), Array)
#96 /Library/WebServer/Documents/projects/kontrol/vendor/pestphp/pest/src/Support/ExceptionTrace.php(26): P\Tests\Feature\PropertyOwnerCapabilityTest->{closure:Pest\Concerns\Testable::__callClosure():576}()
#97 /Library/WebServer/Documents/projects/kontrol/vendor/pestphp/pest/src/Concerns/Testable.php(576): Pest\Support\ExceptionTrace::ensure(Object(Closure))
#98 /Library/WebServer/Documents/projects/kontrol/vendor/pestphp/pest/src/Concerns/Testable.php(403): P\Tests\Feature\PropertyOwnerCapabilityTest->__callClosure(Object(Closure), Array)
#99 /Library/WebServer/Documents/projects/kontrol/vendor/pestphp/pest/src/Factories/TestCaseFactory.php(175) : eval()'d code(53): P\Tests\Feature\PropertyOwnerCapabilityTest->__runTest(Object(Closure))
#100 /Library/WebServer/Documents/projects/kontrol/vendor/phpunit/phpunit/src/Framework/TestCase.php(1310): P\Tests\Feature\PropertyOwnerCapabilityTest->__pest_evaluable_property_owner_can_invite_resident_manually()
#101 /Library/WebServer/Documents/projects/kontrol/vendor/phpunit/phpunit/src/Framework/TestCase.php(1344): PHPUnit\Framework\TestCase->invokeTestMethod('__pest_evaluabl...', Array)
#102 /Library/WebServer/Documents/projects/kontrol/vendor/phpunit/phpunit/src/Framework/TestCase.php(520): PHPUnit\Framework\TestCase->runTest()
#103 /Library/WebServer/Documents/projects/kontrol/vendor/phpunit/phpunit/src/Framework/TestRunner/TestRunner.php(99): PHPUnit\Framework\TestCase->runBare()
#104 /Library/WebServer/Documents/projects/kontrol/vendor/phpunit/phpunit/src/Framework/TestCase.php(360): PHPUnit\Framework\TestRunner->run(Object(P\Tests\Feature\PropertyOwnerCapabilityTest))
#105 /Library/WebServer/Documents/projects/kontrol/vendor/phpunit/phpunit/src/Framework/TestSuite.php(374): PHPUnit\Framework\TestCase->run()
#106 /Library/WebServer/Documents/projects/kontrol/vendor/brianium/paratest/src/WrapperRunner/ApplicationForWrapperWorker.php(124): PHPUnit\Framework\TestSuite->run()
#107 /Library/WebServer/Documents/projects/kontrol/vendor/pestphp/pest/bin/worker.php(115): ParaTest\WrapperRunner\ApplicationForWrapperWorker->runTest('/Library/WebSer...')
#108 /Library/WebServer/Documents/projects/kontrol/vendor/pestphp/pest/bin/worker.php(120): {closure:/Library/WebServer/Documents/projects/kontrol/vendor/pestphp/pest/bin/worker.php:31}()
#109 {main}

----------------------------------------------------------------------------------

SQLSTATE[HY000]: General error: 1 table user_profiles has no column named property_owner_id (Connection: sqlite, Database: :memory:, SQL: insert into "user_profiles" ("user_id", "phone", "unit_number", "address", "property_owner_id", "property_id", "updated_at", "created_at") values (3, 1122334455, Flat 5B, 789 Oak Ave, 2, 1, 2026-08-11 16:47:28, 2026-08-11 16:47:28))[39;22m

  at [32mtests/Feature/PropertyOwnerCapabilityTest.php[39m:[32m355[39m
    351▕             'unit_number' => 'Flat 5B',
    352▕             'address' => '789 Oak Ave',
    353▕             'property_id' => $property->id,
    354▕         ]);
  ➜ 355▕     $response->assertRedirect(route('resident.property-owner.residents.index'));
    356▕ 
    357▕     $resident = User::where('email', 'delegated@resident.com')->first();
    358▕     expect($resident)->not->toBeNull();
    359▕

  [31m────────────────────────────────────────────────────────────────────────────[39m  
  [41;1m FAILED [49;22m [1mTests\Feature\PropertyOwnerCapabilityTest[22m [90m>[39m property owner can ma…   
[39;1m  Expected response status code [200] but received 500.
Failed asserting that 500 is identical to 200.

The following exception occurred during the last request:

PDOException: SQLSTATE[HY000]: General error: 1 table user_profiles has no column named property_owner_id in /Library/WebServer/Documents/projects/kontrol/vendor/laravel/framework/src/Illuminate/Database/Connection.php:578
Stack trace:
#0 /Library/WebServer/Documents/projects/kontrol/vendor/laravel/framework/src/Illuminate/Database/Connection.php(578): PDO->prepare('insert into "us...')
#1 /Library/WebServer/Documents/projects/kontrol/vendor/laravel/framework/src/Illuminate/Database/Connection.php(827): Illuminate\Database\Connection->{closure:Illuminate\Database\Connection::statement():573}('insert into "us...', Array)
#2 /Library/WebServer/Documents/projects/kontrol/vendor/laravel/framework/src/Illuminate/Database/Connection.php(794): Illuminate\Database\Connection->runQueryCallback('insert into "us...', Array, Object(Closure))
#3 /Library/WebServer/Documents/projects/kontrol/vendor/laravel/framework/src/Illuminate/Database/Connection.php(573): Illuminate\Database\Connection->run('insert into "us...', Array, Object(Closure))
#4 /Library/WebServer/Documents/projects/kontrol/vendor/laravel/framework/src/Illuminate/Database/Connection.php(537): Illuminate\Database\Connection->statement('insert into "us...', Array)
#5 /Library/WebServer/Documents/projects/kontrol/vendor/laravel/framework/src/Illuminate/Database/Query/Processors/Processor.php(32): Illuminate\Database\Connection->insert('insert into "us...', Array)
#6 /Library/WebServer/Documents/projects/kontrol/vendor/laravel/framework/src/Illuminate/Database/Query/Builder.php(4170): Illuminate\Database\Query\Processors\Processor->processInsertGetId(Object(Illuminate\Database\Query\Builder), 'insert into "us...', Array, 'id')
#7 /Library/WebServer/Documents/projects/kontrol/vendor/laravel/framework/src/Illuminate/Database/Eloquent/Builder.php(2237): Illuminate\Database\Query\Builder->insertGetId(Array, 'id')
#8 /Library/WebServer/Documents/projects/kontrol/vendor/laravel/framework/src/Illuminate/Database/Eloquent/Model.php(1436): Illuminate\Database\Eloquent\Builder->__call('insertGetId', Array)
#9 /Library/WebServer/Documents/projects/kontrol/vendor/laravel/framework/src/Illuminate/Database/Eloquent/Model.php(1401): Illuminate\Database\Eloquent\Model->insertAndSetId(Object(Illuminate\Database\Eloquent\Builder), Array)
#10 /Library/WebServer/Documents/projects/kontrol/vendor/laravel/framework/src/Illuminate/Database/Eloquent/Model.php(1240): Illuminate\Database\Eloquent\Model->performInsert(Object(Illuminate\Database\Eloquent\Builder))
#11 /Library/WebServer/Documents/projects/kontrol/vendor/laravel/framework/src/Illuminate/Database/Eloquent/Builder.php(1219): Illuminate\Database\Eloquent\Model->save()
#12 /Library/WebServer/Documents/projects/kontrol/vendor/laravel/framework/src/Illuminate/Support/helpers.php(393): Illuminate\Database\Eloquent\Builder->{closure:Illuminate\Database\Eloquent\Builder::create():1218}(Object(App\Models\UserProfile))
#13 /Library/WebServer/Documents/projects/kontrol/vendor/laravel/framework/src/Illuminate/Database/Eloquent/Builder.php(1218): tap(Object(App\Models\UserProfile), Object(Closure))
#14 /Library/WebServer/Documents/projects/kontrol/vendor/laravel/framework/src/Illuminate/Support/Traits/ForwardsCalls.php(23): Illuminate\Database\Eloquent\Builder->create(Array)
#15 /Library/WebServer/Documents/projects/kontrol/vendor/laravel/framework/src/Illuminate/Database/Eloquent/Model.php(2540): Illuminate\Database\Eloquent\Model->forwardCallTo(Object(Illuminate\Database\Eloquent\Builder), 'create', Array)
#16 /Library/WebServer/Documents/projects/kontrol/vendor/laravel/framework/src/Illuminate/Database/Eloquent/Model.php(2556): Illuminate\Database\Eloquent\Model->__call('create', Array)
#17 /Library/WebServer/Documents/projects/kontrol/app/Http/Controllers/Auth/InviteRegistrationController.php(99): Illuminate\Database\Eloquent\Model::__callStatic('create', Array)
#18 /Library/WebServer/Documents/projects/kontrol/vendor/laravel/framework/src/Illuminate/Database/Concerns/ManagesTransactions.php(35): App\Http\Controllers\Auth\InviteRegistrationController->{closure:App\Http\Controllers\Auth\InviteRegistrationController::store():70}(Object(Illuminate\Database\SQLiteConnection))
#19 /Library/WebServer/Documents/projects/kontrol/vendor/laravel/framework/src/Illuminate/Database/DatabaseManager.php(491): Illuminate\Database\Connection->transaction(Object(Closure))
#20 /Library/WebServer/Documents/projects/kontrol/vendor/laravel/framework/src/Illuminate/Support/Facades/Facade.php(363): Illuminate\Database\DatabaseManager->__call('transaction', Array)
#21 /Library/WebServer/Documents/projects/kontrol/app/Http/Controllers/Auth/InviteRegistrationController.php(70): Illuminate\Support\Facades\Facade::__callStatic('transaction', Array)
#22 /Library/WebServer/Documents/projects/kontrol/vendor/laravel/framework/src/Illuminate/Routing/ControllerDispatcher.php(46): App\Http\Controllers\Auth\InviteRegistrationController->store(Object(Illuminate\Http\Request), 'GPoS3P1F7dUgo9h...')
#23 /Library/WebServer/Documents/projects/kontrol/vendor/sentry/sentry-laravel/src/Sentry/Laravel/Tracing/Routing/TracingControllerDispatcherTracing.php(21): Illuminate\Routing\ControllerDispatcher->dispatch(Object(Illuminate\Routing\Route), Object(App\Http\Controllers\Auth\InviteRegistrationController), 'store')
#24 /Library/WebServer/Documents/projects/kontrol/vendor/sentry/sentry-laravel/src/Sentry/Laravel/Tracing/Routing/TracingRoutingDispatcher.php(35): Sentry\Laravel\Tracing\Routing\TracingControllerDispatcherTracing->{closure:Sentry\Laravel\Tracing\Routing\TracingControllerDispatcherTracing::dispatch():20}()
#25 /Library/WebServer/Documents/projects/kontrol/vendor/sentry/sentry-laravel/src/Sentry/Laravel/Tracing/Routing/TracingControllerDispatcherTracing.php(20): Sentry\Laravel\Tracing\Routing\TracingRoutingDispatcher->wrapRouteDispatch(Object(Closure), Object(Illuminate\Routing\Route))
#26 /Library/WebServer/Documents/projects/kontrol/vendor/laravel/framework/src/Illuminate/Routing/Route.php(265): Sentry\Laravel\Tracing\Routing\TracingControllerDispatcherTracing->dispatch(Object(Illuminate\Routing\Route), Object(App\Http\Controllers\Auth\InviteRegistrationController), 'store')
#27 /Library/WebServer/Documents/projects/kontrol/vendor/laravel/framework/src/Illuminate/Routing/Route.php(211): Illuminate\Routing\Route->runController()
#28 /Library/WebServer/Documents/projects/kontrol/vendor/laravel/framework/src/Illuminate/Routing/Router.php(822): Illuminate\Routing\Route->run()
#29 /Library/WebServer/Documents/projects/kontrol/vendor/laravel/framework/src/Illuminate/Pipeline/Pipeline.php(180): Illuminate\Routing\Router->{closure:Illuminate\Routing\Router::runRouteWithinStack():821}(Object(Illuminate\Http\Request))
#30 /Library/WebServer/Documents/projects/kontrol/app/Http/Middleware/RedirectIfAuthenticated.php(25): Illuminate\Pipeline\Pipeline->{closure:Illuminate\Pipeline\Pipeline::prepareDestination():178}(Object(Illuminate\Http\Request))
#31 /Library/WebServer/Documents/projects/kontrol/vendor/laravel/framework/src/Illuminate/Pipeline/Pipeline.php(219): App\Http\Middleware\RedirectIfAuthenticated->handle(Object(Illuminate\Http\Request), Object(Closure))
#32 /Library/WebServer/Documents/projects/kontrol/vendor/laravel/framework/src/Illuminate/Http/Middleware/AddLinkHeadersForPreloadedAssets.php(32): Illuminate\Pipeline\Pipeline->{closure:{closure:Illuminate\Pipeline\Pipeline::carry():194}:195}(Object(Illuminate\Http\Request))
#33 /Library/WebServer/Documents/projects/kontrol/vendor/laravel/framework/src/Illuminate/Pipeline/Pipeline.php(219): Illuminate\Http\Middleware\AddLinkHeadersForPreloadedAssets->handle(Object(Illuminate\Http\Request), Object(Closure))
#34 /Library/WebServer/Documents/projects/kontrol/vendor/inertiajs/inertia-laravel/src/Middleware.php(122): Illuminate\Pipeline\Pipeline->{closure:{closure:Illuminate\Pipeline\Pipeline::carry():194}:195}(Object(Illuminate\Http\Request))
#35 /Library/WebServer/Documents/projects/kontrol/vendor/laravel/framework/src/Illuminate/Pipeline/Pipeline.php(219): Inertia\Middleware->handle(Object(Illuminate\Http\Request), Object(Closure))
#36 /Library/WebServer/Documents/projects/kontrol/app/Http/Middleware/ResolveContext.php(28): Illuminate\Pipeline\Pipeline->{closure:{closure:Illuminate\Pipeline\Pipeline::carry():194}:195}(Object(Illuminate\Http\Request))
#37 /Library/WebServer/Documents/projects/kontrol/vendor/laravel/framework/src/Illuminate/Pipeline/Pipeline.php(219): App\Http\Middleware\ResolveContext->handle(Object(Illuminate\Http\Request), Object(Closure))
#38 /Library/WebServer/Documents/projects/kontrol/vendor/laravel/framework/src/Illuminate/Routing/Middleware/SubstituteBindings.php(50): Illuminate\Pipeline\Pipeline->{closure:{closure:Illuminate\Pipeline\Pipeline::carry():194}:195}(Object(Illuminate\Http\Request))
#39 /Library/WebServer/Documents/projects/kontrol/vendor/laravel/framework/src/Illuminate/Pipeline/Pipeline.php(219): Illuminate\Routing\Middleware\SubstituteBindings->handle(Object(Illuminate\Http\Request), Object(Closure))
#40 /Library/WebServer/Documents/projects/kontrol/vendor/laravel/framework/src/Illuminate/Session/Middleware/AuthenticateSession.php(48): Illuminate\Pipeline\Pipeline->{closure:{closure:Illuminate\Pipeline\Pipeline::carry():194}:195}(Object(Illuminate\Http\Request))
#41 /Library/WebServer/Documents/projects/kontrol/vendor/laravel/framework/src/Illuminate/Pipeline/Pipeline.php(219): Illuminate\Session\Middleware\AuthenticateSession->handle(Object(Illuminate\Http\Request), Object(Closure))
#42 /Library/WebServer/Documents/projects/kontrol/vendor/laravel/framework/src/Illuminate/Foundation/Http/Middleware/VerifyCsrfToken.php(87): Illuminate\Pipeline\Pipeline->{closure:{closure:Illuminate\Pipeline\Pipeline::carry():194}:195}(Object(Illuminate\Http\Request))
#43 /Library/WebServer/Documents/projects/kontrol/app/Http/Middleware/ValidateCsrfToken.php(24): Illuminate\Foundation\Http\Middleware\VerifyCsrfToken->handle(Object(Illuminate\Http\Request), Object(Closure))
#44 /Library/WebServer/Documents/projects/kontrol/vendor/laravel/framework/src/Illuminate/Pipeline/Pipeline.php(219): App\Http\Middleware\ValidateCsrfToken->handle(Object(Illuminate\Http\Request), Object(Closure))
#45 /Library/WebServer/Documents/projects/kontrol/vendor/laravel/framework/src/Illuminate/View/Middleware/ShareErrorsFromSession.php(48): Illuminate\Pipeline\Pipeline->{closure:{closure:Illuminate\Pipeline\Pipeline::carry():194}:195}(Object(Illuminate\Http\Request))
#46 /Library/WebServer/Documents/projects/kontrol/vendor/laravel/framework/src/Illuminate/Pipeline/Pipeline.php(219): Illuminate\View\Middleware\ShareErrorsFromSession->handle(Object(Illuminate\Http\Request), Object(Closure))
#47 /Library/WebServer/Documents/projects/kontrol/vendor/laravel/framework/src/Illuminate/Session/Middleware/StartSession.php(120): Illuminate\Pipeline\Pipeline->{closure:{closure:Illuminate\Pipeline\Pipeline::carry():194}:195}(Object(Illuminate\Http\Request))
#48 /Library/WebServer/Documents/projects/kontrol/vendor/laravel/framework/src/Illuminate/Session/Middleware/StartSession.php(63): Illuminate\Session\Middleware\StartSession->handleStatefulRequest(Object(Illuminate\Http\Request), Object(Illuminate\Session\Store), Object(Closure))
#49 /Library/WebServer/Documents/projects/kontrol/vendor/laravel/framework/src/Illuminate/Pipeline/Pipeline.php(219): Illuminate\Session\Middleware\StartSession->handle(Object(Illuminate\Http\Request), Object(Closure))
#50 /Library/WebServer/Documents/projects/kontrol/vendor/laravel/framework/src/Illuminate/Cookie/Middleware/AddQueuedCookiesToResponse.php(36): Illuminate\Pipeline\Pipeline->{closure:{closure:Illuminate\Pipeline\Pipeline::carry():194}:195}(Object(Illuminate\Http\Request))
#51 /Library/WebServer/Documents/projects/kontrol/vendor/laravel/framework/src/Illuminate/Pipeline/Pipeline.php(219): Illuminate\Cookie\Middleware\AddQueuedCookiesToResponse->handle(Object(Illuminate\Http\Request), Object(Closure))
#52 /Library/WebServer/Documents/projects/kontrol/vendor/laravel/framework/src/Illuminate/Cookie/Middleware/EncryptCookies.php(74): Illuminate\Pipeline\Pipeline->{closure:{closure:Illuminate\Pipeline\Pipeline::carry():194}:195}(Object(Illuminate\Http\Request))
#53 /Library/WebServer/Documents/projects/kontrol/vendor/laravel/framework/src/Illuminate/Pipeline/Pipeline.php(219): Illuminate\Cookie\Middleware\EncryptCookies->handle(Object(Illuminate\Http\Request), Object(Closure))
#54 /Library/WebServer/Documents/projects/kontrol/vendor/laravel/framework/src/Illuminate/Pipeline/Pipeline.php(137): Illuminate\Pipeline\Pipeline->{closure:{closure:Illuminate\Pipeline\Pipeline::carry():194}:195}(Object(Illuminate\Http\Request))
#55 /Library/WebServer/Documents/projects/kontrol/vendor/laravel/framework/src/Illuminate/Routing/Router.php(821): Illuminate\Pipeline\Pipeline->then(Object(Closure))
#56 /Library/WebServer/Documents/projects/kontrol/vendor/laravel/framework/src/Illuminate/Routing/Router.php(800): Illuminate\Routing\Router->runRouteWithinStack(Object(Illuminate\Routing\Route), Object(Illuminate\Http\Request))
#57 /Library/WebServer/Documents/projects/kontrol/vendor/laravel/framework/src/Illuminate/Routing/Router.php(764): Illuminate\Routing\Router->runRoute(Object(Illuminate\Http\Request), Object(Illuminate\Routing\Route))
#58 /Library/WebServer/Documents/projects/kontrol/vendor/laravel/framework/src/Illuminate/Routing/Router.php(753): Illuminate\Routing\Router->dispatchToRoute(Object(Illuminate\Http\Request))
#59 /Library/WebServer/Documents/projects/kontrol/vendor/laravel/framework/src/Illuminate/Foundation/Http/Kernel.php(200): Illuminate\Routing\Router->dispatch(Object(Illuminate\Http\Request))
#60 /Library/WebServer/Documents/projects/kontrol/vendor/laravel/framework/src/Illuminate/Pipeline/Pipeline.php(180): Illuminate\Foundation\Http\Kernel->{closure:Illuminate\Foundation\Http\Kernel::dispatchToRouter():197}(Object(Illuminate\Http\Request))
#61 /Library/WebServer/Documents/projects/kontrol/vendor/sentry/sentry-laravel/src/Sentry/Laravel/Http/FlushEventsMiddleware.php(13): Illuminate\Pipeline\Pipeline->{closure:Illuminate\Pipeline\Pipeline::prepareDestination():178}(Object(Illuminate\Http\Request))
#62 /Library/WebServer/Documents/projects/kontrol/vendor/laravel/framework/src/Illuminate/Pipeline/Pipeline.php(219): Sentry\Laravel\Http\FlushEventsMiddleware->handle(Object(Illuminate\Http\Request), Object(Closure))
#63 /Library/WebServer/Documents/projects/kontrol/vendor/sentry/sentry-laravel/src/Sentry/Laravel/Http/SetRequestIpMiddleware.php(45): Illuminate\Pipeline\Pipeline->{closure:{closure:Illuminate\Pipeline\Pipeline::carry():194}:195}(Object(Illuminate\Http\Request))
#64 /Library/WebServer/Documents/projects/kontrol/vendor/laravel/framework/src/Illuminate/Pipeline/Pipeline.php(219): Sentry\Laravel\Http\SetRequestIpMiddleware->handle(Object(Illuminate\Http\Request), Object(Closure))
#65 /Library/WebServer/Documents/projects/kontrol/vendor/sentry/sentry-laravel/src/Sentry/Laravel/Http/SetRequestMiddleware.php(31): Illuminate\Pipeline\Pipeline->{closure:{closure:Illuminate\Pipeline\Pipeline::carry():194}:195}(Object(Illuminate\Http\Request))
#66 /Library/WebServer/Documents/projects/kontrol/vendor/laravel/framework/src/Illuminate/Pipeline/Pipeline.php(219): Sentry\Laravel\Http\SetRequestMiddleware->handle(Object(Illuminate\Http\Request), Object(Closure))
#67 /Library/WebServer/Documents/projects/kontrol/vendor/laravel/framework/src/Illuminate/Foundation/Http/Middleware/TransformsRequest.php(21): Illuminate\Pipeline\Pipeline->{closure:{closure:Illuminate\Pipeline\Pipeline::carry():194}:195}(Object(Illuminate\Http\Request))
#68 /Library/WebServer/Documents/projects/kontrol/vendor/laravel/framework/src/Illuminate/Foundation/Http/Middleware/ConvertEmptyStringsToNull.php(31): Illuminate\Foundation\Http\Middleware\TransformsRequest->handle(Object(Illuminate\Http\Request), Object(Closure))
#69 /Library/WebServer/Documents/projects/kontrol/vendor/laravel/framework/src/Illuminate/Pipeline/Pipeline.php(219): Illuminate\Foundation\Http\Middleware\ConvertEmptyStringsToNull->handle(Object(Illuminate\Http\Request), Object(Closure))
#70 /Library/WebServer/Documents/projects/kontrol/vendor/laravel/framework/src/Illuminate/Foundation/Http/Middleware/TransformsRequest.php(21): Illuminate\Pipeline\Pipeline->{closure:{closure:Illuminate\Pipeline\Pipeline::carry():194}:195}(Object(Illuminate\Http\Request))
#71 /Library/WebServer/Documents/projects/kontrol/vendor/laravel/framework/src/Illuminate/Foundation/Http/Middleware/TrimStrings.php(51): Illuminate\Foundation\Http\Middleware\TransformsRequest->handle(Object(Illuminate\Http\Request), Object(Closure))
#72 /Library/WebServer/Documents/projects/kontrol/vendor/laravel/framework/src/Illuminate/Pipeline/Pipeline.php(219): Illuminate\Foundation\Http\Middleware\TrimStrings->handle(Object(Illuminate\Http\Request), Object(Closure))
#73 /Library/WebServer/Documents/projects/kontrol/vendor/laravel/framework/src/Illuminate/Http/Middleware/ValidatePostSize.php(27): Illuminate\Pipeline\Pipeline->{closure:{closure:Illuminate\Pipeline\Pipeline::carry():194}:195}(Object(Illuminate\Http\Request))
#74 /Library/WebServer/Documents/projects/kontrol/vendor/laravel/framework/src/Illuminate/Pipeline/Pipeline.php(219): Illuminate\Http\Middleware\ValidatePostSize->handle(Object(Illuminate\Http\Request), Object(Closure))
#75 /Library/WebServer/Documents/projects/kontrol/vendor/laravel/framework/src/Illuminate/Foundation/Http/Middleware/PreventRequestsDuringMaintenance.php(109): Illuminate\Pipeline\Pipeline->{closure:{closure:Illuminate\Pipeline\Pipeline::carry():194}:195}(Object(Illuminate\Http\Request))
#76 /Library/WebServer/Documents/projects/kontrol/vendor/laravel/framework/src/Illuminate/Pipeline/Pipeline.php(219): Illuminate\Foundation\Http\Middleware\PreventRequestsDuringMaintenance->handle(Object(Illuminate\Http\Request), Object(Closure))
#77 /Library/WebServer/Documents/projects/kontrol/vendor/laravel/framework/src/Illuminate/Http/Middleware/HandleCors.php(61): Illuminate\Pipeline\Pipeline->{closure:{closure:Illuminate\Pipeline\Pipeline::carry():194}:195}(Object(Illuminate\Http\Request))
#78 /Library/WebServer/Documents/projects/kontrol/vendor/laravel/framework/src/Illuminate/Pipeline/Pipeline.php(219): Illuminate\Http\Middleware\HandleCors->handle(Object(Illuminate\Http\Request), Object(Closure))
#79 /Library/WebServer/Documents/projects/kontrol/vendor/laravel/framework/src/Illuminate/Http/Middleware/TrustProxies.php(58): Illuminate\Pipeline\Pipeline->{closure:{closure:Illuminate\Pipeline\Pipeline::carry():194}:195}(Object(Illuminate\Http\Request))
#80 /Library/WebServer/Documents/projects/kontrol/vendor/laravel/framework/src/Illuminate/Pipeline/Pipeline.php(219): Illuminate\Http\Middleware\TrustProxies->handle(Object(Illuminate\Http\Request), Object(Closure))
#81 /Library/WebServer/Documents/projects/kontrol/vendor/laravel/framework/src/Illuminate/Foundation/Http/Middleware/InvokeDeferredCallbacks.php(22): Illuminate\Pipeline\Pipeline->{closure:{closure:Illuminate\Pipeline\Pipeline::carry():194}:195}(Object(Illuminate\Http\Request))
#82 /Library/WebServer/Documents/projects/kontrol/vendor/laravel/framework/src/Illuminate/Pipeline/Pipeline.php(219): Illuminate\Foundation\Http\Middleware\InvokeDeferredCallbacks->handle(Object(Illuminate\Http\Request), Object(Closure))
#83 /Library/WebServer/Documents/projects/kontrol/vendor/laravel/framework/src/Illuminate/Http/Middleware/ValidatePathEncoding.php(26): Illuminate\Pipeline\Pipeline->{closure:{closure:Illuminate\Pipeline\Pipeline::carry():194}:195}(Object(Illuminate\Http\Request))
#84 /Library/WebServer/Documents/projects/kontrol/vendor/laravel/framework/src/Illuminate/Pipeline/Pipeline.php(219): Illuminate\Http\Middleware\ValidatePathEncoding->handle(Object(Illuminate\Http\Request), Object(Closure))
#85 /Library/WebServer/Documents/projects/kontrol/vendor/sentry/sentry-laravel/src/Sentry/Laravel/Tracing/Middleware.php(79): Illuminate\Pipeline\Pipeline->{closure:{closure:Illuminate\Pipeline\Pipeline::carry():194}:195}(Object(Illuminate\Http\Request))
#86 /Library/WebServer/Documents/projects/kontrol/vendor/laravel/framework/src/Illuminate/Pipeline/Pipeline.php(219): Sentry\Laravel\Tracing\Middleware->handle(Object(Illuminate\Http\Request), Object(Closure))
#87 /Library/WebServer/Documents/projects/kontrol/vendor/laravel/framework/src/Illuminate/Pipeline/Pipeline.php(137): Illuminate\Pipeline\Pipeline->{closure:{closure:Illuminate\Pipeline\Pipeline::carry():194}:195}(Object(Illuminate\Http\Request))
#88 /Library/WebServer/Documents/projects/kontrol/vendor/laravel/framework/src/Illuminate/Foundation/Http/Kernel.php(175): Illuminate\Pipeline\Pipeline->then(Object(Closure))
#89 /Library/WebServer/Documents/projects/kontrol/vendor/laravel/framework/src/Illuminate/Foundation/Http/Kernel.php(144): Illuminate\Foundation\Http\Kernel->sendRequestThroughRouter(Object(Illuminate\Http\Request))
#90 /Library/WebServer/Documents/projects/kontrol/vendor/laravel/framework/src/Illuminate/Foundation/Testing/Concerns/MakesHttpRequests.php(607): Illuminate\Foundation\Http\Kernel->handle(Object(Illuminate\Http\Request))
#91 /Library/WebServer/Documents/projects/kontrol/vendor/laravel/framework/src/Illuminate/Foundation/Testing/Concerns/MakesHttpRequests.php(397): Illuminate\Foundation\Testing\TestCase->call('POST', 'http://kontrol....', Array, Array, Array, Array)
#92 /Library/WebServer/Documents/projects/kontrol/tests/Feature/PropertyOwnerCapabilityTest.php(424): Illuminate\Foundation\Testing\TestCase->post('http://kontrol....', Array)
#93 /Library/WebServer/Documents/projects/kontrol/vendor/pestphp/pest/src/Factories/TestCaseMethodFactory.php(177): P\Tests\Feature\PropertyOwnerCapabilityTest->{closure:/Library/WebServer/Documents/projects/kontrol/tests/Feature/PropertyOwnerCapabilityTest.php:366}()
#94 [internal function]: P\Tests\Feature\PropertyOwnerCapabilityTest->{closure:Pest\Factories\TestCaseMethodFactory::getClosure():167}()
#95 /Library/WebServer/Documents/projects/kontrol/vendor/pestphp/pest/src/Concerns/Testable.php(576): call_user_func_array(Object(Closure), Array)
#96 /Library/WebServer/Documents/projects/kontrol/vendor/pestphp/pest/src/Support/ExceptionTrace.php(26): P\Tests\Feature\PropertyOwnerCapabilityTest->{closure:Pest\Concerns\Testable::__callClosure():576}()
#97 /Library/WebServer/Documents/projects/kontrol/vendor/pestphp/pest/src/Concerns/Testable.php(576): Pest\Support\ExceptionTrace::ensure(Object(Closure))
#98 /Library/WebServer/Documents/projects/kontrol/vendor/pestphp/pest/src/Concerns/Testable.php(403): P\Tests\Feature\PropertyOwnerCapabilityTest->__callClosure(Object(Closure), Array)
#99 /Library/WebServer/Documents/projects/kontrol/vendor/pestphp/pest/src/Factories/TestCaseFactory.php(175) : eval()'d code(62): P\Tests\Feature\PropertyOwnerCapabilityTest->__runTest(Object(Closure))
#100 /Library/WebServer/Documents/projects/kontrol/vendor/phpunit/phpunit/src/Framework/TestCase.php(1310): P\Tests\Feature\PropertyOwnerCapabilityTest->__pest_evaluable_property_owner_can_manage_their_own_invite_link_and_users_can_join()
#101 /Library/WebServer/Documents/projects/kontrol/vendor/phpunit/phpunit/src/Framework/TestCase.php(1344): PHPUnit\Framework\TestCase->invokeTestMethod('__pest_evaluabl...', Array)
#102 /Library/WebServer/Documents/projects/kontrol/vendor/phpunit/phpunit/src/Framework/TestCase.php(520): PHPUnit\Framework\TestCase->runTest()
#103 /Library/WebServer/Documents/projects/kontrol/vendor/phpunit/phpunit/src/Framework/TestRunner/TestRunner.php(99): PHPUnit\Framework\TestCase->runBare()
#104 /Library/WebServer/Documents/projects/kontrol/vendor/phpunit/phpunit/src/Framework/TestCase.php(360): PHPUnit\Framework\TestRunner->run(Object(P\Tests\Feature\PropertyOwnerCapabilityTest))
#105 /Library/WebServer/Documents/projects/kontrol/vendor/phpunit/phpunit/src/Framework/TestSuite.php(374): PHPUnit\Framework\TestCase->run()
#106 /Library/WebServer/Documents/projects/kontrol/vendor/brianium/paratest/src/WrapperRunner/ApplicationForWrapperWorker.php(124): PHPUnit\Framework\TestSuite->run()
#107 /Library/WebServer/Documents/projects/kontrol/vendor/pestphp/pest/bin/worker.php(115): ParaTest\WrapperRunner\ApplicationForWrapperWorker->runTest('/Library/WebSer...')
#108 /Library/WebServer/Documents/projects/kontrol/vendor/pestphp/pest/bin/worker.php(120): {closure:/Library/WebServer/Documents/projects/kontrol/vendor/pestphp/pest/bin/worker.php:31}()
#109 {main}

Next Illuminate\Database\QueryException: SQLSTATE[HY000]: General error: 1 table user_profiles has no column named property_owner_id (Connection: sqlite, Database: :memory:, SQL: insert into "user_profiles" ("user_id", "property_owner_id", "updated_at", "created_at") values (3, 2, 2026-08-11 16:47:28, 2026-08-11 16:47:28)) in /Library/WebServer/Documents/projects/kontrol/vendor/laravel/framework/src/Illuminate/Database/Connection.php:838
Stack trace:
#0 /Library/WebServer/Documents/projects/kontrol/vendor/laravel/framework/src/Illuminate/Database/Connection.php(794): Illuminate\Database\Connection->runQueryCallback('insert into "us...', Array, Object(Closure))
#1 /Library/WebServer/Documents/projects/kontrol/vendor/laravel/framework/src/Illuminate/Database/Connection.php(573): Illuminate\Database\Connection->run('insert into "us...', Array, Object(Closure))
#2 /Library/WebServer/Documents/projects/kontrol/vendor/laravel/framework/src/Illuminate/Database/Connection.php(537): Illuminate\Database\Connection->statement('insert into "us...', Array)
#3 /Library/WebServer/Documents/projects/kontrol/vendor/laravel/framework/src/Illuminate/Database/Query/Processors/Processor.php(32): Illuminate\Database\Connection->insert('insert into "us...', Array)
#4 /Library/WebServer/Documents/projects/kontrol/vendor/laravel/framework/src/Illuminate/Database/Query/Builder.php(4170): Illuminate\Database\Query\Processors\Processor->processInsertGetId(Object(Illuminate\Database\Query\Builder), 'insert into "us...', Array, 'id')
#5 /Library/WebServer/Documents/projects/kontrol/vendor/laravel/framework/src/Illuminate/Database/Eloquent/Builder.php(2237): Illuminate\Database\Query\Builder->insertGetId(Array, 'id')
#6 /Library/WebServer/Documents/projects/kontrol/vendor/laravel/framework/src/Illuminate/Database/Eloquent/Model.php(1436): Illuminate\Database\Eloquent\Builder->__call('insertGetId', Array)
#7 /Library/WebServer/Documents/projects/kontrol/vendor/laravel/framework/src/Illuminate/Database/Eloquent/Model.php(1401): Illuminate\Database\Eloquent\Model->insertAndSetId(Object(Illuminate\Database\Eloquent\Builder), Array)
#8 /Library/WebServer/Documents/projects/kontrol/vendor/laravel/framework/src/Illuminate/Database/Eloquent/Model.php(1240): Illuminate\Database\Eloquent\Model->performInsert(Object(Illuminate\Database\Eloquent\Builder))
#9 /Library/WebServer/Documents/projects/kontrol/vendor/laravel/framework/src/Illuminate/Database/Eloquent/Builder.php(1219): Illuminate\Database\Eloquent\Model->save()
#10 /Library/WebServer/Documents/projects/kontrol/vendor/laravel/framework/src/Illuminate/Support/helpers.php(393): Illuminate\Database\Eloquent\Builder->{closure:Illuminate\Database\Eloquent\Builder::create():1218}(Object(App\Models\UserProfile))
#11 /Library/WebServer/Documents/projects/kontrol/vendor/laravel/framework/src/Illuminate/Database/Eloquent/Builder.php(1218): tap(Object(App\Models\UserProfile), Object(Closure))
#12 /Library/WebServer/Documents/projects/kontrol/vendor/laravel/framework/src/Illuminate/Support/Traits/ForwardsCalls.php(23): Illuminate\Database\Eloquent\Builder->create(Array)
#13 /Library/WebServer/Documents/projects/kontrol/vendor/laravel/framework/src/Illuminate/Database/Eloquent/Model.php(2540): Illuminate\Database\Eloquent\Model->forwardCallTo(Object(Illuminate\Database\Eloquent\Builder), 'create', Array)
#14 /Library/WebServer/Documents/projects/kontrol/vendor/laravel/framework/src/Illuminate/Database/Eloquent/Model.php(2556): Illuminate\Database\Eloquent\Model->__call('create', Array)
#15 /Library/WebServer/Documents/projects/kontrol/app/Http/Controllers/Auth/InviteRegistrationController.php(99): Illuminate\Database\Eloquent\Model::__callStatic('create', Array)
#16 /Library/WebServer/Documents/projects/kontrol/vendor/laravel/framework/src/Illuminate/Database/Concerns/ManagesTransactions.php(35): App\Http\Controllers\Auth\InviteRegistrationController->{closure:App\Http\Controllers\Auth\InviteRegistrationController::store():70}(Object(Illuminate\Database\SQLiteConnection))
#17 /Library/WebServer/Documents/projects/kontrol/vendor/laravel/framework/src/Illuminate/Database/DatabaseManager.php(491): Illuminate\Database\Connection->transaction(Object(Closure))
#18 /Library/WebServer/Documents/projects/kontrol/vendor/laravel/framework/src/Illuminate/Support/Facades/Facade.php(363): Illuminate\Database\DatabaseManager->__call('transaction', Array)
#19 /Library/WebServer/Documents/projects/kontrol/app/Http/Controllers/Auth/InviteRegistrationController.php(70): Illuminate\Support\Facades\Facade::__callStatic('transaction', Array)
#20 /Library/WebServer/Documents/projects/kontrol/vendor/laravel/framework/src/Illuminate/Routing/ControllerDispatcher.php(46): App\Http\Controllers\Auth\InviteRegistrationController->store(Object(Illuminate\Http\Request), 'GPoS3P1F7dUgo9h...')
#21 /Library/WebServer/Documents/projects/kontrol/vendor/sentry/sentry-laravel/src/Sentry/Laravel/Tracing/Routing/TracingControllerDispatcherTracing.php(21): Illuminate\Routing\ControllerDispatcher->dispatch(Object(Illuminate\Routing\Route), Object(App\Http\Controllers\Auth\InviteRegistrationController), 'store')
#22 /Library/WebServer/Documents/projects/kontrol/vendor/sentry/sentry-laravel/src/Sentry/Laravel/Tracing/Routing/TracingRoutingDispatcher.php(35): Sentry\Laravel\Tracing\Routing\TracingControllerDispatcherTracing->{closure:Sentry\Laravel\Tracing\Routing\TracingControllerDispatcherTracing::dispatch():20}()
#23 /Library/WebServer/Documents/projects/kontrol/vendor/sentry/sentry-laravel/src/Sentry/Laravel/Tracing/Routing/TracingControllerDispatcherTracing.php(20): Sentry\Laravel\Tracing\Routing\TracingRoutingDispatcher->wrapRouteDispatch(Object(Closure), Object(Illuminate\Routing\Route))
#24 /Library/WebServer/Documents/projects/kontrol/vendor/laravel/framework/src/Illuminate/Routing/Route.php(265): Sentry\Laravel\Tracing\Routing\TracingControllerDispatcherTracing->dispatch(Object(Illuminate\Routing\Route), Object(App\Http\Controllers\Auth\InviteRegistrationController), 'store')
#25 /Library/WebServer/Documents/projects/kontrol/vendor/laravel/framework/src/Illuminate/Routing/Route.php(211): Illuminate\Routing\Route->runController()
#26 /Library/WebServer/Documents/projects/kontrol/vendor/laravel/framework/src/Illuminate/Routing/Router.php(822): Illuminate\Routing\Route->run()
#27 /Library/WebServer/Documents/projects/kontrol/vendor/laravel/framework/src/Illuminate/Pipeline/Pipeline.php(180): Illuminate\Routing\Router->{closure:Illuminate\Routing\Router::runRouteWithinStack():821}(Object(Illuminate\Http\Request))
#28 /Library/WebServer/Documents/projects/kontrol/app/Http/Middleware/RedirectIfAuthenticated.php(25): Illuminate\Pipeline\Pipeline->{closure:Illuminate\Pipeline\Pipeline::prepareDestination():178}(Object(Illuminate\Http\Request))
#29 /Library/WebServer/Documents/projects/kontrol/vendor/laravel/framework/src/Illuminate/Pipeline/Pipeline.php(219): App\Http\Middleware\RedirectIfAuthenticated->handle(Object(Illuminate\Http\Request), Object(Closure))
#30 /Library/WebServer/Documents/projects/kontrol/vendor/laravel/framework/src/Illuminate/Http/Middleware/AddLinkHeadersForPreloadedAssets.php(32): Illuminate\Pipeline\Pipeline->{closure:{closure:Illuminate\Pipeline\Pipeline::carry():194}:195}(Object(Illuminate\Http\Request))
#31 /Library/WebServer/Documents/projects/kontrol/vendor/laravel/framework/src/Illuminate/Pipeline/Pipeline.php(219): Illuminate\Http\Middleware\AddLinkHeadersForPreloadedAssets->handle(Object(Illuminate\Http\Request), Object(Closure))
#32 /Library/WebServer/Documents/projects/kontrol/vendor/inertiajs/inertia-laravel/src/Middleware.php(122): Illuminate\Pipeline\Pipeline->{closure:{closure:Illuminate\Pipeline\Pipeline::carry():194}:195}(Object(Illuminate\Http\Request))
#33 /Library/WebServer/Documents/projects/kontrol/vendor/laravel/framework/src/Illuminate/Pipeline/Pipeline.php(219): Inertia\Middleware->handle(Object(Illuminate\Http\Request), Object(Closure))
#34 /Library/WebServer/Documents/projects/kontrol/app/Http/Middleware/ResolveContext.php(28): Illuminate\Pipeline\Pipeline->{closure:{closure:Illuminate\Pipeline\Pipeline::carry():194}:195}(Object(Illuminate\Http\Request))
#35 /Library/WebServer/Documents/projects/kontrol/vendor/laravel/framework/src/Illuminate/Pipeline/Pipeline.php(219): App\Http\Middleware\ResolveContext->handle(Object(Illuminate\Http\Request), Object(Closure))
#36 /Library/WebServer/Documents/projects/kontrol/vendor/laravel/framework/src/Illuminate/Routing/Middleware/SubstituteBindings.php(50): Illuminate\Pipeline\Pipeline->{closure:{closure:Illuminate\Pipeline\Pipeline::carry():194}:195}(Object(Illuminate\Http\Request))
#37 /Library/WebServer/Documents/projects/kontrol/vendor/laravel/framework/src/Illuminate/Pipeline/Pipeline.php(219): Illuminate\Routing\Middleware\SubstituteBindings->handle(Object(Illuminate\Http\Request), Object(Closure))
#38 /Library/WebServer/Documents/projects/kontrol/vendor/laravel/framework/src/Illuminate/Session/Middleware/AuthenticateSession.php(48): Illuminate\Pipeline\Pipeline->{closure:{closure:Illuminate\Pipeline\Pipeline::carry():194}:195}(Object(Illuminate\Http\Request))
#39 /Library/WebServer/Documents/projects/kontrol/vendor/laravel/framework/src/Illuminate/Pipeline/Pipeline.php(219): Illuminate\Session\Middleware\AuthenticateSession->handle(Object(Illuminate\Http\Request), Object(Closure))
#40 /Library/WebServer/Documents/projects/kontrol/vendor/laravel/framework/src/Illuminate/Foundation/Http/Middleware/VerifyCsrfToken.php(87): Illuminate\Pipeline\Pipeline->{closure:{closure:Illuminate\Pipeline\Pipeline::carry():194}:195}(Object(Illuminate\Http\Request))
#41 /Library/WebServer/Documents/projects/kontrol/app/Http/Middleware/ValidateCsrfToken.php(24): Illuminate\Foundation\Http\Middleware\VerifyCsrfToken->handle(Object(Illuminate\Http\Request), Object(Closure))
#42 /Library/WebServer/Documents/projects/kontrol/vendor/laravel/framework/src/Illuminate/Pipeline/Pipeline.php(219): App\Http\Middleware\ValidateCsrfToken->handle(Object(Illuminate\Http\Request), Object(Closure))
#43 /Library/WebServer/Documents/projects/kontrol/vendor/laravel/framework/src/Illuminate/View/Middleware/ShareErrorsFromSession.php(48): Illuminate\Pipeline\Pipeline->{closure:{closure:Illuminate\Pipeline\Pipeline::carry():194}:195}(Object(Illuminate\Http\Request))
#44 /Library/WebServer/Documents/projects/kontrol/vendor/laravel/framework/src/Illuminate/Pipeline/Pipeline.php(219): Illuminate\View\Middleware\ShareErrorsFromSession->handle(Object(Illuminate\Http\Request), Object(Closure))
#45 /Library/WebServer/Documents/projects/kontrol/vendor/laravel/framework/src/Illuminate/Session/Middleware/StartSession.php(120): Illuminate\Pipeline\Pipeline->{closure:{closure:Illuminate\Pipeline\Pipeline::carry():194}:195}(Object(Illuminate\Http\Request))
#46 /Library/WebServer/Documents/projects/kontrol/vendor/laravel/framework/src/Illuminate/Session/Middleware/StartSession.php(63): Illuminate\Session\Middleware\StartSession->handleStatefulRequest(Object(Illuminate\Http\Request), Object(Illuminate\Session\Store), Object(Closure))
#47 /Library/WebServer/Documents/projects/kontrol/vendor/laravel/framework/src/Illuminate/Pipeline/Pipeline.php(219): Illuminate\Session\Middleware\StartSession->handle(Object(Illuminate\Http\Request), Object(Closure))
#48 /Library/WebServer/Documents/projects/kontrol/vendor/laravel/framework/src/Illuminate/Cookie/Middleware/AddQueuedCookiesToResponse.php(36): Illuminate\Pipeline\Pipeline->{closure:{closure:Illuminate\Pipeline\Pipeline::carry():194}:195}(Object(Illuminate\Http\Request))
#49 /Library/WebServer/Documents/projects/kontrol/vendor/laravel/framework/src/Illuminate/Pipeline/Pipeline.php(219): Illuminate\Cookie\Middleware\AddQueuedCookiesToResponse->handle(Object(Illuminate\Http\Request), Object(Closure))
#50 /Library/WebServer/Documents/projects/kontrol/vendor/laravel/framework/src/Illuminate/Cookie/Middleware/EncryptCookies.php(74): Illuminate\Pipeline\Pipeline->{closure:{closure:Illuminate\Pipeline\Pipeline::carry():194}:195}(Object(Illuminate\Http\Request))
#51 /Library/WebServer/Documents/projects/kontrol/vendor/laravel/framework/src/Illuminate/Pipeline/Pipeline.php(219): Illuminate\Cookie\Middleware\EncryptCookies->handle(Object(Illuminate\Http\Request), Object(Closure))
#52 /Library/WebServer/Documents/projects/kontrol/vendor/laravel/framework/src/Illuminate/Pipeline/Pipeline.php(137): Illuminate\Pipeline\Pipeline->{closure:{closure:Illuminate\Pipeline\Pipeline::carry():194}:195}(Object(Illuminate\Http\Request))
#53 /Library/WebServer/Documents/projects/kontrol/vendor/laravel/framework/src/Illuminate/Routing/Router.php(821): Illuminate\Pipeline\Pipeline->then(Object(Closure))
#54 /Library/WebServer/Documents/projects/kontrol/vendor/laravel/framework/src/Illuminate/Routing/Router.php(800): Illuminate\Routing\Router->runRouteWithinStack(Object(Illuminate\Routing\Route), Object(Illuminate\Http\Request))
#55 /Library/WebServer/Documents/projects/kontrol/vendor/laravel/framework/src/Illuminate/Routing/Router.php(764): Illuminate\Routing\Router->runRoute(Object(Illuminate\Http\Request), Object(Illuminate\Routing\Route))
#56 /Library/WebServer/Documents/projects/kontrol/vendor/laravel/framework/src/Illuminate/Routing/Router.php(753): Illuminate\Routing\Router->dispatchToRoute(Object(Illuminate\Http\Request))
#57 /Library/WebServer/Documents/projects/kontrol/vendor/laravel/framework/src/Illuminate/Foundation/Http/Kernel.php(200): Illuminate\Routing\Router->dispatch(Object(Illuminate\Http\Request))
#58 /Library/WebServer/Documents/projects/kontrol/vendor/laravel/framework/src/Illuminate/Pipeline/Pipeline.php(180): Illuminate\Foundation\Http\Kernel->{closure:Illuminate\Foundation\Http\Kernel::dispatchToRouter():197}(Object(Illuminate\Http\Request))
#59 /Library/WebServer/Documents/projects/kontrol/vendor/sentry/sentry-laravel/src/Sentry/Laravel/Http/FlushEventsMiddleware.php(13): Illuminate\Pipeline\Pipeline->{closure:Illuminate\Pipeline\Pipeline::prepareDestination():178}(Object(Illuminate\Http\Request))
#60 /Library/WebServer/Documents/projects/kontrol/vendor/laravel/framework/src/Illuminate/Pipeline/Pipeline.php(219): Sentry\Laravel\Http\FlushEventsMiddleware->handle(Object(Illuminate\Http\Request), Object(Closure))
#61 /Library/WebServer/Documents/projects/kontrol/vendor/sentry/sentry-laravel/src/Sentry/Laravel/Http/SetRequestIpMiddleware.php(45): Illuminate\Pipeline\Pipeline->{closure:{closure:Illuminate\Pipeline\Pipeline::carry():194}:195}(Object(Illuminate\Http\Request))
#62 /Library/WebServer/Documents/projects/kontrol/vendor/laravel/framework/src/Illuminate/Pipeline/Pipeline.php(219): Sentry\Laravel\Http\SetRequestIpMiddleware->handle(Object(Illuminate\Http\Request), Object(Closure))
#63 /Library/WebServer/Documents/projects/kontrol/vendor/sentry/sentry-laravel/src/Sentry/Laravel/Http/SetRequestMiddleware.php(31): Illuminate\Pipeline\Pipeline->{closure:{closure:Illuminate\Pipeline\Pipeline::carry():194}:195}(Object(Illuminate\Http\Request))
#64 /Library/WebServer/Documents/projects/kontrol/vendor/laravel/framework/src/Illuminate/Pipeline/Pipeline.php(219): Sentry\Laravel\Http\SetRequestMiddleware->handle(Object(Illuminate\Http\Request), Object(Closure))
#65 /Library/WebServer/Documents/projects/kontrol/vendor/laravel/framework/src/Illuminate/Foundation/Http/Middleware/TransformsRequest.php(21): Illuminate\Pipeline\Pipeline->{closure:{closure:Illuminate\Pipeline\Pipeline::carry():194}:195}(Object(Illuminate\Http\Request))
#66 /Library/WebServer/Documents/projects/kontrol/vendor/laravel/framework/src/Illuminate/Foundation/Http/Middleware/ConvertEmptyStringsToNull.php(31): Illuminate\Foundation\Http\Middleware\TransformsRequest->handle(Object(Illuminate\Http\Request), Object(Closure))
#67 /Library/WebServer/Documents/projects/kontrol/vendor/laravel/framework/src/Illuminate/Pipeline/Pipeline.php(219): Illuminate\Foundation\Http\Middleware\ConvertEmptyStringsToNull->handle(Object(Illuminate\Http\Request), Object(Closure))
#68 /Library/WebServer/Documents/projects/kontrol/vendor/laravel/framework/src/Illuminate/Foundation/Http/Middleware/TransformsRequest.php(21): Illuminate\Pipeline\Pipeline->{closure:{closure:Illuminate\Pipeline\Pipeline::carry():194}:195}(Object(Illuminate\Http\Request))
#69 /Library/WebServer/Documents/projects/kontrol/vendor/laravel/framework/src/Illuminate/Foundation/Http/Middleware/TrimStrings.php(51): Illuminate\Foundation\Http\Middleware\TransformsRequest->handle(Object(Illuminate\Http\Request), Object(Closure))
#70 /Library/WebServer/Documents/projects/kontrol/vendor/laravel/framework/src/Illuminate/Pipeline/Pipeline.php(219): Illuminate\Foundation\Http\Middleware\TrimStrings->handle(Object(Illuminate\Http\Request), Object(Closure))
#71 /Library/WebServer/Documents/projects/kontrol/vendor/laravel/framework/src/Illuminate/Http/Middleware/ValidatePostSize.php(27): Illuminate\Pipeline\Pipeline->{closure:{closure:Illuminate\Pipeline\Pipeline::carry():194}:195}(Object(Illuminate\Http\Request))
#72 /Library/WebServer/Documents/projects/kontrol/vendor/laravel/framework/src/Illuminate/Pipeline/Pipeline.php(219): Illuminate\Http\Middleware\ValidatePostSize->handle(Object(Illuminate\Http\Request), Object(Closure))
#73 /Library/WebServer/Documents/projects/kontrol/vendor/laravel/framework/src/Illuminate/Foundation/Http/Middleware/PreventRequestsDuringMaintenance.php(109): Illuminate\Pipeline\Pipeline->{closure:{closure:Illuminate\Pipeline\Pipeline::carry():194}:195}(Object(Illuminate\Http\Request))
#74 /Library/WebServer/Documents/projects/kontrol/vendor/laravel/framework/src/Illuminate/Pipeline/Pipeline.php(219): Illuminate\Foundation\Http\Middleware\PreventRequestsDuringMaintenance->handle(Object(Illuminate\Http\Request), Object(Closure))
#75 /Library/WebServer/Documents/projects/kontrol/vendor/laravel/framework/src/Illuminate/Http/Middleware/HandleCors.php(61): Illuminate\Pipeline\Pipeline->{closure:{closure:Illuminate\Pipeline\Pipeline::carry():194}:195}(Object(Illuminate\Http\Request))
#76 /Library/WebServer/Documents/projects/kontrol/vendor/laravel/framework/src/Illuminate/Pipeline/Pipeline.php(219): Illuminate\Http\Middleware\HandleCors->handle(Object(Illuminate\Http\Request), Object(Closure))
#77 /Library/WebServer/Documents/projects/kontrol/vendor/laravel/framework/src/Illuminate/Http/Middleware/TrustProxies.php(58): Illuminate\Pipeline\Pipeline->{closure:{closure:Illuminate\Pipeline\Pipeline::carry():194}:195}(Object(Illuminate\Http\Request))
#78 /Library/WebServer/Documents/projects/kontrol/vendor/laravel/framework/src/Illuminate/Pipeline/Pipeline.php(219): Illuminate\Http\Middleware\TrustProxies->handle(Object(Illuminate\Http\Request), Object(Closure))
#79 /Library/WebServer/Documents/projects/kontrol/vendor/laravel/framework/src/Illuminate/Foundation/Http/Middleware/InvokeDeferredCallbacks.php(22): Illuminate\Pipeline\Pipeline->{closure:{closure:Illuminate\Pipeline\Pipeline::carry():194}:195}(Object(Illuminate\Http\Request))
#80 /Library/WebServer/Documents/projects/kontrol/vendor/laravel/framework/src/Illuminate/Pipeline/Pipeline.php(219): Illuminate\Foundation\Http\Middleware\InvokeDeferredCallbacks->handle(Object(Illuminate\Http\Request), Object(Closure))
#81 /Library/WebServer/Documents/projects/kontrol/vendor/laravel/framework/src/Illuminate/Http/Middleware/ValidatePathEncoding.php(26): Illuminate\Pipeline\Pipeline->{closure:{closure:Illuminate\Pipeline\Pipeline::carry():194}:195}(Object(Illuminate\Http\Request))
#82 /Library/WebServer/Documents/projects/kontrol/vendor/laravel/framework/src/Illuminate/Pipeline/Pipeline.php(219): Illuminate\Http\Middleware\ValidatePathEncoding->handle(Object(Illuminate\Http\Request), Object(Closure))
#83 /Library/WebServer/Documents/projects/kontrol/vendor/sentry/sentry-laravel/src/Sentry/Laravel/Tracing/Middleware.php(79): Illuminate\Pipeline\Pipeline->{closure:{closure:Illuminate\Pipeline\Pipeline::carry():194}:195}(Object(Illuminate\Http\Request))
#84 /Library/WebServer/Documents/projects/kontrol/vendor/laravel/framework/src/Illuminate/Pipeline/Pipeline.php(219): Sentry\Laravel\Tracing\Middleware->handle(Object(Illuminate\Http\Request), Object(Closure))
#85 /Library/WebServer/Documents/projects/kontrol/vendor/laravel/framework/src/Illuminate/Pipeline/Pipeline.php(137): Illuminate\Pipeline\Pipeline->{closure:{closure:Illuminate\Pipeline\Pipeline::carry():194}:195}(Object(Illuminate\Http\Request))
#86 /Library/WebServer/Documents/projects/kontrol/vendor/laravel/framework/src/Illuminate/Foundation/Http/Kernel.php(175): Illuminate\Pipeline\Pipeline->then(Object(Closure))
#87 /Library/WebServer/Documents/projects/kontrol/vendor/laravel/framework/src/Illuminate/Foundation/Http/Kernel.php(144): Illuminate\Foundation\Http\Kernel->sendRequestThroughRouter(Object(Illuminate\Http\Request))
#88 /Library/WebServer/Documents/projects/kontrol/vendor/laravel/framework/src/Illuminate/Foundation/Testing/Concerns/MakesHttpRequests.php(607): Illuminate\Foundation\Http\Kernel->handle(Object(Illuminate\Http\Request))
#89 /Library/WebServer/Documents/projects/kontrol/vendor/laravel/framework/src/Illuminate/Foundation/Testing/Concerns/MakesHttpRequests.php(397): Illuminate\Foundation\Testing\TestCase->call('POST', 'http://kontrol....', Array, Array, Array, Array)
#90 /Library/WebServer/Documents/projects/kontrol/tests/Feature/PropertyOwnerCapabilityTest.php(424): Illuminate\Foundation\Testing\TestCase->post('http://kontrol....', Array)
#91 /Library/WebServer/Documents/projects/kontrol/vendor/pestphp/pest/src/Factories/TestCaseMethodFactory.php(177): P\Tests\Feature\PropertyOwnerCapabilityTest->{closure:/Library/WebServer/Documents/projects/kontrol/tests/Feature/PropertyOwnerCapabilityTest.php:366}()
#92 [internal function]: P\Tests\Feature\PropertyOwnerCapabilityTest->{closure:Pest\Factories\TestCaseMethodFactory::getClosure():167}()
#93 /Library/WebServer/Documents/projects/kontrol/vendor/pestphp/pest/src/Concerns/Testable.php(576): call_user_func_array(Object(Closure), Array)
#94 /Library/WebServer/Documents/projects/kontrol/vendor/pestphp/pest/src/Support/ExceptionTrace.php(26): P\Tests\Feature\PropertyOwnerCapabilityTest->{closure:Pest\Concerns\Testable::__callClosure():576}()
#95 /Library/WebServer/Documents/projects/kontrol/vendor/pestphp/pest/src/Concerns/Testable.php(576): Pest\Support\ExceptionTrace::ensure(Object(Closure))
#96 /Library/WebServer/Documents/projects/kontrol/vendor/pestphp/pest/src/Concerns/Testable.php(403): P\Tests\Feature\PropertyOwnerCapabilityTest->__callClosure(Object(Closure), Array)
#97 /Library/WebServer/Documents/projects/kontrol/vendor/pestphp/pest/src/Factories/TestCaseFactory.php(175) : eval()'d code(62): P\Tests\Feature\PropertyOwnerCapabilityTest->__runTest(Object(Closure))
#98 /Library/WebServer/Documents/projects/kontrol/vendor/phpunit/phpunit/src/Framework/TestCase.php(1310): P\Tests\Feature\PropertyOwnerCapabilityTest->__pest_evaluable_property_owner_can_manage_their_own_invite_link_and_users_can_join()
#99 /Library/WebServer/Documents/projects/kontrol/vendor/phpunit/phpunit/src/Framework/TestCase.php(1344): PHPUnit\Framework\TestCase->invokeTestMethod('__pest_evaluabl...', Array)
#100 /Library/WebServer/Documents/projects/kontrol/vendor/phpunit/phpunit/src/Framework/TestCase.php(520): PHPUnit\Framework\TestCase->runTest()
#101 /Library/WebServer/Documents/projects/kontrol/vendor/phpunit/phpunit/src/Framework/TestRunner/TestRunner.php(99): PHPUnit\Framework\TestCase->runBare()
#102 /Library/WebServer/Documents/projects/kontrol/vendor/phpunit/phpunit/src/Framework/TestCase.php(360): PHPUnit\Framework\TestRunner->run(Object(P\Tests\Feature\PropertyOwnerCapabilityTest))
#103 /Library/WebServer/Documents/projects/kontrol/vendor/phpunit/phpunit/src/Framework/TestSuite.php(374): PHPUnit\Framework\TestCase->run()
#104 /Library/WebServer/Documents/projects/kontrol/vendor/brianium/paratest/src/WrapperRunner/ApplicationForWrapperWorker.php(124): PHPUnit\Framework\TestSuite->run()
#105 /Library/WebServer/Documents/projects/kontrol/vendor/pestphp/pest/bin/worker.php(115): ParaTest\WrapperRunner\ApplicationForWrapperWorker->runTest('/Library/WebSer...')
#106 /Library/WebServer/Documents/projects/kontrol/vendor/pestphp/pest/bin/worker.php(120): {closure:/Library/WebServer/Documents/projects/kontrol/vendor/pestphp/pest/bin/worker.php:31}()
#107 {main}

----------------------------------------------------------------------------------

SQLSTATE[HY000]: General error: 1 table user_profiles has no column named property_owner_id (Connection: sqlite, Database: :memory:, SQL: insert into "user_profiles" ("user_id", "property_owner_id", "updated_at", "created_at") values (3, 2, 2026-08-11 16:47:28, 2026-08-11 16:47:28))[39;22m

  at [32mtests/Feature/PropertyOwnerCapabilityTest.php[39m:[32m430[39m
    426▕         'email' => 'joined.under.po@resident.com',
    427▕         'password' => 'SecurePass123!',
    428▕         'password_confirmation' => 'SecurePass123!',
    429▕     ]);
  ➜ 430▕     $response->assertOk();
    431▕ 
    432▕     $resident = User::where('email', 'joined.under.po@resident.com')->first();
    433▕     expect($resident)->not->toBeNull();
    434▕

  [31m────────────────────────────────────────────────────────────────────────────[39m  
  [41;1m FAILED [49;22m [1mTests\Feature\PropertyOwnerCapabilityTest[22m [90m>[39m payment routing dynam…   
[39;1m  Failed asserting that two strings are identical.
  [39;22m[31m-'ACCT_owner123'[39m[39;1m
  [39;22m[32m+'ACCT_estate123'[39m[39;1m
  [39;22m

  at [32mtests/Feature/PropertyOwnerCapabilityTest.php[39m:[32m738[39m
    734▕ 
    735▕     // 6. Test Single Payment Routing for Landlord Bill
    736▕     $response = $this->postJson(url("/billing/collection/{$ownerAssignment->id}/initiate"));
    737▕     $response->assertOk();
  ➜ 738▕     $response->assertJsonPath('subaccount', 'ACCT_owner123');
    739▕ 
    740▕     // 7. Test Single Payment Routing for Estate Bill
    741▕     $response = $this->postJson(url("/billing/collection/{$estateAssignment->id}/initiate"));
    742▕     $response->assertOk();

  [31m────────────────────────────────────────────────────────────────────────────[39m  
  [41;1m FAILED [49;22m [1mTests\Feature\PartnerAssignmentPolicyTest[22m [90m>[39m it allows only author…   
[39;1m  Failed asserting that false is true.[39;22m

  at [32mtests/Feature/PartnerAssignmentPolicyTest.php[39m:[32m36[39m
     32▕ it('allows only authorized admins to change partner assignment', function () {
     33▕     setPermissionsTeamId($this->estate->id);
     34▕     app(\App\Auth\ContextManager::class)->resolve();
     35▕ 
  ➜  36▕     expect(Gate::forUser($this->authorizedAdmin)->allows('update', $this->estate))->toBeTrue()
     37▕         ->and(Gate::forUser($this->unauthorizedAdmin)->allows('update', $this->estate))->toBeFalse();
     38▕ });
     39▕ 
     40▕ it('creates an audit log entry when partner assignment changes via zeus action', function () {

  [33m1   [39m[39;1mtests/Feature/PartnerAssignmentPolicyTest.php[39;22m:[39;1m36[39;22m

  [31m────────────────────────────────────────────────────────────────────────────[39m  
  [41;1m FAILED [49;22m [1mTests\Feature\AccessCodeSchedulingTest[22m [90m>[39m it denies access if gues…   
[39;1m  Failed asserting that true is false.[39;22m

  at [32mtests/Feature/AccessCodeSchedulingTest.php[39m:[32m76[39m
     72▕ 
     73▕     // 3rd guest validation should fail
     74▕     $result = $this->validateAction->execute('EVENT', $this->estate->id);
     75▕ 
  ➜  76▕     expect($result['valid'])->toBeFalse()
     77▕         ->and($result['status'])->toBe('limit_reached')
     78▕         ->and($result['message'])->toBe('Event pass guest limit reached');
     79▕ 
     80▕     // Code status should be Used now

  [33m1   [39m[39;1mtests/Feature/AccessCodeSchedulingTest.php[39;22m:[39;1m76[39;22m

  [31m────────────────────────────────────────────────────────────────────────────[39m  
  [41;1m FAILED [49;22m [1mTests\Feature\AccessCodeSchedulingTest[22m [90m>[39m it allows multiple check…   
[39;1m  Failed asserting that two variables reference the same object.
  [39;22m[31m-App\Enums\AccessCodeStatus Enum #6203 (Used, 'used')[39m[39;1m
  [39;22m[32m+App\Enums\AccessCodeStatus Enum #2920 (Active, 'active')[39m[39;1m
  [39;22m

  at [32mtests/Feature/AccessCodeSchedulingTest.php[39m:[32m102[39m
     98▕ 
     99▕     // 2nd check-in
    100▕     $log2 = $this->recordAction->execute('EVENT_MULTI', $this->estate->id, $this->user, []);
    101▕     expect($log2)->not->toBeNull()
  ➜ 102▕         ->and($code->fresh()->status)->toBe(AccessCodeStatus::Used);
    103▕ });
    104▕ 
    105▕ it('denies access if recurring schedule does not match current time', function () {
    106▕     // Schedule for weekends only

  [33m1   [39m[39;1mtests/Feature/AccessCodeSchedulingTest.php[39;22m:[39;1m102[39;22m

  [31m────────────────────────────────────────────────────────────────────────────[39m  
  [41;1m FAILED [49;22m [1mTests\Feature\MarketingPageTest[22m [90m>[39m public home page returns ok and…   
[39;1m  Property [plans] does not exist.
Failed asserting that false is true.[39;22m

  at [32mtests/Feature/MarketingPageTest.php[39m:[32m23[39m
     19▕ 
     20▕     // 3. Assert status and component
     21▕     $response->assertOk();
     22▕     $response->assertInertia(fn ($page) => $page
  ➜  23▕         ? $page->component('Public/Home')->has('plans')
     24▕         : null
     25▕     );
     26▕ });
     27▕

      [2m+2 vendor frames [22m
  [33m3   [39m[39;1mtests/Feature/MarketingPageTest.php[39;22m:[39;1m22[39;22m

  [31m────────────────────────────────────────────────────────────────────────────[39m  
  [41;1m FAILED [49;22m [1mTests\Feature\VisitorArrivedNotificationTest[22m [90m>[39m event code message…   
[39;1m  Failed asserting that two strings are identical.
  [39;22m[31m-'A guest has arrived for the event Birthday Party. 1 out of 10 expected guests have arrived.'[39m[39;1m
  [39;22m[32m+'A guest has arrived for the event Birthday Party. 0 out of 10 expected guests have arrived.'[39m[39;1m
  [39;22m

  at [32mtests/Feature/VisitorArrivedNotificationTest.php[39m:[32m35[39m
     31▕ 
     32▕     $notification = new VisitorArrivedNotification($code);
     33▕     $data = $notification->toArray($user);
     34▕ 
  ➜  35▕     expect($data['message'])->toBe('A guest has arrived for the event Birthday Party. 1 out of 10 expected guests have arrived.');
     36▕ });
     37▕ 
     38▕ test('event code message with event name but no max guest count', function () {
     39▕     $estate = Estate::factory()->create();

  [33m1   [39m[39;1mtests/Feature/VisitorArrivedNotificationTest.php[39;22m:[39;1m35[39;22m

  [31m────────────────────────────────────────────────────────────────────────────[39m  
  [41;1m FAILED [49;22m [1mTests\Feature\VisitorArrivedNotificationTest[22m [90m>[39m event code message…   
[39;1m  Failed asserting that two strings are identical.
  [39;22m[31m-'A guest has arrived for the event Graduation. Guest number 1 has arrived.'[39m[39;1m
  [39;22m[32m+'A guest has arrived for the event Graduation. Guest number 0 has arrived.'[39m[39;1m
  [39;22m

  at [32mtests/Feature/VisitorArrivedNotificationTest.php[39m:[32m61[39m
     57▕ 
     58▕     $notification = new VisitorArrivedNotification($code);
     59▕     $data = $notification->toArray($user);
     60▕ 
  ➜  61▕     expect($data['message'])->toBe('A guest has arrived for the event Graduation. Guest number 1 has arrived.');
     62▕ });
     63▕ 
     64▕ test('event code message with no event name but max guest count', function () {
     65▕     $estate = Estate::factory()->create();

  [33m1   [39m[39;1mtests/Feature/VisitorArrivedNotificationTest.php[39;22m:[39;1m61[39;22m

  [31m────────────────────────────────────────────────────────────────────────────[39m  
  [41;1m FAILED [49;22m [1mTests\Feature\VisitorArrivedNotificationTest[22m [90m>[39m event code message…   
[39;1m  Failed asserting that two strings are identical.
  [39;22m[31m-'A guest has arrived for your event. 1 out of 5 expected guests have arrived.'[39m[39;1m
  [39;22m[32m+'A guest has arrived for your event. 0 out of 5 expected guests have arrived.'[39m[39;1m
  [39;22m

  at [32mtests/Feature/VisitorArrivedNotificationTest.php[39m:[32m87[39m
     83▕ 
     84▕     $notification = new VisitorArrivedNotification($code);
     85▕     $data = $notification->toArray($user);
     86▕ 
  ➜  87▕     expect($data['message'])->toBe('A guest has arrived for your event. 1 out of 5 expected guests have arrived.');
     88▕ });
     89▕ 
     90▕ test('event code message with no event name and no max guest count', function () {
     91▕     $estate = Estate::factory()->create();

  [33m1   [39m[39;1mtests/Feature/VisitorArrivedNotificationTest.php[39;22m:[39;1m87[39;22m

  [31m────────────────────────────────────────────────────────────────────────────[39m  
  [41;1m FAILED [49;22m [1mTests\Feature\VisitorArrivedNotificationTest[22m [90m>[39m event code message…   
[39;1m  Failed asserting that two strings are identical.
  [39;22m[31m-'A guest has arrived for your event. Guest number 1 has arrived.'[39m[39;1m
  [39;22m[32m+'A guest has arrived for your event. Guest number 0 has arrived.'[39m[39;1m
  [39;22m

  at [32mtests/Feature/VisitorArrivedNotificationTest.php[39m:[32m113[39m
    109▕ 
    110▕     $notification = new VisitorArrivedNotification($code);
    111▕     $data = $notification->toArray($user);
    112▕ 
  ➜ 113▕     expect($data['message'])->toBe('A guest has arrived for your event. Guest number 1 has arrived.');
    114▕ });
    115▕ 
    116▕ test('standard visitor code message', function () {
    117▕     $estate = Estate::factory()->create();

  [33m1   [39m[39;1mtests/Feature/VisitorArrivedNotificationTest.php[39;22m:[39;1m113[39;22m

  [31m────────────────────────────────────────────────────────────────────────────[39m  
  [41;1m FAILED [49;22m [1mTests\Feature\BulkPaymentSourceGroupTest[22m [90m>[39m resident cannot initia…   
[39;1m  Expected response status code [400] but received 200.
Failed asserting that 200 is identical to 400.[39;22m

  at [32mtests/Feature/BulkPaymentSourceGroupTest.php[39m:[32m111[39m
    107▕         'assignments' => "{$estateAssignment->ulid},{$ownerAssignment->ulid}",
    108▕     ]));
    109▕ 
    110▕     // Expecting 400 Bad Request due to mixed settlement accounts
  ➜ 111▕     $response->assertStatus(400);
    112▕ 
    113▕     // Act & Assert: Mixed collections list passed to initiateBulk
    114▕     $responsePost = $this->postJson(route('web.billing.collections.initiate_bulk', [
    115▕         'assignments' => "{$estateAssignment->ulid},{$ownerAssignment->ulid}",

  [31m────────────────────────────────────────────────────────────────────────────[39m  
  [41;1m FAILED [49;22m [1mTests\Feature\BulkPaymentSourceGroupTest[22m [90m>[39m resident can view bulk…   
[39;1m  Unable to find JSON fragment: 

[{"subaccount":"ACCT_landlord_test"}]

within

[{"already_paid":false,"amount":25609.14,"amount_kobo":2560914,"base_amount":25000,"bearer":"account","email":"king.aidan@example.net","kontrol_fee":125,"paystack_fee":484.14,"reference":"COLL-BULK-876A8351614B","subaccount":"ACCT_estate_test","transaction_charge":60914}].
Failed asserting that false is true.[39;22m

  at [32mtests/Feature/BulkPaymentSourceGroupTest.php[39m:[32m229[39m
    225▕         'assignments' => "{$a1->ulid},{$a2->ulid}",
    226▕     ]));
    227▕ 
    228▕     $responsePost->assertOk();
  ➜ 229▕     $responsePost->assertJsonFragment([
    230▕         'already_paid' => false,
    231▕         'subaccount' => 'ACCT_landlord_test',
    232▕     ]);
    233▕ });

  [31m────────────────────────────────────────────────────────────────────────────[39m  
  [41;1m FAILED [49;22m [1mTests\Feature\BulkPaymentSourceGroupTest[22m [90m>[39m bulk payment triggers…    
[39;1m  The expected [App\Notifications\PropertyOwner\CollectionPaymentReceivedNotification] notification was not sent.
Failed asserting that false is true.[39;22m

  at [32mvendor/laravel/framework/src/Illuminate/Support/Testing/Fakes/NotificationFake.php[39m:[32m89[39m
     85▕         if (is_numeric($callback)) {
     86▕             return $this->assertSentToTimes($notifiable, $notification, $callback);
     87▕         }
     88▕ 
  ➜  89▕         PHPUnit::assertTrue(
     90▕             $this->sent($notifiable, $notification, $callback)->count() > 0,
     91▕             "The expected [{$notification}] notification was not sent."
     92▕         );
     93▕     }

      [2m+2 vendor frames [22m
  [33m3   [39m[39;1mtests/Feature/BulkPaymentSourceGroupTest.php[39;22m:[39;1m344[39;22m

  [31m────────────────────────────────────────────────────────────────────────────[39m  
  [41;1m FAILED [49;22m [1mTests\Feature\IncidentStatusTest[22m [90m>[39m admin can transition incident…    
[39;1m  Expected response status code [201, 301, 302, 303, 307, 308] but received 404.
Failed asserting that false is true.[39;22m

  at [32mtests/Feature/IncidentStatusTest.php[39m:[32m43[39m
     39▕     $response = $this->actingAs($admin)
     40▕         ->put(route('admin.incidents.status.update', $incident->hashid), [
     41▕             'status' => 'acknowledged',
     42▕         ]);
  ➜  43▕     $response->assertRedirect();
     44▕     expect($incident->fresh()->status)->toBe(IncidentStatus::Acknowledged);
     45▕     expect($incident->fresh()->acknowledged_at)->not->toBeNull();
     46▕ 
     47▕     // Update status to Resolving and assign to admin

  [31m────────────────────────────────────────────────────────────────────────────[39m  
  [41;1m FAILED [49;22m [1mTests\Feature\IncidentStatusTest[22m [90m>[39m admin cannot mark incident as…    
[39;1m  Expected response status code [302] but received 404.
Failed asserting that 404 is identical to 302.[39;22m

  at [32mtests/Feature/IncidentStatusTest.php[39m:[32m94[39m
     90▕         ->put(route('admin.incidents.status.update', $incident->hashid), [
     91▕             'status' => 'closed',
     92▕         ]);
     93▕ 
  ➜  94▕     $response->assertStatus(302); // fails validation since "closed" is not in UpdateIncidentStatusRequest's status validation list
     95▕ });
     96▕ 
     97▕ test('reporter can close a solved incident', function () {
     98▕     $estate = Estate::factory()->create();

  [31m────────────────────────────────────────────────────────────────────────────[39m  
  [41;1m FAILED [49;22m [1mTests\Feature\IncidentStatusTest[22m [90m>[39m reporter can close a solved in…   
[39;1m  Expected response status code [201, 301, 302, 303, 307, 308] but received 404.
Failed asserting that false is true.[39;22m

  at [32mtests/Feature/IncidentStatusTest.php[39m:[32m118[39m
    114▕     $response = $this->actingAs($reporter)
    115▕         ->withHeaders(['X-Bypass-Mobile-Restrict' => 'true'])
    116▕         ->post(route('resident.incidents.close', $incident->hashid));
    117▕ 
  ➜ 118▕     $response->assertRedirect();
    119▕     expect($incident->fresh()->status)->toBe(IncidentStatus::Closed);
    120▕     expect($incident->fresh()->closed_at)->not->toBeNull();
    121▕ });
    122▕

  [31m────────────────────────────────────────────────────────────────────────────[39m  
  [41;1m FAILED [49;22m [1mTests\Feature\IncidentStatusTest[22m [90m>[39m non-reporter cannot close a so…   
[39;1m  Expected response status code [403] but received 404.
Failed asserting that 404 is identical to 403.[39;22m

  at [32mtests/Feature/IncidentStatusTest.php[39m:[32m148[39m
    144▕     $response = $this->actingAs($otherResident)
    145▕         ->withHeaders(['X-Bypass-Mobile-Restrict' => 'true'])
    146▕         ->post(route('resident.incidents.close', $incident->hashid));
    147▕ 
  ➜ 148▕     $response->assertStatus(403);
    149▕ });
    150▕

  [31m────────────────────────────────────────────────────────────────────────────[39m  
  [41;1m FAILED [49;22m [1mTests\Feature\ZeusNotificationTest[22m [90m>[39m it creates a zeus notificati…   
[39;1m  Failed asserting that two strings are equal.
  [39;22m[31m-'.../partner/partner-requests'[39m[39;1m
  [39;22m[32m+'.../partner/partner-requests?tab=referrals'[39m[39;1m
  [39;22m

  at [32mtests/Feature/ZeusNotificationTest.php[39m:[32m35[39m
     31▕             'number_of_houses' => 80,
     32▕             'state' => 'Lagos',
     33▕             'lga' => 'Eti-Osa',
     34▕         ])
  ➜  35▕         ->assertRedirect(route('partner.partner-requests.index'));
     36▕ 
     37▕     $notification = ZeusNotification::query()->latest('id')->first();
     38▕ 
     39▕     expect($notification)->not->toBeNull()

  [31m────────────────────────────────────────────────────────────────────────────[39m  
  [41;1m FAILED [49;22m [1mTests\Feature\Admin\PropertyOwnerResidentAssignmentTest[22m [90m>[39m it can…    
[39;1m  Expected response status code [200] but received 403.
Failed asserting that 403 is identical to 200.[39;22m

  at [32mtests/Feature/Admin/PropertyOwnerResidentAssignmentTest.php[39m:[32m59[39m
     55▕     $response = $this->actingAs($this->admin)
     56▕         ->withSession(['estate_id' => $this->estate->id])
     57▕         ->get(route('admin.property-owners.available-residents', $this->propertyOwner));
     58▕ 
  ➜  59▕     $response->assertOk();
     60▕     $response->assertJsonCount(2); // Only resident1 and resident2
     61▕ 
     62▕     $json = $response->json();
     63▕     $names = collect($json)->pluck('name');

  [31m────────────────────────────────────────────────────────────────────────────[39m  
  [41;1m FAILED [49;22m [1mTests\Feature\Admin\PropertyOwnerResidentAssignmentTest[22m [90m>[39m it can…    
[39;1m  Expected response status code [200] but received 403.
Failed asserting that 403 is identical to 200.[39;22m

  at [32mtests/Feature/Admin/PropertyOwnerResidentAssignmentTest.php[39m:[32m73[39m
     69▕     $response = $this->actingAs($this->admin)
     70▕         ->withSession(['estate_id' => $this->estate->id])
     71▕         ->get(route('admin.property-owners.available-residents', ['propertyOwner' => $this->propertyOwner, 'search' => 'Jane']));
     72▕ 
  ➜  73▕     $response->assertOk();
     74▕     $response->assertJsonCount(1);
     75▕     expect($response->json()[0]['name'])->toBe('Jane Smith');
     76▕ });
     77▕

  [31m────────────────────────────────────────────────────────────────────────────[39m  
  [41;1m FAILED [49;22m [1mTests\Feature\Admin\PropertyOwnerResidentAssignmentTest[22m [90m>[39m it can…    
[39;1m  Expected response status code [201, 301, 302, 303, 307, 308] but received 403.
Failed asserting that false is true.[39;22m

  at [32mtests/Feature/Admin/PropertyOwnerResidentAssignmentTest.php[39m:[32m85[39m
     81▕         ->post(route('admin.property-owners.assign-residents', $this->propertyOwner), [
     82▕             'resident_ids' => [$this->resident1->id, $this->resident2->id],
     83▕         ]);
     84▕ 
  ➜  85▕     $response->assertRedirect();
     86▕     $response->assertSessionHas('success');
     87▕ 
     88▕     // Verify database
     89▕     expect(UserProfile::where('user_id', $this->resident1->id)->first()->property_owner_id)->toBe($this->propertyOwner->id)

  [31m────────────────────────────────────────────────────────────────────────────[39m  
  [41;1m FAILED [49;22m [1mTests\Feature\IncidentUpvoteTest[22m [90m>[39m resident can upvote another in…   
[39;1m  Expected response status code [200] but received 404.
Failed asserting that 404 is identical to 200.[39;22m

  at [32mtests/Feature/IncidentUpvoteTest.php[39m:[32m41[39m
     37▕         ->postJson(route('resident.incidents.upvote', $incident->hashid), [], [
     38▕             'X-Bypass-Mobile-Restrict' => 'true',
     39▕         ]);
     40▕ 
  ➜  41▕     $response->assertStatus(200);
     42▕     $response->assertJson([
     43▕         'upvoted' => true,
     44▕         'upvotes_count' => 1,
     45▕     ]);

  [31m────────────────────────────────────────────────────────────────────────────[39m  
  [41;1m FAILED [49;22m [1mTests\Feature\IncidentUpvoteTest[22m [90m>[39m resident cannot upvote their o…   
[39;1m  Expected response status code [403] but received 404.
Failed asserting that 404 is identical to 403.[39;22m

  at [32mtests/Feature/IncidentUpvoteTest.php[39m:[32m90[39m
     86▕     $response = $this->actingAs($reporter)
     87▕         ->withHeaders(['X-Bypass-Mobile-Restrict' => 'true'])
     88▕         ->post(route('resident.incidents.upvote', $incident->hashid));
     89▕ 
  ➜  90▕     $response->assertStatus(403);
     91▕ });
     92▕

  [31m────────────────────────────────────────────────────────────────────────────[39m  
  [41;1m FAILED [49;22m [1mTests\Feature\CreateIncidentTest[22m [90m>[39m resident can view incidents fe…   
[39;1m  Expected response status code [201, 301, 302, 303, 307, 308] but received 500.
Failed asserting that false is true.

The following exception occurred during the last request:

TypeError: strtolower(): Argument #1 ($string) must be of type string, App\Enums\IncidentPriority given in /Library/WebServer/Documents/projects/kontrol/app/Actions/Incidents/CreateIncidentAction.php:107
Stack trace:
#0 /Library/WebServer/Documents/projects/kontrol/app/Actions/Incidents/CreateIncidentAction.php(107): strtolower(App\Enums\IncidentPriority::Low)
#1 /Library/WebServer/Documents/projects/kontrol/vendor/laravel/framework/src/Illuminate/Database/Concerns/ManagesTransactions.php(35): App\Actions\Incidents\CreateIncidentAction->{closure:App\Actions\Incidents\CreateIncidentAction::execute():30}(Object(Illuminate\Database\SQLiteConnection))
#2 /Library/WebServer/Documents/projects/kontrol/vendor/laravel/framework/src/Illuminate/Database/DatabaseManager.php(491): Illuminate\Database\Connection->transaction(Object(Closure))
#3 /Library/WebServer/Documents/projects/kontrol/vendor/laravel/framework/src/Illuminate/Support/Facades/Facade.php(363): Illuminate\Database\DatabaseManager->__call('transaction', Array)
#4 /Library/WebServer/Documents/projects/kontrol/app/Actions/Incidents/CreateIncidentAction.php(30): Illuminate\Support\Facades\Facade::__callStatic('transaction', Array)
#5 /Library/WebServer/Documents/projects/kontrol/app/Http/Controllers/Resident/IncidentController.php(87): App\Actions\Incidents\CreateIncidentAction->execute(Array, Object(App\Models\Estate))
#6 /Library/WebServer/Documents/projects/kontrol/vendor/laravel/framework/src/Illuminate/Routing/ControllerDispatcher.php(46): App\Http\Controllers\Resident\IncidentController->store(Object(App\Http\Requests\Incidents\StoreIncidentRequest))
#7 /Library/WebServer/Documents/projects/kontrol/vendor/sentry/sentry-laravel/src/Sentry/Laravel/Tracing/Routing/TracingControllerDispatcherTracing.php(21): Illuminate\Routing\ControllerDispatcher->dispatch(Object(Illuminate\Routing\Route), Object(App\Http\Controllers\Resident\IncidentController), 'store')
#8 /Library/WebServer/Documents/projects/kontrol/vendor/sentry/sentry-laravel/src/Sentry/Laravel/Tracing/Routing/TracingRoutingDispatcher.php(35): Sentry\Laravel\Tracing\Routing\TracingControllerDispatcherTracing->{closure:Sentry\Laravel\Tracing\Routing\TracingControllerDispatcherTracing::dispatch():20}()
#9 /Library/WebServer/Documents/projects/kontrol/vendor/sentry/sentry-laravel/src/Sentry/Laravel/Tracing/Routing/TracingControllerDispatcherTracing.php(20): Sentry\Laravel\Tracing\Routing\TracingRoutingDispatcher->wrapRouteDispatch(Object(Closure), Object(Illuminate\Routing\Route))
#10 /Library/WebServer/Documents/projects/kontrol/vendor/laravel/framework/src/Illuminate/Routing/Route.php(265): Sentry\Laravel\Tracing\Routing\TracingControllerDispatcherTracing->dispatch(Object(Illuminate\Routing\Route), Object(App\Http\Controllers\Resident\IncidentController), 'store')
#11 /Library/WebServer/Documents/projects/kontrol/vendor/laravel/framework/src/Illuminate/Routing/Route.php(211): Illuminate\Routing\Route->runController()
#12 /Library/WebServer/Documents/projects/kontrol/vendor/laravel/framework/src/Illuminate/Routing/Router.php(822): Illuminate\Routing\Route->run()
#13 /Library/WebServer/Documents/projects/kontrol/vendor/laravel/framework/src/Illuminate/Pipeline/Pipeline.php(180): Illuminate\Routing\Router->{closure:Illuminate\Routing\Router::runRouteWithinStack():821}(Object(Illuminate\Http\Request))
#14 /Library/WebServer/Documents/projects/kontrol/app/Http/Middleware/EnsureResidentSubscriptionActive.php(66): Illuminate\Pipeline\Pipeline->{closure:Illuminate\Pipeline\Pipeline::prepareDestination():178}(Object(Illuminate\Http\Request))
#15 /Library/WebServer/Documents/projects/kontrol/vendor/laravel/framework/src/Illuminate/Pipeline/Pipeline.php(219): App\Http\Middleware\EnsureResidentSubscriptionActive->handle(Object(Illuminate\Http\Request), Object(Closure))
#16 /Library/WebServer/Documents/projects/kontrol/app/Http/Middleware/EnsureUserHasRole.php(71): Illuminate\Pipeline\Pipeline->{closure:{closure:Illuminate\Pipeline\Pipeline::carry():194}:195}(Object(Illuminate\Http\Request))
#17 /Library/WebServer/Documents/projects/kontrol/vendor/laravel/framework/src/Illuminate/Pipeline/Pipeline.php(219): App\Http\Middleware\EnsureUserHasRole->handle(Object(Illuminate\Http\Request), Object(Closure), 'resident', 'household_membe...', 'property_owner')
#18 /Library/WebServer/Documents/projects/kontrol/vendor/laravel/framework/src/Illuminate/Http/Middleware/AddLinkHeadersForPreloadedAssets.php(32): Illuminate\Pipeline\Pipeline->{closure:{closure:Illuminate\Pipeline\Pipeline::carry():194}:195}(Object(Illuminate\Http\Request))
#19 /Library/WebServer/Documents/projects/kontrol/vendor/laravel/framework/src/Illuminate/Pipeline/Pipeline.php(219): Illuminate\Http\Middleware\AddLinkHeadersForPreloadedAssets->handle(Object(Illuminate\Http\Request), Object(Closure))
#20 /Library/WebServer/Documents/projects/kontrol/vendor/inertiajs/inertia-laravel/src/Middleware.php(122): Illuminate\Pipeline\Pipeline->{closure:{closure:Illuminate\Pipeline\Pipeline::carry():194}:195}(Object(Illuminate\Http\Request))
#21 /Library/WebServer/Documents/projects/kontrol/vendor/laravel/framework/src/Illuminate/Pipeline/Pipeline.php(219): Inertia\Middleware->handle(Object(Illuminate\Http\Request), Object(Closure))
#22 /Library/WebServer/Documents/projects/kontrol/app/Http/Middleware/ResolveContext.php(28): Illuminate\Pipeline\Pipeline->{closure:{closure:Illuminate\Pipeline\Pipeline::carry():194}:195}(Object(Illuminate\Http\Request))
#23 /Library/WebServer/Documents/projects/kontrol/vendor/laravel/framework/src/Illuminate/Pipeline/Pipeline.php(219): App\Http\Middleware\ResolveContext->handle(Object(Illuminate\Http\Request), Object(Closure))
#24 /Library/WebServer/Documents/projects/kontrol/vendor/laravel/framework/src/Illuminate/Routing/Middleware/SubstituteBindings.php(50): Illuminate\Pipeline\Pipeline->{closure:{closure:Illuminate\Pipeline\Pipeline::carry():194}:195}(Object(Illuminate\Http\Request))
#25 /Library/WebServer/Documents/projects/kontrol/vendor/laravel/framework/src/Illuminate/Pipeline/Pipeline.php(219): Illuminate\Routing\Middleware\SubstituteBindings->handle(Object(Illuminate\Http\Request), Object(Closure))
#26 /Library/WebServer/Documents/projects/kontrol/vendor/laravel/framework/src/Illuminate/Session/Middleware/AuthenticateSession.php(70): Illuminate\Pipeline\Pipeline->{closure:{closure:Illuminate\Pipeline\Pipeline::carry():194}:195}(Object(Illuminate\Http\Request))
#27 /Library/WebServer/Documents/projects/kontrol/vendor/laravel/framework/src/Illuminate/Pipeline/Pipeline.php(219): Illuminate\Session\Middleware\AuthenticateSession->handle(Object(Illuminate\Http\Request), Object(Closure))
#28 /Library/WebServer/Documents/projects/kontrol/vendor/laravel/framework/src/Illuminate/Foundation/Http/Middleware/VerifyCsrfToken.php(87): Illuminate\Pipeline\Pipeline->{closure:{closure:Illuminate\Pipeline\Pipeline::carry():194}:195}(Object(Illuminate\Http\Request))
#29 /Library/WebServer/Documents/projects/kontrol/app/Http/Middleware/ValidateCsrfToken.php(24): Illuminate\Foundation\Http\Middleware\VerifyCsrfToken->handle(Object(Illuminate\Http\Request), Object(Closure))
#30 /Library/WebServer/Documents/projects/kontrol/vendor/laravel/framework/src/Illuminate/Pipeline/Pipeline.php(219): App\Http\Middleware\ValidateCsrfToken->handle(Object(Illuminate\Http\Request), Object(Closure))
#31 /Library/WebServer/Documents/projects/kontrol/vendor/laravel/framework/src/Illuminate/View/Middleware/ShareErrorsFromSession.php(48): Illuminate\Pipeline\Pipeline->{closure:{closure:Illuminate\Pipeline\Pipeline::carry():194}:195}(Object(Illuminate\Http\Request))
#32 /Library/WebServer/Documents/projects/kontrol/vendor/laravel/framework/src/Illuminate/Pipeline/Pipeline.php(219): Illuminate\View\Middleware\ShareErrorsFromSession->handle(Object(Illuminate\Http\Request), Object(Closure))
#33 /Library/WebServer/Documents/projects/kontrol/vendor/laravel/framework/src/Illuminate/Session/Middleware/StartSession.php(120): Illuminate\Pipeline\Pipeline->{closure:{closure:Illuminate\Pipeline\Pipeline::carry():194}:195}(Object(Illuminate\Http\Request))
#34 /Library/WebServer/Documents/projects/kontrol/vendor/laravel/framework/src/Illuminate/Session/Middleware/StartSession.php(63): Illuminate\Session\Middleware\StartSession->handleStatefulRequest(Object(Illuminate\Http\Request), Object(Illuminate\Session\Store), Object(Closure))
#35 /Library/WebServer/Documents/projects/kontrol/vendor/laravel/framework/src/Illuminate/Pipeline/Pipeline.php(219): Illuminate\Session\Middleware\StartSession->handle(Object(Illuminate\Http\Request), Object(Closure))
#36 /Library/WebServer/Documents/projects/kontrol/vendor/laravel/framework/src/Illuminate/Cookie/Middleware/AddQueuedCookiesToResponse.php(36): Illuminate\Pipeline\Pipeline->{closure:{closure:Illuminate\Pipeline\Pipeline::carry():194}:195}(Object(Illuminate\Http\Request))
#37 /Library/WebServer/Documents/projects/kontrol/vendor/laravel/framework/src/Illuminate/Pipeline/Pipeline.php(219): Illuminate\Cookie\Middleware\AddQueuedCookiesToResponse->handle(Object(Illuminate\Http\Request), Object(Closure))
#38 /Library/WebServer/Documents/projects/kontrol/vendor/laravel/framework/src/Illuminate/Cookie/Middleware/EncryptCookies.php(74): Illuminate\Pipeline\Pipeline->{closure:{closure:Illuminate\Pipeline\Pipeline::carry():194}:195}(Object(Illuminate\Http\Request))
#39 /Library/WebServer/Documents/projects/kontrol/vendor/laravel/framework/src/Illuminate/Pipeline/Pipeline.php(219): Illuminate\Cookie\Middleware\EncryptCookies->handle(Object(Illuminate\Http\Request), Object(Closure))
#40 /Library/WebServer/Documents/projects/kontrol/vendor/laravel/framework/src/Illuminate/Pipeline/Pipeline.php(137): Illuminate\Pipeline\Pipeline->{closure:{closure:Illuminate\Pipeline\Pipeline::carry():194}:195}(Object(Illuminate\Http\Request))
#41 /Library/WebServer/Documents/projects/kontrol/vendor/laravel/framework/src/Illuminate/Routing/Router.php(821): Illuminate\Pipeline\Pipeline->then(Object(Closure))
#42 /Library/WebServer/Documents/projects/kontrol/vendor/laravel/framework/src/Illuminate/Routing/Router.php(800): Illuminate\Routing\Router->runRouteWithinStack(Object(Illuminate\Routing\Route), Object(Illuminate\Http\Request))
#43 /Library/WebServer/Documents/projects/kontrol/vendor/laravel/framework/src/Illuminate/Routing/Router.php(764): Illuminate\Routing\Router->runRoute(Object(Illuminate\Http\Request), Object(Illuminate\Routing\Route))
#44 /Library/WebServer/Documents/projects/kontrol/vendor/laravel/framework/src/Illuminate/Routing/Router.php(753): Illuminate\Routing\Router->dispatchToRoute(Object(Illuminate\Http\Request))
#45 /Library/WebServer/Documents/projects/kontrol/vendor/laravel/framework/src/Illuminate/Foundation/Http/Kernel.php(200): Illuminate\Routing\Router->dispatch(Object(Illuminate\Http\Request))
#46 /Library/WebServer/Documents/projects/kontrol/vendor/laravel/framework/src/Illuminate/Pipeline/Pipeline.php(180): Illuminate\Foundation\Http\Kernel->{closure:Illuminate\Foundation\Http\Kernel::dispatchToRouter():197}(Object(Illuminate\Http\Request))
#47 /Library/WebServer/Documents/projects/kontrol/vendor/sentry/sentry-laravel/src/Sentry/Laravel/Http/FlushEventsMiddleware.php(13): Illuminate\Pipeline\Pipeline->{closure:Illuminate\Pipeline\Pipeline::prepareDestination():178}(Object(Illuminate\Http\Request))
#48 /Library/WebServer/Documents/projects/kontrol/vendor/laravel/framework/src/Illuminate/Pipeline/Pipeline.php(219): Sentry\Laravel\Http\FlushEventsMiddleware->handle(Object(Illuminate\Http\Request), Object(Closure))
#49 /Library/WebServer/Documents/projects/kontrol/vendor/sentry/sentry-laravel/src/Sentry/Laravel/Http/SetRequestIpMiddleware.php(45): Illuminate\Pipeline\Pipeline->{closure:{closure:Illuminate\Pipeline\Pipeline::carry():194}:195}(Object(Illuminate\Http\Request))
#50 /Library/WebServer/Documents/projects/kontrol/vendor/laravel/framework/src/Illuminate/Pipeline/Pipeline.php(219): Sentry\Laravel\Http\SetRequestIpMiddleware->handle(Object(Illuminate\Http\Request), Object(Closure))
#51 /Library/WebServer/Documents/projects/kontrol/vendor/sentry/sentry-laravel/src/Sentry/Laravel/Http/SetRequestMiddleware.php(31): Illuminate\Pipeline\Pipeline->{closure:{closure:Illuminate\Pipeline\Pipeline::carry():194}:195}(Object(Illuminate\Http\Request))
#52 /Library/WebServer/Documents/projects/kontrol/vendor/laravel/framework/src/Illuminate/Pipeline/Pipeline.php(219): Sentry\Laravel\Http\SetRequestMiddleware->handle(Object(Illuminate\Http\Request), Object(Closure))
#53 /Library/WebServer/Documents/projects/kontrol/vendor/laravel/framework/src/Illuminate/Foundation/Http/Middleware/TransformsRequest.php(21): Illuminate\Pipeline\Pipeline->{closure:{closure:Illuminate\Pipeline\Pipeline::carry():194}:195}(Object(Illuminate\Http\Request))
#54 /Library/WebServer/Documents/projects/kontrol/vendor/laravel/framework/src/Illuminate/Foundation/Http/Middleware/ConvertEmptyStringsToNull.php(31): Illuminate\Foundation\Http\Middleware\TransformsRequest->handle(Object(Illuminate\Http\Request), Object(Closure))
#55 /Library/WebServer/Documents/projects/kontrol/vendor/laravel/framework/src/Illuminate/Pipeline/Pipeline.php(219): Illuminate\Foundation\Http\Middleware\ConvertEmptyStringsToNull->handle(Object(Illuminate\Http\Request), Object(Closure))
#56 /Library/WebServer/Documents/projects/kontrol/vendor/laravel/framework/src/Illuminate/Foundation/Http/Middleware/TransformsRequest.php(21): Illuminate\Pipeline\Pipeline->{closure:{closure:Illuminate\Pipeline\Pipeline::carry():194}:195}(Object(Illuminate\Http\Request))
#57 /Library/WebServer/Documents/projects/kontrol/vendor/laravel/framework/src/Illuminate/Foundation/Http/Middleware/TrimStrings.php(51): Illuminate\Foundation\Http\Middleware\TransformsRequest->handle(Object(Illuminate\Http\Request), Object(Closure))
#58 /Library/WebServer/Documents/projects/kontrol/vendor/laravel/framework/src/Illuminate/Pipeline/Pipeline.php(219): Illuminate\Foundation\Http\Middleware\TrimStrings->handle(Object(Illuminate\Http\Request), Object(Closure))
#59 /Library/WebServer/Documents/projects/kontrol/vendor/laravel/framework/src/Illuminate/Http/Middleware/ValidatePostSize.php(27): Illuminate\Pipeline\Pipeline->{closure:{closure:Illuminate\Pipeline\Pipeline::carry():194}:195}(Object(Illuminate\Http\Request))
#60 /Library/WebServer/Documents/projects/kontrol/vendor/laravel/framework/src/Illuminate/Pipeline/Pipeline.php(219): Illuminate\Http\Middleware\ValidatePostSize->handle(Object(Illuminate\Http\Request), Object(Closure))
#61 /Library/WebServer/Documents/projects/kontrol/vendor/laravel/framework/src/Illuminate/Foundation/Http/Middleware/PreventRequestsDuringMaintenance.php(109): Illuminate\Pipeline\Pipeline->{closure:{closure:Illuminate\Pipeline\Pipeline::carry():194}:195}(Object(Illuminate\Http\Request))
#62 /Library/WebServer/Documents/projects/kontrol/vendor/laravel/framework/src/Illuminate/Pipeline/Pipeline.php(219): Illuminate\Foundation\Http\Middleware\PreventRequestsDuringMaintenance->handle(Object(Illuminate\Http\Request), Object(Closure))
#63 /Library/WebServer/Documents/projects/kontrol/vendor/laravel/framework/src/Illuminate/Http/Middleware/HandleCors.php(61): Illuminate\Pipeline\Pipeline->{closure:{closure:Illuminate\Pipeline\Pipeline::carry():194}:195}(Object(Illuminate\Http\Request))
#64 /Library/WebServer/Documents/projects/kontrol/vendor/laravel/framework/src/Illuminate/Pipeline/Pipeline.php(219): Illuminate\Http\Middleware\HandleCors->handle(Object(Illuminate\Http\Request), Object(Closure))
#65 /Library/WebServer/Documents/projects/kontrol/vendor/laravel/framework/src/Illuminate/Http/Middleware/TrustProxies.php(58): Illuminate\Pipeline\Pipeline->{closure:{closure:Illuminate\Pipeline\Pipeline::carry():194}:195}(Object(Illuminate\Http\Request))
#66 /Library/WebServer/Documents/projects/kontrol/vendor/laravel/framework/src/Illuminate/Pipeline/Pipeline.php(219): Illuminate\Http\Middleware\TrustProxies->handle(Object(Illuminate\Http\Request), Object(Closure))
#67 /Library/WebServer/Documents/projects/kontrol/vendor/laravel/framework/src/Illuminate/Foundation/Http/Middleware/InvokeDeferredCallbacks.php(22): Illuminate\Pipeline\Pipeline->{closure:{closure:Illuminate\Pipeline\Pipeline::carry():194}:195}(Object(Illuminate\Http\Request))
#68 /Library/WebServer/Documents/projects/kontrol/vendor/laravel/framework/src/Illuminate/Pipeline/Pipeline.php(219): Illuminate\Foundation\Http\Middleware\InvokeDeferredCallbacks->handle(Object(Illuminate\Http\Request), Object(Closure))
#69 /Library/WebServer/Documents/projects/kontrol/vendor/laravel/framework/src/Illuminate/Http/Middleware/ValidatePathEncoding.php(26): Illuminate\Pipeline\Pipeline->{closure:{closure:Illuminate\Pipeline\Pipeline::carry():194}:195}(Object(Illuminate\Http\Request))
#70 /Library/WebServer/Documents/projects/kontrol/vendor/laravel/framework/src/Illuminate/Pipeline/Pipeline.php(219): Illuminate\Http\Middleware\ValidatePathEncoding->handle(Object(Illuminate\Http\Request), Object(Closure))
#71 /Library/WebServer/Documents/projects/kontrol/vendor/sentry/sentry-laravel/src/Sentry/Laravel/Tracing/Middleware.php(79): Illuminate\Pipeline\Pipeline->{closure:{closure:Illuminate\Pipeline\Pipeline::carry():194}:195}(Object(Illuminate\Http\Request))
#72 /Library/WebServer/Documents/projects/kontrol/vendor/laravel/framework/src/Illuminate/Pipeline/Pipeline.php(219): Sentry\Laravel\Tracing\Middleware->handle(Object(Illuminate\Http\Request), Object(Closure))
#73 /Library/WebServer/Documents/projects/kontrol/vendor/laravel/framework/src/Illuminate/Pipeline/Pipeline.php(137): Illuminate\Pipeline\Pipeline->{closure:{closure:Illuminate\Pipeline\Pipeline::carry():194}:195}(Object(Illuminate\Http\Request))
#74 /Library/WebServer/Documents/projects/kontrol/vendor/laravel/framework/src/Illuminate/Foundation/Http/Kernel.php(175): Illuminate\Pipeline\Pipeline->then(Object(Closure))
#75 /Library/WebServer/Documents/projects/kontrol/vendor/laravel/framework/src/Illuminate/Foundation/Http/Kernel.php(144): Illuminate\Foundation\Http\Kernel->sendRequestThroughRouter(Object(Illuminate\Http\Request))
#76 /Library/WebServer/Documents/projects/kontrol/vendor/laravel/framework/src/Illuminate/Foundation/Testing/Concerns/MakesHttpRequests.php(607): Illuminate\Foundation\Http\Kernel->handle(Object(Illuminate\Http\Request))
#77 /Library/WebServer/Documents/projects/kontrol/vendor/laravel/framework/src/Illuminate/Foundation/Testing/Concerns/MakesHttpRequests.php(397): Illuminate\Foundation\Testing\TestCase->call('POST', 'http://kontrol....', Array, Array, Array, Array)
#78 /Library/WebServer/Documents/projects/kontrol/tests/Feature/CreateIncidentTest.php(29): Illuminate\Foundation\Testing\TestCase->post('http://kontrol....', Array)
#79 /Library/WebServer/Documents/projects/kontrol/vendor/pestphp/pest/src/Factories/TestCaseMethodFactory.php(177): P\Tests\Feature\CreateIncidentTest->{closure:/Library/WebServer/Documents/projects/kontrol/tests/Feature/CreateIncidentTest.php:19}()
#80 [internal function]: P\Tests\Feature\CreateIncidentTest->{closure:Pest\Factories\TestCaseMethodFactory::getClosure():167}()
#81 /Library/WebServer/Documents/projects/kontrol/vendor/pestphp/pest/src/Concerns/Testable.php(576): call_user_func_array(Object(Closure), Array)
#82 /Library/WebServer/Documents/projects/kontrol/vendor/pestphp/pest/src/Support/ExceptionTrace.php(26): P\Tests\Feature\CreateIncidentTest->{closure:Pest\Concerns\Testable::__callClosure():576}()
#83 /Library/WebServer/Documents/projects/kontrol/vendor/pestphp/pest/src/Concerns/Testable.php(576): Pest\Support\ExceptionTrace::ensure(Object(Closure))
#84 /Library/WebServer/Documents/projects/kontrol/vendor/pestphp/pest/src/Concerns/Testable.php(403): P\Tests\Feature\CreateIncidentTest->__callClosure(Object(Closure), Array)
#85 /Library/WebServer/Documents/projects/kontrol/vendor/pestphp/pest/src/Factories/TestCaseFactory.php(175) : eval()'d code(17): P\Tests\Feature\CreateIncidentTest->__runTest(Object(Closure))
#86 /Library/WebServer/Documents/projects/kontrol/vendor/phpunit/phpunit/src/Framework/TestCase.php(1310): P\Tests\Feature\CreateIncidentTest->__pest_evaluable_resident_can_view_incidents_feed_and_create_a_new_incident()
#87 /Library/WebServer/Documents/projects/kontrol/vendor/phpunit/phpunit/src/Framework/TestCase.php(1344): PHPUnit\Framework\TestCase->invokeTestMethod('__pest_evaluabl...', Array)
#88 /Library/WebServer/Documents/projects/kontrol/vendor/phpunit/phpunit/src/Framework/TestCase.php(520): PHPUnit\Framework\TestCase->runTest()
#89 /Library/WebServer/Documents/projects/kontrol/vendor/phpunit/phpunit/src/Framework/TestRunner/TestRunner.php(99): PHPUnit\Framework\TestCase->runBare()
#90 /Library/WebServer/Documents/projects/kontrol/vendor/phpunit/phpunit/src/Framework/TestCase.php(360): PHPUnit\Framework\TestRunner->run(Object(P\Tests\Feature\CreateIncidentTest))
#91 /Library/WebServer/Documents/projects/kontrol/vendor/phpunit/phpunit/src/Framework/TestSuite.php(374): PHPUnit\Framework\TestCase->run()
#92 /Library/WebServer/Documents/projects/kontrol/vendor/brianium/paratest/src/WrapperRunner/ApplicationForWrapperWorker.php(124): PHPUnit\Framework\TestSuite->run()
#93 /Library/WebServer/Documents/projects/kontrol/vendor/pestphp/pest/bin/worker.php(115): ParaTest\WrapperRunner\ApplicationForWrapperWorker->runTest('/Library/WebSer...')
#94 /Library/WebServer/Documents/projects/kontrol/vendor/pestphp/pest/bin/worker.php(120): {closure:/Library/WebServer/Documents/projects/kontrol/vendor/pestphp/pest/bin/worker.php:31}()
#95 {main}

----------------------------------------------------------------------------------

strtolower(): Argument #1 ($string) must be of type string, App\Enums\IncidentPriority given[39;22m

  at [32mtests/Feature/CreateIncidentTest.php[39m:[32m35[39m
     31▕             'body' => 'The street light on Road 2 has been broken for 3 days now.',
     32▕             'category' => 'lighting',
     33▕         ]);
     34▕ 
  ➜  35▕     $response->assertRedirect();
     36▕     $this->assertDatabaseHas('incidents', [
     37▕         'title' => 'Broken street light',
     38▕         'category' => 'lighting',
     39▕         'estate_id' => $estate->id,

  [31m────────────────────────────────────────────────────────────────────────────[39m  
  [41;1m FAILED [49;22m [1mTests\Feature\CreateIncidentTest[22m [90m>[39m property owner can report an i…   
[39;1m  Expected response status code [201, 301, 302, 303, 307, 308] but received 500.
Failed asserting that false is true.

The following exception occurred during the last request:

TypeError: strtolower(): Argument #1 ($string) must be of type string, App\Enums\IncidentPriority given in /Library/WebServer/Documents/projects/kontrol/app/Actions/Incidents/CreateIncidentAction.php:107
Stack trace:
#0 /Library/WebServer/Documents/projects/kontrol/app/Actions/Incidents/CreateIncidentAction.php(107): strtolower(App\Enums\IncidentPriority::Low)
#1 /Library/WebServer/Documents/projects/kontrol/vendor/laravel/framework/src/Illuminate/Database/Concerns/ManagesTransactions.php(35): App\Actions\Incidents\CreateIncidentAction->{closure:App\Actions\Incidents\CreateIncidentAction::execute():30}(Object(Illuminate\Database\SQLiteConnection))
#2 /Library/WebServer/Documents/projects/kontrol/vendor/laravel/framework/src/Illuminate/Database/DatabaseManager.php(491): Illuminate\Database\Connection->transaction(Object(Closure))
#3 /Library/WebServer/Documents/projects/kontrol/vendor/laravel/framework/src/Illuminate/Support/Facades/Facade.php(363): Illuminate\Database\DatabaseManager->__call('transaction', Array)
#4 /Library/WebServer/Documents/projects/kontrol/app/Actions/Incidents/CreateIncidentAction.php(30): Illuminate\Support\Facades\Facade::__callStatic('transaction', Array)
#5 /Library/WebServer/Documents/projects/kontrol/app/Http/Controllers/Resident/IncidentController.php(87): App\Actions\Incidents\CreateIncidentAction->execute(Array, Object(App\Models\Estate))
#6 /Library/WebServer/Documents/projects/kontrol/vendor/laravel/framework/src/Illuminate/Routing/ControllerDispatcher.php(46): App\Http\Controllers\Resident\IncidentController->store(Object(App\Http\Requests\Incidents\StoreIncidentRequest))
#7 /Library/WebServer/Documents/projects/kontrol/vendor/sentry/sentry-laravel/src/Sentry/Laravel/Tracing/Routing/TracingControllerDispatcherTracing.php(21): Illuminate\Routing\ControllerDispatcher->dispatch(Object(Illuminate\Routing\Route), Object(App\Http\Controllers\Resident\IncidentController), 'store')
#8 /Library/WebServer/Documents/projects/kontrol/vendor/sentry/sentry-laravel/src/Sentry/Laravel/Tracing/Routing/TracingRoutingDispatcher.php(35): Sentry\Laravel\Tracing\Routing\TracingControllerDispatcherTracing->{closure:Sentry\Laravel\Tracing\Routing\TracingControllerDispatcherTracing::dispatch():20}()
#9 /Library/WebServer/Documents/projects/kontrol/vendor/sentry/sentry-laravel/src/Sentry/Laravel/Tracing/Routing/TracingControllerDispatcherTracing.php(20): Sentry\Laravel\Tracing\Routing\TracingRoutingDispatcher->wrapRouteDispatch(Object(Closure), Object(Illuminate\Routing\Route))
#10 /Library/WebServer/Documents/projects/kontrol/vendor/laravel/framework/src/Illuminate/Routing/Route.php(265): Sentry\Laravel\Tracing\Routing\TracingControllerDispatcherTracing->dispatch(Object(Illuminate\Routing\Route), Object(App\Http\Controllers\Resident\IncidentController), 'store')
#11 /Library/WebServer/Documents/projects/kontrol/vendor/laravel/framework/src/Illuminate/Routing/Route.php(211): Illuminate\Routing\Route->runController()
#12 /Library/WebServer/Documents/projects/kontrol/vendor/laravel/framework/src/Illuminate/Routing/Router.php(822): Illuminate\Routing\Route->run()
#13 /Library/WebServer/Documents/projects/kontrol/vendor/laravel/framework/src/Illuminate/Pipeline/Pipeline.php(180): Illuminate\Routing\Router->{closure:Illuminate\Routing\Router::runRouteWithinStack():821}(Object(Illuminate\Http\Request))
#14 /Library/WebServer/Documents/projects/kontrol/app/Http/Middleware/EnsureResidentSubscriptionActive.php(27): Illuminate\Pipeline\Pipeline->{closure:Illuminate\Pipeline\Pipeline::prepareDestination():178}(Object(Illuminate\Http\Request))
#15 /Library/WebServer/Documents/projects/kontrol/vendor/laravel/framework/src/Illuminate/Pipeline/Pipeline.php(219): App\Http\Middleware\EnsureResidentSubscriptionActive->handle(Object(Illuminate\Http\Request), Object(Closure))
#16 /Library/WebServer/Documents/projects/kontrol/app/Http/Middleware/EnsureUserHasRole.php(71): Illuminate\Pipeline\Pipeline->{closure:{closure:Illuminate\Pipeline\Pipeline::carry():194}:195}(Object(Illuminate\Http\Request))
#17 /Library/WebServer/Documents/projects/kontrol/vendor/laravel/framework/src/Illuminate/Pipeline/Pipeline.php(219): App\Http\Middleware\EnsureUserHasRole->handle(Object(Illuminate\Http\Request), Object(Closure), 'resident', 'household_membe...', 'property_owner')
#18 /Library/WebServer/Documents/projects/kontrol/vendor/laravel/framework/src/Illuminate/Http/Middleware/AddLinkHeadersForPreloadedAssets.php(32): Illuminate\Pipeline\Pipeline->{closure:{closure:Illuminate\Pipeline\Pipeline::carry():194}:195}(Object(Illuminate\Http\Request))
#19 /Library/WebServer/Documents/projects/kontrol/vendor/laravel/framework/src/Illuminate/Pipeline/Pipeline.php(219): Illuminate\Http\Middleware\AddLinkHeadersForPreloadedAssets->handle(Object(Illuminate\Http\Request), Object(Closure))
#20 /Library/WebServer/Documents/projects/kontrol/vendor/inertiajs/inertia-laravel/src/Middleware.php(122): Illuminate\Pipeline\Pipeline->{closure:{closure:Illuminate\Pipeline\Pipeline::carry():194}:195}(Object(Illuminate\Http\Request))
#21 /Library/WebServer/Documents/projects/kontrol/vendor/laravel/framework/src/Illuminate/Pipeline/Pipeline.php(219): Inertia\Middleware->handle(Object(Illuminate\Http\Request), Object(Closure))
#22 /Library/WebServer/Documents/projects/kontrol/app/Http/Middleware/ResolveContext.php(28): Illuminate\Pipeline\Pipeline->{closure:{closure:Illuminate\Pipeline\Pipeline::carry():194}:195}(Object(Illuminate\Http\Request))
#23 /Library/WebServer/Documents/projects/kontrol/vendor/laravel/framework/src/Illuminate/Pipeline/Pipeline.php(219): App\Http\Middleware\ResolveContext->handle(Object(Illuminate\Http\Request), Object(Closure))
#24 /Library/WebServer/Documents/projects/kontrol/vendor/laravel/framework/src/Illuminate/Routing/Middleware/SubstituteBindings.php(50): Illuminate\Pipeline\Pipeline->{closure:{closure:Illuminate\Pipeline\Pipeline::carry():194}:195}(Object(Illuminate\Http\Request))
#25 /Library/WebServer/Documents/projects/kontrol/vendor/laravel/framework/src/Illuminate/Pipeline/Pipeline.php(219): Illuminate\Routing\Middleware\SubstituteBindings->handle(Object(Illuminate\Http\Request), Object(Closure))
#26 /Library/WebServer/Documents/projects/kontrol/vendor/laravel/framework/src/Illuminate/Session/Middleware/AuthenticateSession.php(70): Illuminate\Pipeline\Pipeline->{closure:{closure:Illuminate\Pipeline\Pipeline::carry():194}:195}(Object(Illuminate\Http\Request))
#27 /Library/WebServer/Documents/projects/kontrol/vendor/laravel/framework/src/Illuminate/Pipeline/Pipeline.php(219): Illuminate\Session\Middleware\AuthenticateSession->handle(Object(Illuminate\Http\Request), Object(Closure))
#28 /Library/WebServer/Documents/projects/kontrol/vendor/laravel/framework/src/Illuminate/Foundation/Http/Middleware/VerifyCsrfToken.php(87): Illuminate\Pipeline\Pipeline->{closure:{closure:Illuminate\Pipeline\Pipeline::carry():194}:195}(Object(Illuminate\Http\Request))
#29 /Library/WebServer/Documents/projects/kontrol/app/Http/Middleware/ValidateCsrfToken.php(24): Illuminate\Foundation\Http\Middleware\VerifyCsrfToken->handle(Object(Illuminate\Http\Request), Object(Closure))
#30 /Library/WebServer/Documents/projects/kontrol/vendor/laravel/framework/src/Illuminate/Pipeline/Pipeline.php(219): App\Http\Middleware\ValidateCsrfToken->handle(Object(Illuminate\Http\Request), Object(Closure))
#31 /Library/WebServer/Documents/projects/kontrol/vendor/laravel/framework/src/Illuminate/View/Middleware/ShareErrorsFromSession.php(48): Illuminate\Pipeline\Pipeline->{closure:{closure:Illuminate\Pipeline\Pipeline::carry():194}:195}(Object(Illuminate\Http\Request))
#32 /Library/WebServer/Documents/projects/kontrol/vendor/laravel/framework/src/Illuminate/Pipeline/Pipeline.php(219): Illuminate\View\Middleware\ShareErrorsFromSession->handle(Object(Illuminate\Http\Request), Object(Closure))
#33 /Library/WebServer/Documents/projects/kontrol/vendor/laravel/framework/src/Illuminate/Session/Middleware/StartSession.php(120): Illuminate\Pipeline\Pipeline->{closure:{closure:Illuminate\Pipeline\Pipeline::carry():194}:195}(Object(Illuminate\Http\Request))
#34 /Library/WebServer/Documents/projects/kontrol/vendor/laravel/framework/src/Illuminate/Session/Middleware/StartSession.php(63): Illuminate\Session\Middleware\StartSession->handleStatefulRequest(Object(Illuminate\Http\Request), Object(Illuminate\Session\Store), Object(Closure))
#35 /Library/WebServer/Documents/projects/kontrol/vendor/laravel/framework/src/Illuminate/Pipeline/Pipeline.php(219): Illuminate\Session\Middleware\StartSession->handle(Object(Illuminate\Http\Request), Object(Closure))
#36 /Library/WebServer/Documents/projects/kontrol/vendor/laravel/framework/src/Illuminate/Cookie/Middleware/AddQueuedCookiesToResponse.php(36): Illuminate\Pipeline\Pipeline->{closure:{closure:Illuminate\Pipeline\Pipeline::carry():194}:195}(Object(Illuminate\Http\Request))
#37 /Library/WebServer/Documents/projects/kontrol/vendor/laravel/framework/src/Illuminate/Pipeline/Pipeline.php(219): Illuminate\Cookie\Middleware\AddQueuedCookiesToResponse->handle(Object(Illuminate\Http\Request), Object(Closure))
#38 /Library/WebServer/Documents/projects/kontrol/vendor/laravel/framework/src/Illuminate/Cookie/Middleware/EncryptCookies.php(74): Illuminate\Pipeline\Pipeline->{closure:{closure:Illuminate\Pipeline\Pipeline::carry():194}:195}(Object(Illuminate\Http\Request))
#39 /Library/WebServer/Documents/projects/kontrol/vendor/laravel/framework/src/Illuminate/Pipeline/Pipeline.php(219): Illuminate\Cookie\Middleware\EncryptCookies->handle(Object(Illuminate\Http\Request), Object(Closure))
#40 /Library/WebServer/Documents/projects/kontrol/vendor/laravel/framework/src/Illuminate/Pipeline/Pipeline.php(137): Illuminate\Pipeline\Pipeline->{closure:{closure:Illuminate\Pipeline\Pipeline::carry():194}:195}(Object(Illuminate\Http\Request))
#41 /Library/WebServer/Documents/projects/kontrol/vendor/laravel/framework/src/Illuminate/Routing/Router.php(821): Illuminate\Pipeline\Pipeline->then(Object(Closure))
#42 /Library/WebServer/Documents/projects/kontrol/vendor/laravel/framework/src/Illuminate/Routing/Router.php(800): Illuminate\Routing\Router->runRouteWithinStack(Object(Illuminate\Routing\Route), Object(Illuminate\Http\Request))
#43 /Library/WebServer/Documents/projects/kontrol/vendor/laravel/framework/src/Illuminate/Routing/Router.php(764): Illuminate\Routing\Router->runRoute(Object(Illuminate\Http\Request), Object(Illuminate\Routing\Route))
#44 /Library/WebServer/Documents/projects/kontrol/vendor/laravel/framework/src/Illuminate/Routing/Router.php(753): Illuminate\Routing\Router->dispatchToRoute(Object(Illuminate\Http\Request))
#45 /Library/WebServer/Documents/projects/kontrol/vendor/laravel/framework/src/Illuminate/Foundation/Http/Kernel.php(200): Illuminate\Routing\Router->dispatch(Object(Illuminate\Http\Request))
#46 /Library/WebServer/Documents/projects/kontrol/vendor/laravel/framework/src/Illuminate/Pipeline/Pipeline.php(180): Illuminate\Foundation\Http\Kernel->{closure:Illuminate\Foundation\Http\Kernel::dispatchToRouter():197}(Object(Illuminate\Http\Request))
#47 /Library/WebServer/Documents/projects/kontrol/vendor/sentry/sentry-laravel/src/Sentry/Laravel/Http/FlushEventsMiddleware.php(13): Illuminate\Pipeline\Pipeline->{closure:Illuminate\Pipeline\Pipeline::prepareDestination():178}(Object(Illuminate\Http\Request))
#48 /Library/WebServer/Documents/projects/kontrol/vendor/laravel/framework/src/Illuminate/Pipeline/Pipeline.php(219): Sentry\Laravel\Http\FlushEventsMiddleware->handle(Object(Illuminate\Http\Request), Object(Closure))
#49 /Library/WebServer/Documents/projects/kontrol/vendor/sentry/sentry-laravel/src/Sentry/Laravel/Http/SetRequestIpMiddleware.php(45): Illuminate\Pipeline\Pipeline->{closure:{closure:Illuminate\Pipeline\Pipeline::carry():194}:195}(Object(Illuminate\Http\Request))
#50 /Library/WebServer/Documents/projects/kontrol/vendor/laravel/framework/src/Illuminate/Pipeline/Pipeline.php(219): Sentry\Laravel\Http\SetRequestIpMiddleware->handle(Object(Illuminate\Http\Request), Object(Closure))
#51 /Library/WebServer/Documents/projects/kontrol/vendor/sentry/sentry-laravel/src/Sentry/Laravel/Http/SetRequestMiddleware.php(31): Illuminate\Pipeline\Pipeline->{closure:{closure:Illuminate\Pipeline\Pipeline::carry():194}:195}(Object(Illuminate\Http\Request))
#52 /Library/WebServer/Documents/projects/kontrol/vendor/laravel/framework/src/Illuminate/Pipeline/Pipeline.php(219): Sentry\Laravel\Http\SetRequestMiddleware->handle(Object(Illuminate\Http\Request), Object(Closure))
#53 /Library/WebServer/Documents/projects/kontrol/vendor/laravel/framework/src/Illuminate/Foundation/Http/Middleware/TransformsRequest.php(21): Illuminate\Pipeline\Pipeline->{closure:{closure:Illuminate\Pipeline\Pipeline::carry():194}:195}(Object(Illuminate\Http\Request))
#54 /Library/WebServer/Documents/projects/kontrol/vendor/laravel/framework/src/Illuminate/Foundation/Http/Middleware/ConvertEmptyStringsToNull.php(31): Illuminate\Foundation\Http\Middleware\TransformsRequest->handle(Object(Illuminate\Http\Request), Object(Closure))
#55 /Library/WebServer/Documents/projects/kontrol/vendor/laravel/framework/src/Illuminate/Pipeline/Pipeline.php(219): Illuminate\Foundation\Http\Middleware\ConvertEmptyStringsToNull->handle(Object(Illuminate\Http\Request), Object(Closure))
#56 /Library/WebServer/Documents/projects/kontrol/vendor/laravel/framework/src/Illuminate/Foundation/Http/Middleware/TransformsRequest.php(21): Illuminate\Pipeline\Pipeline->{closure:{closure:Illuminate\Pipeline\Pipeline::carry():194}:195}(Object(Illuminate\Http\Request))
#57 /Library/WebServer/Documents/projects/kontrol/vendor/laravel/framework/src/Illuminate/Foundation/Http/Middleware/TrimStrings.php(51): Illuminate\Foundation\Http\Middleware\TransformsRequest->handle(Object(Illuminate\Http\Request), Object(Closure))
#58 /Library/WebServer/Documents/projects/kontrol/vendor/laravel/framework/src/Illuminate/Pipeline/Pipeline.php(219): Illuminate\Foundation\Http\Middleware\TrimStrings->handle(Object(Illuminate\Http\Request), Object(Closure))
#59 /Library/WebServer/Documents/projects/kontrol/vendor/laravel/framework/src/Illuminate/Http/Middleware/ValidatePostSize.php(27): Illuminate\Pipeline\Pipeline->{closure:{closure:Illuminate\Pipeline\Pipeline::carry():194}:195}(Object(Illuminate\Http\Request))
#60 /Library/WebServer/Documents/projects/kontrol/vendor/laravel/framework/src/Illuminate/Pipeline/Pipeline.php(219): Illuminate\Http\Middleware\ValidatePostSize->handle(Object(Illuminate\Http\Request), Object(Closure))
#61 /Library/WebServer/Documents/projects/kontrol/vendor/laravel/framework/src/Illuminate/Foundation/Http/Middleware/PreventRequestsDuringMaintenance.php(109): Illuminate\Pipeline\Pipeline->{closure:{closure:Illuminate\Pipeline\Pipeline::carry():194}:195}(Object(Illuminate\Http\Request))
#62 /Library/WebServer/Documents/projects/kontrol/vendor/laravel/framework/src/Illuminate/Pipeline/Pipeline.php(219): Illuminate\Foundation\Http\Middleware\PreventRequestsDuringMaintenance->handle(Object(Illuminate\Http\Request), Object(Closure))
#63 /Library/WebServer/Documents/projects/kontrol/vendor/laravel/framework/src/Illuminate/Http/Middleware/HandleCors.php(61): Illuminate\Pipeline\Pipeline->{closure:{closure:Illuminate\Pipeline\Pipeline::carry():194}:195}(Object(Illuminate\Http\Request))
#64 /Library/WebServer/Documents/projects/kontrol/vendor/laravel/framework/src/Illuminate/Pipeline/Pipeline.php(219): Illuminate\Http\Middleware\HandleCors->handle(Object(Illuminate\Http\Request), Object(Closure))
#65 /Library/WebServer/Documents/projects/kontrol/vendor/laravel/framework/src/Illuminate/Http/Middleware/TrustProxies.php(58): Illuminate\Pipeline\Pipeline->{closure:{closure:Illuminate\Pipeline\Pipeline::carry():194}:195}(Object(Illuminate\Http\Request))
#66 /Library/WebServer/Documents/projects/kontrol/vendor/laravel/framework/src/Illuminate/Pipeline/Pipeline.php(219): Illuminate\Http\Middleware\TrustProxies->handle(Object(Illuminate\Http\Request), Object(Closure))
#67 /Library/WebServer/Documents/projects/kontrol/vendor/laravel/framework/src/Illuminate/Foundation/Http/Middleware/InvokeDeferredCallbacks.php(22): Illuminate\Pipeline\Pipeline->{closure:{closure:Illuminate\Pipeline\Pipeline::carry():194}:195}(Object(Illuminate\Http\Request))
#68 /Library/WebServer/Documents/projects/kontrol/vendor/laravel/framework/src/Illuminate/Pipeline/Pipeline.php(219): Illuminate\Foundation\Http\Middleware\InvokeDeferredCallbacks->handle(Object(Illuminate\Http\Request), Object(Closure))
#69 /Library/WebServer/Documents/projects/kontrol/vendor/laravel/framework/src/Illuminate/Http/Middleware/ValidatePathEncoding.php(26): Illuminate\Pipeline\Pipeline->{closure:{closure:Illuminate\Pipeline\Pipeline::carry():194}:195}(Object(Illuminate\Http\Request))
#70 /Library/WebServer/Documents/projects/kontrol/vendor/laravel/framework/src/Illuminate/Pipeline/Pipeline.php(219): Illuminate\Http\Middleware\ValidatePathEncoding->handle(Object(Illuminate\Http\Request), Object(Closure))
#71 /Library/WebServer/Documents/projects/kontrol/vendor/sentry/sentry-laravel/src/Sentry/Laravel/Tracing/Middleware.php(79): Illuminate\Pipeline\Pipeline->{closure:{closure:Illuminate\Pipeline\Pipeline::carry():194}:195}(Object(Illuminate\Http\Request))
#72 /Library/WebServer/Documents/projects/kontrol/vendor/laravel/framework/src/Illuminate/Pipeline/Pipeline.php(219): Sentry\Laravel\Tracing\Middleware->handle(Object(Illuminate\Http\Request), Object(Closure))
#73 /Library/WebServer/Documents/projects/kontrol/vendor/laravel/framework/src/Illuminate/Pipeline/Pipeline.php(137): Illuminate\Pipeline\Pipeline->{closure:{closure:Illuminate\Pipeline\Pipeline::carry():194}:195}(Object(Illuminate\Http\Request))
#74 /Library/WebServer/Documents/projects/kontrol/vendor/laravel/framework/src/Illuminate/Foundation/Http/Kernel.php(175): Illuminate\Pipeline\Pipeline->then(Object(Closure))
#75 /Library/WebServer/Documents/projects/kontrol/vendor/laravel/framework/src/Illuminate/Foundation/Http/Kernel.php(144): Illuminate\Foundation\Http\Kernel->sendRequestThroughRouter(Object(Illuminate\Http\Request))
#76 /Library/WebServer/Documents/projects/kontrol/vendor/laravel/framework/src/Illuminate/Foundation/Testing/Concerns/MakesHttpRequests.php(607): Illuminate\Foundation\Http\Kernel->handle(Object(Illuminate\Http\Request))
#77 /Library/WebServer/Documents/projects/kontrol/vendor/laravel/framework/src/Illuminate/Foundation/Testing/Concerns/MakesHttpRequests.php(397): Illuminate\Foundation\Testing\TestCase->call('POST', 'http://kontrol....', Array, Array, Array, Array)
#78 /Library/WebServer/Documents/projects/kontrol/tests/Feature/CreateIncidentTest.php(55): Illuminate\Foundation\Testing\TestCase->post('http://kontrol....', Array)
#79 /Library/WebServer/Documents/projects/kontrol/vendor/pestphp/pest/src/Factories/TestCaseMethodFactory.php(177): P\Tests\Feature\CreateIncidentTest->{closure:/Library/WebServer/Documents/projects/kontrol/tests/Feature/CreateIncidentTest.php:45}()
#80 [internal function]: P\Tests\Feature\CreateIncidentTest->{closure:Pest\Factories\TestCaseMethodFactory::getClosure():167}()
#81 /Library/WebServer/Documents/projects/kontrol/vendor/pestphp/pest/src/Concerns/Testable.php(576): call_user_func_array(Object(Closure), Array)
#82 /Library/WebServer/Documents/projects/kontrol/vendor/pestphp/pest/src/Support/ExceptionTrace.php(26): P\Tests\Feature\CreateIncidentTest->{closure:Pest\Concerns\Testable::__callClosure():576}()
#83 /Library/WebServer/Documents/projects/kontrol/vendor/pestphp/pest/src/Concerns/Testable.php(576): Pest\Support\ExceptionTrace::ensure(Object(Closure))
#84 /Library/WebServer/Documents/projects/kontrol/vendor/pestphp/pest/src/Concerns/Testable.php(403): P\Tests\Feature\CreateIncidentTest->__callClosure(Object(Closure), Array)
#85 /Library/WebServer/Documents/projects/kontrol/vendor/pestphp/pest/src/Factories/TestCaseFactory.php(175) : eval()'d code(26): P\Tests\Feature\CreateIncidentTest->__runTest(Object(Closure))
#86 /Library/WebServer/Documents/projects/kontrol/vendor/phpunit/phpunit/src/Framework/TestCase.php(1310): P\Tests\Feature\CreateIncidentTest->__pest_evaluable_property_owner_can_report_an_incident()
#87 /Library/WebServer/Documents/projects/kontrol/vendor/phpunit/phpunit/src/Framework/TestCase.php(1344): PHPUnit\Framework\TestCase->invokeTestMethod('__pest_evaluabl...', Array)
#88 /Library/WebServer/Documents/projects/kontrol/vendor/phpunit/phpunit/src/Framework/TestCase.php(520): PHPUnit\Framework\TestCase->runTest()
#89 /Library/WebServer/Documents/projects/kontrol/vendor/phpunit/phpunit/src/Framework/TestRunner/TestRunner.php(99): PHPUnit\Framework\TestCase->runBare()
#90 /Library/WebServer/Documents/projects/kontrol/vendor/phpunit/phpunit/src/Framework/TestCase.php(360): PHPUnit\Framework\TestRunner->run(Object(P\Tests\Feature\CreateIncidentTest))
#91 /Library/WebServer/Documents/projects/kontrol/vendor/phpunit/phpunit/src/Framework/TestSuite.php(374): PHPUnit\Framework\TestCase->run()
#92 /Library/WebServer/Documents/projects/kontrol/vendor/brianium/paratest/src/WrapperRunner/ApplicationForWrapperWorker.php(124): PHPUnit\Framework\TestSuite->run()
#93 /Library/WebServer/Documents/projects/kontrol/vendor/pestphp/pest/bin/worker.php(115): ParaTest\WrapperRunner\ApplicationForWrapperWorker->runTest('/Library/WebSer...')
#94 /Library/WebServer/Documents/projects/kontrol/vendor/pestphp/pest/bin/worker.php(120): {closure:/Library/WebServer/Documents/projects/kontrol/vendor/pestphp/pest/bin/worker.php:31}()
#95 {main}

----------------------------------------------------------------------------------

strtolower(): Argument #1 ($string) must be of type string, App\Enums\IncidentPriority given[39;22m

  at [32mtests/Feature/CreateIncidentTest.php[39m:[32m61[39m
     57▕             'body' => 'Main water pipe burst near property 25 and is flooding the road.',
     58▕             'category' => 'water_plumbing',
     59▕         ]);
     60▕ 
  ➜  61▕     $response->assertRedirect();
     62▕     $this->assertDatabaseHas('incidents', [
     63▕         'title' => 'Water pipe burst',
     64▕         'category' => 'water_plumbing',
     65▕         'reporter_id' => $user->id,

  [31m────────────────────────────────────────────────────────────────────────────[39m  
  [41;1m FAILED [49;22m [1mTests\Feature\CreateIncidentTest[22m [90m>[39m household member cannot report…   
[39;1m  Expected response status code [403] but received 302.
Failed asserting that 302 is identical to 403.[39;22m

  at [32mtests/Feature/CreateIncidentTest.php[39m:[32m85[39m
     81▕             'body' => 'Loud party next door carrying on past 1 AM on a weekday.',
     82▕             'category' => 'noise_disturbance',
     83▕         ]);
     84▕ 
  ➜  85▕     $response->assertStatus(403);
     86▕ });
     87▕ 
     88▕ test('admin cannot report an incident via resident route', function () {
     89▕     $estate = Estate::factory()->create();

  [31m────────────────────────────────────────────────────────────────────────────[39m  
  [41;1m FAILED [49;22m [1mTests\Feature\CreateIncidentTest[22m [90m>[39m admin cannot report an inciden…   
[39;1m  Expected response status code [201, 301, 302, 303, 307, 308] but received 403.
Failed asserting that false is true.[39;22m

  at [32mtests/Feature/CreateIncidentTest.php[39m:[32m104[39m
    100▕             'body' => 'Very deep pothole developed right after the security gate.',
    101▕             'category' => 'road_infrastructure',
    102▕         ]);
    103▕ 
  ➜ 104▕     $response->assertRedirect();
    105▕ });
    106▕


  [90mTests:[39m    [31;1m41 failed[39;22m[90m,[39m[39m [39m[33;1m8 skipped[39;22m[90m,[39m[39m [39m[32;1m321 passed[39;22m[90m (2018 assertions)[39m
  [90mDuration:[39m [39m6.16s[39m

[1A  [90mParallel:[39m [39m14 processes[39m

